Startpoint: input_butterfly0_b0[9] (input port clocked by clk)
Endpoint: output_butterfly0_outA0[7] (output port clocked by clk)
Path Group: in2out
Path Type: max

  Delay    Time   Description
---------------------------------------------------------
   0.00    0.00   clock clk (rise edge)
   0.00    0.00   clock network delay (ideal)
   0.00    0.00 ^ input external delay
   0.00    0.00 ^ input_butterfly0_b0[9] (in)
   0.02    0.02 ^ _11563_/Z (BUF_X4)
   0.03    0.05 v _12027_/ZN (AOI22_X1)
   0.08    0.13 v _12068_/ZN (OR3_X1)
   0.04    0.17 v _12071_/ZN (AND3_X1)
   0.04    0.21 ^ _12078_/ZN (NOR2_X1)
   0.05    0.25 ^ _12157_/ZN (XNOR2_X1)
   0.06    0.31 ^ _12201_/Z (XOR2_X1)
   0.04    0.35 ^ _12202_/ZN (AND2_X1)
   0.06    0.41 ^ _12222_/Z (XOR2_X1)
   0.05    0.46 ^ _12266_/ZN (XNOR2_X1)
   0.06    0.53 ^ _12268_/Z (XOR2_X1)
   0.05    0.58 ^ _12309_/ZN (XNOR2_X1)
   0.05    0.63 ^ _12347_/ZN (XNOR2_X1)
   0.06    0.69 ^ _12348_/Z (XOR2_X1)
   0.06    0.75 ^ _12381_/Z (XOR2_X1)
   0.05    0.80 ^ _12489_/ZN (XNOR2_X1)
   0.03    0.83 v _12490_/ZN (OAI21_X1)
   0.05    0.88 ^ _12492_/ZN (AOI21_X1)
   0.02    0.91 v _12493_/ZN (OAI21_X2)
   0.05    0.95 ^ _12494_/ZN (AOI21_X1)
   0.03    0.98 v _12495_/ZN (OAI21_X1)
   0.05    1.03 ^ _12496_/ZN (AOI21_X1)
   0.03    1.05 v _12497_/ZN (OAI21_X1)
   0.05    1.10 ^ _12498_/ZN (AOI21_X1)
   0.03    1.13 v _12499_/ZN (OAI21_X1)
   0.05    1.18 ^ _12500_/ZN (AOI21_X1)
   0.03    1.21 v _14126_/ZN (OAI211_X1)
   0.04    1.26 v _14127_/ZN (AND3_X1)
   0.10    1.36 ^ _14128_/ZN (OAI33_X1)
   0.04    1.40 v _14129_/ZN (OAI21_X1)
   0.05    1.45 ^ _14130_/ZN (AOI21_X2)
   0.04    1.48 v _14131_/ZN (OAI211_X1)
   0.03    1.51 ^ _14150_/ZN (NAND4_X1)
   0.02    1.54 v _14152_/ZN (AOI21_X1)
   0.04    1.58 ^ _14153_/ZN (OAI21_X1)
   0.02    1.60 v _14156_/ZN (AOI21_X1)
   0.04    1.64 ^ _14759_/ZN (OAI21_X1)
   0.02    1.66 v _14761_/ZN (AOI21_X1)
   0.03    1.69 ^ _14762_/ZN (OAI21_X1)
   0.02    1.71 v _14763_/ZN (AOI21_X1)
   0.04    1.75 ^ _14764_/ZN (OAI21_X1)
   0.02    1.77 v _14765_/ZN (AOI21_X1)
   0.04    1.81 ^ _14766_/ZN (OAI21_X1)
   0.02    1.83 v _14767_/ZN (AOI21_X1)
   0.04    1.87 ^ _14768_/ZN (OAI21_X1)
   0.02    1.89 v _14795_/ZN (AOI21_X1)
   0.12    2.01 v _14796_/ZN (OR4_X1)
   0.04    2.04 ^ _14798_/ZN (AOI21_X2)
   0.05    2.09 v _14799_/ZN (NAND4_X2)
   0.12    2.22 v _14800_/ZN (OR4_X2)
   0.08    2.30 ^ _14801_/ZN (NOR4_X4)
   0.08    2.38 ^ _14802_/ZN (AND4_X1)
   0.05    2.43 ^ _14808_/ZN (XNOR2_X1)
   0.05    2.48 ^ _14828_/ZN (OR4_X1)
   0.02    2.49 v _14898_/ZN (NOR2_X1)
   0.08    2.58 ^ _14907_/ZN (AOI211_X1)
   0.06    2.64 v _14908_/ZN (NAND4_X1)
   0.07    2.71 ^ _14911_/ZN (NOR3_X1)
   0.07    2.78 v _14912_/Z (MUX2_X1)
   0.08    2.86 ^ _14927_/ZN (NOR4_X2)
   0.05    2.91 v _14931_/ZN (NAND3_X2)
   0.08    2.99 ^ _14944_/ZN (AOI211_X1)
   0.06    3.05 v _14945_/ZN (NAND4_X1)
   0.06    3.11 ^ _14946_/ZN (NOR3_X1)
   0.04    3.16 ^ _14947_/ZN (AND2_X1)
   0.04    3.20 ^ _14948_/ZN (XNOR2_X1)
   0.06    3.26 v _15006_/ZN (NAND4_X1)
   0.07    3.33 ^ _15020_/ZN (AOI211_X2)
   0.06    3.39 v _15021_/ZN (NAND4_X1)
   0.09    3.48 ^ _15022_/ZN (NOR4_X2)
   0.02    3.50 v _15027_/ZN (NOR3_X1)
   0.10    3.60 ^ _15028_/ZN (AOI211_X1)
   0.07    3.67 v _15046_/ZN (NAND4_X1)
   0.06    3.72 v _15072_/ZN (AND3_X1)
   0.04    3.76 ^ _15077_/ZN (NOR2_X2)
   0.05    3.80 v _15098_/ZN (OAI221_X1)
   0.10    3.90 ^ _15099_/ZN (NOR4_X2)
   0.07    3.97 v _15119_/ZN (NAND4_X1)
   0.06    4.03 v _15144_/ZN (AND4_X2)
   0.07    4.10 ^ _15168_/ZN (OAI21_X1)
   0.05    4.15 ^ _15169_/ZN (XNOR2_X1)
   0.03    4.18 v _15170_/ZN (NAND3_X1)
   0.11    4.30 v _15233_/ZN (OR4_X1)
   0.10    4.40 ^ _15239_/ZN (AOI211_X2)
   0.05    4.45 v _15261_/ZN (OAI211_X1)
   0.15    4.60 ^ _15262_/ZN (NOR4_X1)
   0.04    4.64 v _15263_/ZN (NAND3_X1)
   0.08    4.71 ^ _15264_/Z (XOR2_X1)
   0.06    4.78 v _15314_/ZN (NAND4_X2)
   0.05    4.83 ^ _15376_/ZN (AOI21_X1)
   0.03    4.86 v _15377_/ZN (XNOR2_X1)
   0.13    4.98 v _15378_/ZN (OR4_X1)
   0.09    5.07 ^ _15379_/ZN (NOR4_X2)
   0.08    5.15 ^ _15405_/ZN (AND4_X1)
   0.02    5.17 v _15406_/ZN (AOI22_X1)
   0.14    5.30 v _15407_/ZN (OR4_X1)
   0.10    5.41 ^ _15408_/ZN (NOR4_X1)
   0.02    5.43 v _15409_/ZN (NAND2_X1)
   0.07    5.50 ^ _15414_/ZN (XNOR2_X1)
   0.07    5.56 ^ _15457_/ZN (AND4_X2)
   0.03    5.59 ^ _15458_/Z (BUF_X4)
   0.03    5.62 v _15512_/ZN (OAI211_X2)
   0.11    5.73 ^ _15517_/ZN (OAI33_X1)
   0.06    5.79 ^ _15518_/ZN (XNOR2_X1)
   0.04    5.83 v _15526_/ZN (NAND4_X1)
   0.07    5.90 ^ _15534_/ZN (NOR3_X2)
   0.04    5.94 v _15545_/ZN (NAND3_X2)
   0.08    6.02 ^ _15596_/ZN (AOI211_X1)
   0.04    6.07 v _15600_/ZN (NAND3_X1)
   0.07    6.14 ^ _15601_/Z (XOR2_X1)
   0.07    6.21 ^ _15602_/ZN (AND4_X1)
   0.04    6.24 v _15616_/ZN (OAI211_X2)
   0.07    6.32 ^ _15647_/ZN (AOI22_X2)
   0.05    6.37 ^ _15681_/ZN (AND2_X1)
   0.05    6.42 ^ _15682_/ZN (XNOR2_X1)
   0.03    6.45 v _15683_/ZN (NAND2_X1)
   0.11    6.56 v _15689_/ZN (OR4_X2)
   0.08    6.64 ^ _15690_/ZN (NOR4_X2)
   0.03    6.67 v _15691_/ZN (AOI21_X2)
   0.11    6.79 v _15753_/ZN (OR4_X2)
   0.13    6.92 v _15771_/ZN (OR4_X1)
   0.05    6.97 v _15775_/ZN (XNOR2_X1)
   0.07    7.04 ^ _15780_/ZN (AOI211_X2)
   0.06    7.10 ^ _15800_/ZN (AND4_X2)
   0.03    7.14 v _15824_/ZN (OAI211_X1)
   0.13    7.27 v _15825_/ZN (OR4_X1)
   0.12    7.39 v _15826_/ZN (OR4_X1)
   0.03    7.42 ^ _15829_/ZN (OAI21_X1)
   0.04    7.46 ^ _15848_/ZN (OR3_X1)
   0.02    7.48 v _15849_/ZN (OAI21_X4)
   0.04    7.52 v _15868_/ZN (AND2_X1)
   0.06    7.58 v _15869_/Z (MUX2_X1)
   0.12    7.70 v _15873_/ZN (OR4_X1)
   0.11    7.80 v _15875_/ZN (OR4_X2)
   0.08    7.88 ^ _15886_/ZN (NOR3_X2)
   0.04    7.92 ^ _15923_/ZN (OR3_X2)
   0.02    7.94 v _15962_/ZN (AOI211_X2)
   0.04    7.98 ^ _15963_/ZN (NAND4_X1)
   0.07    8.05 v _15970_/Z (MUX2_X1)
   0.07    8.12 ^ _15975_/ZN (NOR4_X2)
   0.05    8.16 v _15976_/ZN (NAND4_X1)
   0.11    8.27 v _15985_/ZN (OR3_X1)
   0.06    8.33 ^ _16005_/ZN (AOI211_X2)
   0.08    8.41 ^ _16008_/ZN (AND4_X1)
   0.03    8.44 v _16013_/ZN (AOI221_X1)
   0.09    8.53 ^ _16014_/ZN (NOR4_X2)
   0.06    8.59 v _16029_/ZN (NAND4_X1)
   0.06    8.65 ^ _16055_/ZN (OAI21_X2)
   0.03    8.68 v _16093_/ZN (AOI21_X1)
   0.06    8.74 v _16094_/Z (XOR2_X1)
   0.12    8.86 v _16099_/ZN (OR4_X1)
   0.13    8.98 v _16105_/ZN (OR4_X1)
   0.05    9.04 ^ _16147_/ZN (OAI211_X1)
   0.03    9.07 v _16148_/ZN (OAI21_X1)
   0.05    9.11 v _16150_/ZN (AND3_X1)
   0.08    9.19 v _16203_/ZN (OR3_X1)
   0.11    9.30 ^ _16204_/ZN (NOR4_X1)
   0.08    9.38 ^ _16210_/ZN (AND4_X1)
   0.04    9.41 v _16211_/ZN (OAI211_X2)
   0.09    9.50 ^ _16212_/ZN (AOI211_X1)
   0.06    9.57 ^ _16222_/ZN (XNOR2_X1)
   0.04    9.61 v _16223_/ZN (NAND4_X1)
   0.09    9.69 ^ _16276_/ZN (NOR4_X1)
   0.07    9.77 ^ _16282_/ZN (AND4_X1)
   0.03    9.79 v _16283_/ZN (OAI21_X2)
   0.04    9.83 v _16286_/ZN (AND2_X1)
   0.07    9.90 ^ _16287_/ZN (NOR3_X1)
   0.06    9.96 ^ _16288_/ZN (XNOR2_X1)
   0.03    9.99 v _16350_/ZN (NAND3_X1)
   0.10   10.10 ^ _16351_/ZN (NOR4_X2)
   0.05   10.15 v _16357_/ZN (NAND4_X2)
   0.07   10.23 ^ _16362_/ZN (AOI211_X1)
   0.06   10.29 ^ _16363_/ZN (AND3_X1)
   0.02   10.31 v _16436_/ZN (AOI21_X1)
   0.08   10.38 ^ _16439_/ZN (NOR4_X1)
   0.05   10.44 v _16440_/ZN (OAI211_X1)
   0.06   10.49 ^ _16468_/ZN (AOI211_X2)
   0.06   10.55 v _16469_/ZN (NAND4_X1)
   0.10   10.65 ^ _16470_/ZN (NOR4_X2)
   0.05   10.70 ^ _16471_/ZN (AND2_X2)
   0.06   10.75 ^ _16474_/ZN (XNOR2_X1)
   0.02   10.77 v _16498_/ZN (NOR4_X4)
   0.08   10.85 ^ _16510_/ZN (NOR4_X2)
   0.05   10.90 v _16582_/ZN (OAI211_X1)
   0.07   10.97 ^ _16583_/ZN (NOR3_X1)
   0.05   11.02 ^ _16584_/ZN (AND2_X1)
   0.05   11.07 ^ _16585_/ZN (AND3_X1)
   0.04   11.10 ^ _16586_/ZN (AND2_X2)
   0.02   11.12 v _16587_/ZN (NAND2_X1)
   0.09   11.21 ^ _16588_/ZN (NOR3_X1)
   0.02   11.23 v _16589_/ZN (NAND2_X1)
   0.06   11.29 ^ _16590_/ZN (AOI22_X1)
   0.02   11.31 v _16593_/ZN (NOR2_X1)
   0.05   11.37 ^ _16596_/ZN (NOR2_X1)
   0.03   11.40 v _16708_/ZN (INV_X1)
   0.04   11.44 ^ _16741_/ZN (AOI21_X1)
   0.03   11.47 v _16742_/ZN (OAI21_X1)
   0.04   11.50 ^ _16743_/ZN (AOI21_X2)
   0.02   11.52 v _16744_/ZN (OAI21_X1)
   0.04   11.56 ^ _16745_/ZN (AOI21_X1)
   0.03   11.59 v _16746_/ZN (OAI21_X1)
   0.04   11.63 ^ _16747_/ZN (AOI21_X2)
   0.02   11.65 v _16753_/ZN (XNOR2_X1)
   0.06   11.71 v _16754_/ZN (OR2_X1)
   0.08   11.78 v _16787_/ZN (OR3_X2)
   0.06   11.85 ^ _16789_/ZN (NOR3_X2)
   0.03   11.88 v _16792_/ZN (NOR2_X1)
   0.04   11.92 v _16793_/Z (BUF_X2)
   0.08   12.00 ^ _16836_/ZN (NOR4_X1)
   0.01   12.01 v _16837_/ZN (OAI21_X1)
   0.00   12.01 v output_butterfly0_outA0[7] (out)
          12.01   data arrival time

   5.00    5.00   clock clk (rise edge)
   0.00    5.00   clock network delay (ideal)
   0.00    5.00   clock reconvergence pessimism
   0.00    5.00   output external delay
           5.00   data required time
---------------------------------------------------------
           5.00   data required time
         -12.01   data arrival time
---------------------------------------------------------
          -7.01   slack (VIOLATED)


Startpoint: input_butterfly0_b0[9] (input port clocked by clk)
Endpoint: output_butterfly0_outA0[16] (output port clocked by clk)
Path Group: in2out
Path Type: max

  Delay    Time   Description
---------------------------------------------------------
   0.00    0.00   clock clk (rise edge)
   0.00    0.00   clock network delay (ideal)
   0.00    0.00 ^ input external delay
   0.00    0.00 ^ input_butterfly0_b0[9] (in)
   0.02    0.02 ^ _11563_/Z (BUF_X4)
   0.03    0.05 v _12027_/ZN (AOI22_X1)
   0.08    0.13 v _12068_/ZN (OR3_X1)
   0.04    0.17 v _12071_/ZN (AND3_X1)
   0.04    0.21 ^ _12078_/ZN (NOR2_X1)
   0.05    0.25 ^ _12157_/ZN (XNOR2_X1)
   0.06    0.31 ^ _12201_/Z (XOR2_X1)
   0.04    0.35 ^ _12202_/ZN (AND2_X1)
   0.06    0.41 ^ _12222_/Z (XOR2_X1)
   0.05    0.46 ^ _12266_/ZN (XNOR2_X1)
   0.06    0.53 ^ _12268_/Z (XOR2_X1)
   0.05    0.58 ^ _12309_/ZN (XNOR2_X1)
   0.05    0.63 ^ _12347_/ZN (XNOR2_X1)
   0.06    0.69 ^ _12348_/Z (XOR2_X1)
   0.06    0.75 ^ _12381_/Z (XOR2_X1)
   0.05    0.80 ^ _12489_/ZN (XNOR2_X1)
   0.03    0.83 v _12490_/ZN (OAI21_X1)
   0.05    0.88 ^ _12492_/ZN (AOI21_X1)
   0.02    0.91 v _12493_/ZN (OAI21_X2)
   0.05    0.95 ^ _12494_/ZN (AOI21_X1)
   0.03    0.98 v _12495_/ZN (OAI21_X1)
   0.05    1.03 ^ _12496_/ZN (AOI21_X1)
   0.03    1.05 v _12497_/ZN (OAI21_X1)
   0.05    1.10 ^ _12498_/ZN (AOI21_X1)
   0.03    1.13 v _12499_/ZN (OAI21_X1)
   0.05    1.18 ^ _12500_/ZN (AOI21_X1)
   0.03    1.21 v _14126_/ZN (OAI211_X1)
   0.04    1.26 v _14127_/ZN (AND3_X1)
   0.10    1.36 ^ _14128_/ZN (OAI33_X1)
   0.04    1.40 v _14129_/ZN (OAI21_X1)
   0.05    1.45 ^ _14130_/ZN (AOI21_X2)
   0.04    1.48 v _14131_/ZN (OAI211_X1)
   0.03    1.51 ^ _14150_/ZN (NAND4_X1)
   0.02    1.54 v _14152_/ZN (AOI21_X1)
   0.04    1.58 ^ _14153_/ZN (OAI21_X1)
   0.02    1.60 v _14156_/ZN (AOI21_X1)
   0.04    1.64 ^ _14759_/ZN (OAI21_X1)
   0.02    1.66 v _14761_/ZN (AOI21_X1)
   0.03    1.69 ^ _14762_/ZN (OAI21_X1)
   0.02    1.71 v _14763_/ZN (AOI21_X1)
   0.04    1.75 ^ _14764_/ZN (OAI21_X1)
   0.02    1.77 v _14765_/ZN (AOI21_X1)
   0.04    1.81 ^ _14766_/ZN (OAI21_X1)
   0.02    1.83 v _14767_/ZN (AOI21_X1)
   0.04    1.87 ^ _14768_/ZN (OAI21_X1)
   0.02    1.89 v _14795_/ZN (AOI21_X1)
   0.12    2.01 v _14796_/ZN (OR4_X1)
   0.04    2.04 ^ _14798_/ZN (AOI21_X2)
   0.05    2.09 v _14799_/ZN (NAND4_X2)
   0.12    2.22 v _14800_/ZN (OR4_X2)
   0.08    2.30 ^ _14801_/ZN (NOR4_X4)
   0.08    2.38 ^ _14802_/ZN (AND4_X1)
   0.05    2.43 ^ _14808_/ZN (XNOR2_X1)
   0.05    2.48 ^ _14828_/ZN (OR4_X1)
   0.02    2.49 v _14898_/ZN (NOR2_X1)
   0.08    2.58 ^ _14907_/ZN (AOI211_X1)
   0.06    2.64 v _14908_/ZN (NAND4_X1)
   0.07    2.71 ^ _14911_/ZN (NOR3_X1)
   0.07    2.78 v _14912_/Z (MUX2_X1)
   0.08    2.86 ^ _14927_/ZN (NOR4_X2)
   0.05    2.91 v _14931_/ZN (NAND3_X2)
   0.08    2.99 ^ _14944_/ZN (AOI211_X1)
   0.06    3.05 v _14945_/ZN (NAND4_X1)
   0.06    3.11 ^ _14946_/ZN (NOR3_X1)
   0.04    3.16 ^ _14947_/ZN (AND2_X1)
   0.04    3.20 ^ _14948_/ZN (XNOR2_X1)
   0.06    3.26 v _15006_/ZN (NAND4_X1)
   0.07    3.33 ^ _15020_/ZN (AOI211_X2)
   0.06    3.39 v _15021_/ZN (NAND4_X1)
   0.09    3.48 ^ _15022_/ZN (NOR4_X2)
   0.02    3.50 v _15027_/ZN (NOR3_X1)
   0.10    3.60 ^ _15028_/ZN (AOI211_X1)
   0.07    3.67 v _15046_/ZN (NAND4_X1)
   0.06    3.72 v _15072_/ZN (AND3_X1)
   0.04    3.76 ^ _15077_/ZN (NOR2_X2)
   0.05    3.80 v _15098_/ZN (OAI221_X1)
   0.10    3.90 ^ _15099_/ZN (NOR4_X2)
   0.07    3.97 v _15119_/ZN (NAND4_X1)
   0.06    4.03 v _15144_/ZN (AND4_X2)
   0.07    4.10 ^ _15168_/ZN (OAI21_X1)
   0.05    4.15 ^ _15169_/ZN (XNOR2_X1)
   0.03    4.18 v _15170_/ZN (NAND3_X1)
   0.11    4.30 v _15233_/ZN (OR4_X1)
   0.10    4.40 ^ _15239_/ZN (AOI211_X2)
   0.05    4.45 v _15261_/ZN (OAI211_X1)
   0.15    4.60 ^ _15262_/ZN (NOR4_X1)
   0.04    4.64 v _15263_/ZN (NAND3_X1)
   0.08    4.71 ^ _15264_/Z (XOR2_X1)
   0.06    4.78 v _15314_/ZN (NAND4_X2)
   0.05    4.83 ^ _15376_/ZN (AOI21_X1)
   0.03    4.86 v _15377_/ZN (XNOR2_X1)
   0.13    4.98 v _15378_/ZN (OR4_X1)
   0.09    5.07 ^ _15379_/ZN (NOR4_X2)
   0.08    5.15 ^ _15405_/ZN (AND4_X1)
   0.02    5.17 v _15406_/ZN (AOI22_X1)
   0.14    5.30 v _15407_/ZN (OR4_X1)
   0.10    5.41 ^ _15408_/ZN (NOR4_X1)
   0.02    5.43 v _15409_/ZN (NAND2_X1)
   0.07    5.50 ^ _15414_/ZN (XNOR2_X1)
   0.07    5.56 ^ _15457_/ZN (AND4_X2)
   0.03    5.59 ^ _15458_/Z (BUF_X4)
   0.03    5.62 v _15512_/ZN (OAI211_X2)
   0.11    5.73 ^ _15517_/ZN (OAI33_X1)
   0.06    5.79 ^ _15518_/ZN (XNOR2_X1)
   0.04    5.83 v _15526_/ZN (NAND4_X1)
   0.07    5.90 ^ _15534_/ZN (NOR3_X2)
   0.04    5.94 v _15545_/ZN (NAND3_X2)
   0.08    6.02 ^ _15596_/ZN (AOI211_X1)
   0.04    6.07 v _15600_/ZN (NAND3_X1)
   0.07    6.14 ^ _15601_/Z (XOR2_X1)
   0.07    6.21 ^ _15602_/ZN (AND4_X1)
   0.04    6.24 v _15616_/ZN (OAI211_X2)
   0.07    6.32 ^ _15647_/ZN (AOI22_X2)
   0.05    6.37 ^ _15681_/ZN (AND2_X1)
   0.05    6.42 ^ _15682_/ZN (XNOR2_X1)
   0.03    6.45 v _15683_/ZN (NAND2_X1)
   0.11    6.56 v _15689_/ZN (OR4_X2)
   0.08    6.64 ^ _15690_/ZN (NOR4_X2)
   0.03    6.67 v _15691_/ZN (AOI21_X2)
   0.11    6.79 v _15753_/ZN (OR4_X2)
   0.13    6.92 v _15771_/ZN (OR4_X1)
   0.05    6.97 v _15775_/ZN (XNOR2_X1)
   0.07    7.04 ^ _15780_/ZN (AOI211_X2)
   0.06    7.10 ^ _15800_/ZN (AND4_X2)
   0.03    7.14 v _15824_/ZN (OAI211_X1)
   0.13    7.27 v _15825_/ZN (OR4_X1)
   0.12    7.39 v _15826_/ZN (OR4_X1)
   0.03    7.42 ^ _15829_/ZN (OAI21_X1)
   0.04    7.46 ^ _15848_/ZN (OR3_X1)
   0.02    7.48 v _15849_/ZN (OAI21_X4)
   0.04    7.52 v _15868_/ZN (AND2_X1)
   0.06    7.58 v _15869_/Z (MUX2_X1)
   0.12    7.70 v _15873_/ZN (OR4_X1)
   0.11    7.80 v _15875_/ZN (OR4_X2)
   0.08    7.88 ^ _15886_/ZN (NOR3_X2)
   0.04    7.92 ^ _15923_/ZN (OR3_X2)
   0.02    7.94 v _15962_/ZN (AOI211_X2)
   0.04    7.98 ^ _15963_/ZN (NAND4_X1)
   0.07    8.05 v _15970_/Z (MUX2_X1)
   0.07    8.12 ^ _15975_/ZN (NOR4_X2)
   0.05    8.16 v _15976_/ZN (NAND4_X1)
   0.11    8.27 v _15985_/ZN (OR3_X1)
   0.06    8.33 ^ _16005_/ZN (AOI211_X2)
   0.08    8.41 ^ _16008_/ZN (AND4_X1)
   0.03    8.44 v _16013_/ZN (AOI221_X1)
   0.09    8.53 ^ _16014_/ZN (NOR4_X2)
   0.06    8.59 v _16029_/ZN (NAND4_X1)
   0.06    8.65 ^ _16055_/ZN (OAI21_X2)
   0.03    8.68 v _16093_/ZN (AOI21_X1)
   0.06    8.74 v _16094_/Z (XOR2_X1)
   0.12    8.86 v _16099_/ZN (OR4_X1)
   0.13    8.98 v _16105_/ZN (OR4_X1)
   0.05    9.04 ^ _16147_/ZN (OAI211_X1)
   0.03    9.07 v _16148_/ZN (OAI21_X1)
   0.05    9.11 v _16150_/ZN (AND3_X1)
   0.08    9.19 v _16203_/ZN (OR3_X1)
   0.11    9.30 ^ _16204_/ZN (NOR4_X1)
   0.08    9.38 ^ _16210_/ZN (AND4_X1)
   0.04    9.41 v _16211_/ZN (OAI211_X2)
   0.09    9.50 ^ _16212_/ZN (AOI211_X1)
   0.06    9.57 ^ _16222_/ZN (XNOR2_X1)
   0.04    9.61 v _16223_/ZN (NAND4_X1)
   0.09    9.69 ^ _16276_/ZN (NOR4_X1)
   0.07    9.77 ^ _16282_/ZN (AND4_X1)
   0.03    9.79 v _16283_/ZN (OAI21_X2)
   0.04    9.83 v _16286_/ZN (AND2_X1)
   0.07    9.90 ^ _16287_/ZN (NOR3_X1)
   0.06    9.96 ^ _16288_/ZN (XNOR2_X1)
   0.03    9.99 v _16350_/ZN (NAND3_X1)
   0.10   10.10 ^ _16351_/ZN (NOR4_X2)
   0.05   10.15 v _16357_/ZN (NAND4_X2)
   0.07   10.23 ^ _16362_/ZN (AOI211_X1)
   0.06   10.29 ^ _16363_/ZN (AND3_X1)
   0.02   10.31 v _16436_/ZN (AOI21_X1)
   0.08   10.38 ^ _16439_/ZN (NOR4_X1)
   0.05   10.44 v _16440_/ZN (OAI211_X1)
   0.06   10.49 ^ _16468_/ZN (AOI211_X2)
   0.06   10.55 v _16469_/ZN (NAND4_X1)
   0.10   10.65 ^ _16470_/ZN (NOR4_X2)
   0.05   10.70 ^ _16471_/ZN (AND2_X2)
   0.06   10.75 ^ _16474_/ZN (XNOR2_X1)
   0.02   10.77 v _16498_/ZN (NOR4_X4)
   0.08   10.85 ^ _16510_/ZN (NOR4_X2)
   0.05   10.90 v _16582_/ZN (OAI211_X1)
   0.07   10.97 ^ _16583_/ZN (NOR3_X1)
   0.05   11.02 ^ _16584_/ZN (AND2_X1)
   0.05   11.07 ^ _16585_/ZN (AND3_X1)
   0.04   11.10 ^ _16586_/ZN (AND2_X2)
   0.02   11.12 v _16587_/ZN (NAND2_X1)
   0.09   11.21 ^ _16588_/ZN (NOR3_X1)
   0.02   11.23 v _16589_/ZN (NAND2_X1)
   0.06   11.29 ^ _16590_/ZN (AOI22_X1)
   0.02   11.31 v _16593_/ZN (NOR2_X1)
   0.05   11.37 ^ _16596_/ZN (NOR2_X1)
   0.03   11.40 v _16708_/ZN (INV_X1)
   0.04   11.44 ^ _16741_/ZN (AOI21_X1)
   0.03   11.47 v _16742_/ZN (OAI21_X1)
   0.04   11.50 ^ _16743_/ZN (AOI21_X2)
   0.02   11.52 v _16744_/ZN (OAI21_X1)
   0.04   11.56 ^ _16745_/ZN (AOI21_X1)
   0.03   11.59 v _16746_/ZN (OAI21_X1)
   0.04   11.63 ^ _16747_/ZN (AOI21_X2)
   0.02   11.65 v _16753_/ZN (XNOR2_X1)
   0.06   11.71 v _16754_/ZN (OR2_X1)
   0.08   11.78 v _16787_/ZN (OR3_X2)
   0.08   11.86 v _16795_/ZN (OR3_X2)
   0.06   11.92 ^ _16815_/ZN (AOI211_X2)
   0.05   11.97 ^ _16818_/ZN (AND3_X2)
   0.04   12.00 ^ _16819_/Z (XOR2_X1)
   0.00   12.00 ^ output_butterfly0_outA0[16] (out)
          12.00   data arrival time

   5.00    5.00   clock clk (rise edge)
   0.00    5.00   clock network delay (ideal)
   0.00    5.00   clock reconvergence pessimism
   0.00    5.00   output external delay
           5.00   data required time
---------------------------------------------------------
           5.00   data required time
         -12.00   data arrival time
---------------------------------------------------------
          -7.00   slack (VIOLATED)


Startpoint: input_butterfly1_zeta1[4] (input port clocked by clk)
Endpoint: output_butterfly1_outA1[12] (output port clocked by clk)
Path Group: in2out
Path Type: max

  Delay    Time   Description
---------------------------------------------------------
   0.00    0.00   clock clk (rise edge)
   0.00    0.00   clock network delay (ideal)
   0.00    0.00 v input external delay
   0.00    0.00 v input_butterfly1_zeta1[4] (in)
   0.03    0.03 v _17098_/Z (BUF_X8)
   0.01    0.04 ^ _17280_/ZN (NAND2_X4)
   0.05    0.09 ^ _17281_/Z (XOR2_X2)
   0.03    0.12 v _17345_/ZN (NAND3_X1)
   0.02    0.14 ^ _17347_/ZN (OAI21_X2)
   0.07    0.22 ^ _17352_/Z (XOR2_X1)
   0.05    0.26 ^ _17353_/ZN (XNOR2_X2)
   0.05    0.31 ^ _17354_/ZN (XNOR2_X1)
   0.06    0.37 ^ _17355_/Z (XOR2_X1)
   0.05    0.42 ^ _17356_/ZN (XNOR2_X1)
   0.06    0.48 ^ _17357_/Z (XOR2_X1)
   0.06    0.54 ^ _17358_/Z (XOR2_X1)
   0.06    0.61 ^ _17359_/Z (XOR2_X1)
   0.05    0.66 ^ _17360_/ZN (XNOR2_X1)
   0.05    0.71 ^ _17361_/ZN (XNOR2_X1)
   0.05    0.76 ^ _17362_/ZN (XNOR2_X1)
   0.05    0.81 ^ _17363_/ZN (XNOR2_X1)
   0.05    0.86 ^ _17502_/ZN (XNOR2_X1)
   0.06    0.91 ^ _17503_/ZN (XNOR2_X1)
   0.02    0.93 v _17726_/ZN (AOI21_X2)
   0.06    0.99 ^ _18238_/ZN (OAI21_X1)
   0.02    1.01 v _18239_/ZN (AOI21_X2)
   0.04    1.05 ^ _18240_/ZN (OAI21_X2)
   0.02    1.07 v _18241_/ZN (AOI21_X2)
   0.05    1.13 ^ _18242_/ZN (OAI21_X1)
   0.03    1.16 v _20405_/ZN (AOI21_X2)
   0.04    1.19 ^ _20406_/ZN (OAI211_X4)
   0.03    1.23 v _20413_/ZN (NAND4_X4)
   0.03    1.25 ^ _20417_/ZN (AOI21_X4)
   0.04    1.29 v _20418_/ZN (OAI33_X1)
   0.05    1.34 ^ _20419_/ZN (OAI211_X1)
   0.04    1.38 v _20423_/ZN (NAND4_X1)
   0.04    1.41 ^ _20429_/ZN (AOI21_X1)
   0.02    1.43 v _20430_/ZN (NOR3_X1)
   0.11    1.54 ^ _20431_/ZN (OAI33_X1)
   0.03    1.57 v _20434_/ZN (AOI21_X2)
   0.05    1.62 ^ _20435_/ZN (OAI211_X2)
   0.04    1.66 ^ _20436_/ZN (AND3_X4)
   0.01    1.67 v _20438_/ZN (OAI21_X2)
   0.04    1.71 ^ _20439_/ZN (AOI21_X1)
   0.02    1.73 v _20440_/ZN (NOR3_X1)
   0.10    1.83 ^ _20441_/ZN (OAI33_X1)
   0.03    1.86 v _20442_/ZN (AOI21_X1)
   0.07    1.93 ^ _20443_/ZN (OAI21_X1)
   0.07    2.00 ^ _20466_/Z (XOR2_X1)
   0.04    2.04 v _20531_/ZN (NAND4_X1)
   0.05    2.09 ^ _20532_/ZN (NOR2_X2)
   0.05    2.14 v _20540_/ZN (NAND4_X1)
   0.09    2.23 ^ _20541_/ZN (NOR4_X2)
   0.06    2.29 ^ _20546_/ZN (XNOR2_X1)
   0.04    2.33 ^ _20567_/ZN (OR3_X2)
   0.04    2.37 v _20585_/ZN (OAI211_X2)
   0.09    2.46 v _20587_/ZN (OR3_X2)
   0.11    2.57 v _20588_/ZN (OR4_X2)
   0.04    2.60 ^ _20589_/ZN (AOI21_X2)
   0.05    2.66 ^ _20602_/ZN (AND3_X1)
   0.03    2.69 v _20627_/ZN (OAI211_X2)
   0.10    2.79 ^ _20677_/ZN (AOI221_X4)
   0.05    2.83 v _20678_/ZN (NAND4_X1)
   0.10    2.93 ^ _20679_/ZN (OAI33_X1)
   0.03    2.96 v _20680_/ZN (XNOR2_X1)
   0.11    3.07 v _20691_/ZN (OR4_X1)
   0.09    3.16 ^ _20703_/ZN (AOI211_X2)
   0.03    3.19 v _20704_/ZN (AOI21_X4)
   0.03    3.22 v _20705_/Z (BUF_X8)
   0.11    3.33 ^ _20746_/ZN (OAI33_X1)
   0.03    3.36 v _20759_/Z (XOR2_X1)
   0.07    3.42 ^ _20767_/ZN (NOR4_X2)
   0.04    3.46 v _20775_/ZN (NAND4_X1)
   0.12    3.58 ^ _20776_/ZN (AOI211_X4)
   0.03    3.61 v _20781_/ZN (OAI211_X2)
   0.05    3.66 v _20837_/ZN (XNOR2_X1)
   0.09    3.75 v _20838_/ZN (OR3_X1)
   0.08    3.82 ^ _20844_/ZN (NOR4_X2)
   0.06    3.88 ^ _20845_/ZN (AND3_X2)
   0.06    3.95 ^ _20852_/ZN (AND4_X4)
   0.03    3.98 v _20858_/ZN (OAI211_X2)
   0.12    4.09 ^ _20915_/ZN (NOR4_X1)
   0.03    4.12 v _20916_/Z (XOR2_X1)
   0.09    4.21 ^ _20917_/ZN (NOR4_X2)
   0.06    4.27 ^ _20930_/ZN (AND3_X2)
   0.03    4.30 v _20934_/ZN (OAI211_X2)
   0.11    4.41 ^ _20987_/ZN (NOR4_X1)
   0.03    4.44 v _20988_/ZN (AOI22_X1)
   0.04    4.49 ^ _20989_/Z (XOR2_X1)
   0.06    4.54 v _20998_/ZN (NAND4_X1)
   0.07    4.62 ^ _21003_/ZN (NOR4_X4)
   0.05    4.67 v _21008_/ZN (OAI211_X1)
   0.06    4.72 v _21012_/ZN (OR2_X1)
   0.09    4.82 ^ _21013_/ZN (AOI211_X4)
   0.03    4.85 v _21035_/ZN (NAND4_X1)
   0.12    4.97 ^ _21080_/ZN (AOI211_X4)
   0.03    5.00 v _21152_/ZN (OAI22_X1)
   0.04    5.04 v _21153_/ZN (XNOR2_X1)
   0.08    5.13 ^ _21154_/ZN (NOR4_X1)
   0.07    5.20 ^ _21155_/ZN (AND4_X1)
   0.05    5.25 ^ _21161_/ZN (AND4_X2)
   0.02    5.28 v _21163_/ZN (AOI21_X2)
   0.09    5.37 ^ _21185_/ZN (NOR4_X4)
   0.05    5.41 v _21186_/ZN (NAND4_X2)
   0.09    5.50 ^ _21187_/ZN (NOR4_X1)
   0.07    5.57 ^ _21188_/Z (XOR2_X1)
   0.05    5.62 v _21196_/ZN (NAND4_X2)
   0.10    5.73 v _21236_/ZN (OR4_X4)
   0.05    5.78 ^ _21290_/ZN (AOI211_X2)
   0.08    5.86 ^ _21300_/Z (XOR2_X1)
   0.03    5.89 v _21301_/ZN (NAND3_X1)
   0.11    5.99 v _21308_/ZN (OR4_X4)
   0.11    6.10 v _21316_/ZN (OR4_X4)
   0.07    6.17 ^ _21363_/ZN (AOI211_X1)
   0.02    6.19 v _21364_/ZN (NAND2_X1)
   0.06    6.25 v _21365_/ZN (XNOR2_X1)
   0.09    6.34 v _21369_/ZN (OR3_X1)
   0.12    6.46 v _21396_/ZN (OR4_X1)
   0.05    6.51 ^ _21397_/ZN (AOI21_X2)
   0.04    6.55 ^ _21428_/ZN (OR3_X2)
   0.08    6.63 v _21429_/Z (MUX2_X2)
   0.06    6.69 v _21430_/ZN (OR2_X1)
   0.08    6.77 ^ _21434_/ZN (NOR4_X4)
   0.05    6.82 ^ _21459_/ZN (OR4_X2)
   0.02    6.84 v _21473_/ZN (NAND2_X1)
   0.07    6.91 v _21474_/Z (XOR2_X1)
   0.08    7.00 v _21524_/ZN (OR3_X1)
   0.11    7.10 v _21525_/ZN (OR4_X2)
   0.10    7.20 ^ _21526_/ZN (NOR4_X1)
   0.03    7.23 v _21527_/ZN (AOI211_X2)
   0.05    7.29 ^ _21532_/ZN (OAI211_X2)
   0.06    7.35 v _21550_/Z (MUX2_X1)
   0.11    7.46 ^ _21554_/ZN (NOR4_X1)
   0.07    7.53 v _21603_/ZN (NAND4_X1)
   0.09    7.62 ^ _21604_/ZN (NOR4_X4)
   0.04    7.66 v _21670_/ZN (AOI221_X1)
   0.05    7.71 v _21673_/ZN (AND2_X1)
   0.09    7.80 v _21674_/ZN (OR3_X1)
   0.05    7.85 ^ _21677_/ZN (NOR3_X1)
   0.04    7.89 v _21681_/ZN (NAND3_X1)
   0.13    8.01 v _21695_/ZN (OR4_X2)
   0.07    8.08 ^ _21700_/ZN (AOI211_X2)
   0.05    8.13 v _21701_/ZN (NAND4_X2)
   0.07    8.20 ^ _21704_/Z (XOR2_X1)
   0.07    8.27 v _21716_/ZN (NAND4_X1)
   0.08    8.35 ^ _21722_/ZN (NOR4_X4)
   0.07    8.42 ^ _21767_/ZN (AND4_X4)
   0.02    8.44 v _21768_/ZN (OAI21_X2)
   0.05    8.49 v _21791_/ZN (XNOR2_X1)
   0.08    8.57 ^ _21794_/ZN (NOR3_X1)
   0.04    8.62 v _21795_/ZN (NAND4_X4)
   0.11    8.72 v _21817_/ZN (OR4_X2)
   0.03    8.75 ^ _21829_/ZN (NAND4_X4)
   0.03    8.79 v _21834_/ZN (AOI211_X1)
   0.05    8.83 v _21894_/ZN (AND2_X1)
   0.06    8.90 ^ _21897_/ZN (AOI211_X1)
   0.05    8.95 ^ _21900_/ZN (AND3_X1)
   0.05    9.00 ^ _21901_/ZN (AND3_X2)
   0.03    9.02 v _21903_/ZN (AOI22_X4)
   0.10    9.12 ^ _21919_/ZN (NOR4_X4)
   0.05    9.17 v _21920_/ZN (NAND4_X2)
   0.09    9.26 v _21921_/ZN (OR3_X2)
   0.09    9.35 ^ _21922_/ZN (NOR4_X2)
   0.06    9.41 ^ _21923_/Z (XOR2_X1)
   0.04    9.45 v _21952_/ZN (OAI211_X1)
   0.09    9.54 v _21967_/ZN (OR4_X4)
   0.04    9.58 ^ _21981_/ZN (AOI21_X1)
   0.03    9.61 v _21982_/ZN (XNOR2_X1)
   0.12    9.73 v _22034_/ZN (OR4_X1)
   0.08    9.81 v _22035_/ZN (OR3_X2)
   0.08    9.89 ^ _22038_/ZN (NOR4_X4)
   0.05    9.95 ^ _22039_/ZN (AND3_X2)
   0.02    9.97 v _22044_/ZN (OAI211_X2)
   0.11   10.08 ^ _22047_/ZN (NOR4_X1)
   0.03   10.10 v _22048_/ZN (NAND2_X1)
   0.08   10.18 ^ _22101_/Z (XOR2_X1)
   0.04   10.22 v _22105_/ZN (OAI211_X4)
   0.07   10.30 ^ _22140_/ZN (AOI211_X2)
   0.05   10.35 v _22141_/ZN (NAND4_X2)
   0.09   10.44 ^ _22142_/ZN (NOR4_X2)
   0.06   10.50 ^ _22143_/ZN (AND3_X1)
   0.06   10.56 ^ _22144_/Z (XOR2_X2)
   0.05   10.61 ^ _22183_/ZN (AND3_X2)
   0.02   10.63 v _22185_/ZN (AOI21_X4)
   0.08   10.71 ^ _22330_/ZN (NOR4_X4)
   0.06   10.77 ^ _22331_/ZN (XNOR2_X1)
   0.07   10.84 ^ _22334_/ZN (XNOR2_X1)
   0.03   10.87 v _22391_/ZN (INV_X1)
   0.04   10.91 ^ _22400_/ZN (AOI21_X4)
   0.02   10.93 v _22401_/ZN (OAI21_X4)
   0.03   10.97 ^ _22402_/ZN (AOI21_X4)
   0.02   10.99 v _22403_/ZN (OAI21_X1)
   0.04   11.03 ^ _22404_/ZN (AOI21_X2)
   0.02   11.05 v _22405_/ZN (OAI21_X2)
   0.04   11.09 ^ _22406_/ZN (AOI21_X1)
   0.02   11.11 v _22407_/ZN (OAI21_X2)
   0.04   11.15 ^ _22408_/ZN (AOI21_X2)
   0.02   11.17 v _22409_/ZN (OAI21_X2)
   0.06   11.24 ^ _22410_/ZN (AOI22_X1)
   0.03   11.26 v _22411_/ZN (OAI21_X1)
   0.04   11.31 ^ _22412_/ZN (AOI21_X1)
   0.02   11.33 v _22413_/ZN (OAI21_X1)
   0.04   11.37 ^ _22414_/ZN (AOI21_X1)
   0.02   11.39 v _22427_/ZN (NOR3_X1)
   0.05   11.44 ^ _22430_/ZN (NOR3_X2)
   0.02   11.46 v _22476_/ZN (NAND2_X1)
   0.11   11.57 v _22477_/ZN (OR4_X2)
   0.05   11.62 ^ _22478_/ZN (NOR3_X2)
   0.06   11.68 v _22479_/ZN (AOI221_X4)
   0.12   11.80 v _22502_/ZN (OR4_X2)
   0.08   11.89 ^ _22503_/ZN (NOR4_X4)
   0.03   11.91 v _22504_/ZN (NAND2_X1)
   0.04   11.96 ^ _22505_/ZN (NOR2_X1)
   0.04   12.00 ^ _22506_/Z (XOR2_X2)
   0.00   12.00 ^ output_butterfly1_outA1[12] (out)
          12.00   data arrival time

   5.00    5.00   clock clk (rise edge)
   0.00    5.00   clock network delay (ideal)
   0.00    5.00   clock reconvergence pessimism
   0.00    5.00   output external delay
           5.00   data required time
---------------------------------------------------------
           5.00   data required time
         -12.00   data arrival time
---------------------------------------------------------
          -7.00   slack (VIOLATED)


Startpoint: input_butterfly0_b0[9] (input port clocked by clk)
Endpoint: output_butterfly0_outA0[13] (output port clocked by clk)
Path Group: in2out
Path Type: max

  Delay    Time   Description
---------------------------------------------------------
   0.00    0.00   clock clk (rise edge)
   0.00    0.00   clock network delay (ideal)
   0.00    0.00 ^ input external delay
   0.00    0.00 ^ input_butterfly0_b0[9] (in)
   0.02    0.02 ^ _11563_/Z (BUF_X4)
   0.03    0.05 v _12027_/ZN (AOI22_X1)
   0.08    0.13 v _12068_/ZN (OR3_X1)
   0.04    0.17 v _12071_/ZN (AND3_X1)
   0.04    0.21 ^ _12078_/ZN (NOR2_X1)
   0.05    0.25 ^ _12157_/ZN (XNOR2_X1)
   0.06    0.31 ^ _12201_/Z (XOR2_X1)
   0.04    0.35 ^ _12202_/ZN (AND2_X1)
   0.06    0.41 ^ _12222_/Z (XOR2_X1)
   0.05    0.46 ^ _12266_/ZN (XNOR2_X1)
   0.06    0.53 ^ _12268_/Z (XOR2_X1)
   0.05    0.58 ^ _12309_/ZN (XNOR2_X1)
   0.05    0.63 ^ _12347_/ZN (XNOR2_X1)
   0.06    0.69 ^ _12348_/Z (XOR2_X1)
   0.06    0.75 ^ _12381_/Z (XOR2_X1)
   0.05    0.80 ^ _12489_/ZN (XNOR2_X1)
   0.03    0.83 v _12490_/ZN (OAI21_X1)
   0.05    0.88 ^ _12492_/ZN (AOI21_X1)
   0.02    0.91 v _12493_/ZN (OAI21_X2)
   0.05    0.95 ^ _12494_/ZN (AOI21_X1)
   0.03    0.98 v _12495_/ZN (OAI21_X1)
   0.05    1.03 ^ _12496_/ZN (AOI21_X1)
   0.03    1.05 v _12497_/ZN (OAI21_X1)
   0.05    1.10 ^ _12498_/ZN (AOI21_X1)
   0.03    1.13 v _12499_/ZN (OAI21_X1)
   0.05    1.18 ^ _12500_/ZN (AOI21_X1)
   0.03    1.21 v _14126_/ZN (OAI211_X1)
   0.04    1.26 v _14127_/ZN (AND3_X1)
   0.10    1.36 ^ _14128_/ZN (OAI33_X1)
   0.04    1.40 v _14129_/ZN (OAI21_X1)
   0.05    1.45 ^ _14130_/ZN (AOI21_X2)
   0.04    1.48 v _14131_/ZN (OAI211_X1)
   0.03    1.51 ^ _14150_/ZN (NAND4_X1)
   0.02    1.54 v _14152_/ZN (AOI21_X1)
   0.04    1.58 ^ _14153_/ZN (OAI21_X1)
   0.02    1.60 v _14156_/ZN (AOI21_X1)
   0.04    1.64 ^ _14759_/ZN (OAI21_X1)
   0.02    1.66 v _14761_/ZN (AOI21_X1)
   0.03    1.69 ^ _14762_/ZN (OAI21_X1)
   0.02    1.71 v _14763_/ZN (AOI21_X1)
   0.04    1.75 ^ _14764_/ZN (OAI21_X1)
   0.02    1.77 v _14765_/ZN (AOI21_X1)
   0.04    1.81 ^ _14766_/ZN (OAI21_X1)
   0.02    1.83 v _14767_/ZN (AOI21_X1)
   0.04    1.87 ^ _14768_/ZN (OAI21_X1)
   0.02    1.89 v _14795_/ZN (AOI21_X1)
   0.12    2.01 v _14796_/ZN (OR4_X1)
   0.04    2.04 ^ _14798_/ZN (AOI21_X2)
   0.05    2.09 v _14799_/ZN (NAND4_X2)
   0.12    2.22 v _14800_/ZN (OR4_X2)
   0.08    2.30 ^ _14801_/ZN (NOR4_X4)
   0.08    2.38 ^ _14802_/ZN (AND4_X1)
   0.05    2.43 ^ _14808_/ZN (XNOR2_X1)
   0.05    2.48 ^ _14828_/ZN (OR4_X1)
   0.02    2.49 v _14898_/ZN (NOR2_X1)
   0.08    2.58 ^ _14907_/ZN (AOI211_X1)
   0.06    2.64 v _14908_/ZN (NAND4_X1)
   0.07    2.71 ^ _14911_/ZN (NOR3_X1)
   0.07    2.78 v _14912_/Z (MUX2_X1)
   0.08    2.86 ^ _14927_/ZN (NOR4_X2)
   0.05    2.91 v _14931_/ZN (NAND3_X2)
   0.08    2.99 ^ _14944_/ZN (AOI211_X1)
   0.06    3.05 v _14945_/ZN (NAND4_X1)
   0.06    3.11 ^ _14946_/ZN (NOR3_X1)
   0.04    3.16 ^ _14947_/ZN (AND2_X1)
   0.04    3.20 ^ _14948_/ZN (XNOR2_X1)
   0.06    3.26 v _15006_/ZN (NAND4_X1)
   0.07    3.33 ^ _15020_/ZN (AOI211_X2)
   0.06    3.39 v _15021_/ZN (NAND4_X1)
   0.09    3.48 ^ _15022_/ZN (NOR4_X2)
   0.02    3.50 v _15027_/ZN (NOR3_X1)
   0.10    3.60 ^ _15028_/ZN (AOI211_X1)
   0.07    3.67 v _15046_/ZN (NAND4_X1)
   0.06    3.72 v _15072_/ZN (AND3_X1)
   0.04    3.76 ^ _15077_/ZN (NOR2_X2)
   0.05    3.80 v _15098_/ZN (OAI221_X1)
   0.10    3.90 ^ _15099_/ZN (NOR4_X2)
   0.07    3.97 v _15119_/ZN (NAND4_X1)
   0.06    4.03 v _15144_/ZN (AND4_X2)
   0.07    4.10 ^ _15168_/ZN (OAI21_X1)
   0.05    4.15 ^ _15169_/ZN (XNOR2_X1)
   0.03    4.18 v _15170_/ZN (NAND3_X1)
   0.11    4.30 v _15233_/ZN (OR4_X1)
   0.10    4.40 ^ _15239_/ZN (AOI211_X2)
   0.05    4.45 v _15261_/ZN (OAI211_X1)
   0.15    4.60 ^ _15262_/ZN (NOR4_X1)
   0.04    4.64 v _15263_/ZN (NAND3_X1)
   0.08    4.71 ^ _15264_/Z (XOR2_X1)
   0.06    4.78 v _15314_/ZN (NAND4_X2)
   0.05    4.83 ^ _15376_/ZN (AOI21_X1)
   0.03    4.86 v _15377_/ZN (XNOR2_X1)
   0.13    4.98 v _15378_/ZN (OR4_X1)
   0.09    5.07 ^ _15379_/ZN (NOR4_X2)
   0.08    5.15 ^ _15405_/ZN (AND4_X1)
   0.02    5.17 v _15406_/ZN (AOI22_X1)
   0.14    5.30 v _15407_/ZN (OR4_X1)
   0.10    5.41 ^ _15408_/ZN (NOR4_X1)
   0.02    5.43 v _15409_/ZN (NAND2_X1)
   0.07    5.50 ^ _15414_/ZN (XNOR2_X1)
   0.07    5.56 ^ _15457_/ZN (AND4_X2)
   0.03    5.59 ^ _15458_/Z (BUF_X4)
   0.03    5.62 v _15512_/ZN (OAI211_X2)
   0.11    5.73 ^ _15517_/ZN (OAI33_X1)
   0.06    5.79 ^ _15518_/ZN (XNOR2_X1)
   0.04    5.83 v _15526_/ZN (NAND4_X1)
   0.07    5.90 ^ _15534_/ZN (NOR3_X2)
   0.04    5.94 v _15545_/ZN (NAND3_X2)
   0.08    6.02 ^ _15596_/ZN (AOI211_X1)
   0.04    6.07 v _15600_/ZN (NAND3_X1)
   0.07    6.14 ^ _15601_/Z (XOR2_X1)
   0.07    6.21 ^ _15602_/ZN (AND4_X1)
   0.04    6.24 v _15616_/ZN (OAI211_X2)
   0.07    6.32 ^ _15647_/ZN (AOI22_X2)
   0.05    6.37 ^ _15681_/ZN (AND2_X1)
   0.05    6.42 ^ _15682_/ZN (XNOR2_X1)
   0.03    6.45 v _15683_/ZN (NAND2_X1)
   0.11    6.56 v _15689_/ZN (OR4_X2)
   0.08    6.64 ^ _15690_/ZN (NOR4_X2)
   0.03    6.67 v _15691_/ZN (AOI21_X2)
   0.11    6.79 v _15753_/ZN (OR4_X2)
   0.13    6.92 v _15771_/ZN (OR4_X1)
   0.05    6.97 v _15775_/ZN (XNOR2_X1)
   0.07    7.04 ^ _15780_/ZN (AOI211_X2)
   0.06    7.10 ^ _15800_/ZN (AND4_X2)
   0.03    7.14 v _15824_/ZN (OAI211_X1)
   0.13    7.27 v _15825_/ZN (OR4_X1)
   0.12    7.39 v _15826_/ZN (OR4_X1)
   0.03    7.42 ^ _15829_/ZN (OAI21_X1)
   0.04    7.46 ^ _15848_/ZN (OR3_X1)
   0.02    7.48 v _15849_/ZN (OAI21_X4)
   0.04    7.52 v _15868_/ZN (AND2_X1)
   0.06    7.58 v _15869_/Z (MUX2_X1)
   0.12    7.70 v _15873_/ZN (OR4_X1)
   0.11    7.80 v _15875_/ZN (OR4_X2)
   0.08    7.88 ^ _15886_/ZN (NOR3_X2)
   0.04    7.92 ^ _15923_/ZN (OR3_X2)
   0.02    7.94 v _15962_/ZN (AOI211_X2)
   0.04    7.98 ^ _15963_/ZN (NAND4_X1)
   0.07    8.05 v _15970_/Z (MUX2_X1)
   0.07    8.12 ^ _15975_/ZN (NOR4_X2)
   0.05    8.16 v _15976_/ZN (NAND4_X1)
   0.11    8.27 v _15985_/ZN (OR3_X1)
   0.06    8.33 ^ _16005_/ZN (AOI211_X2)
   0.08    8.41 ^ _16008_/ZN (AND4_X1)
   0.03    8.44 v _16013_/ZN (AOI221_X1)
   0.09    8.53 ^ _16014_/ZN (NOR4_X2)
   0.06    8.59 v _16029_/ZN (NAND4_X1)
   0.06    8.65 ^ _16055_/ZN (OAI21_X2)
   0.03    8.68 v _16093_/ZN (AOI21_X1)
   0.06    8.74 v _16094_/Z (XOR2_X1)
   0.12    8.86 v _16099_/ZN (OR4_X1)
   0.13    8.98 v _16105_/ZN (OR4_X1)
   0.05    9.04 ^ _16147_/ZN (OAI211_X1)
   0.03    9.07 v _16148_/ZN (OAI21_X1)
   0.05    9.11 v _16150_/ZN (AND3_X1)
   0.08    9.19 v _16203_/ZN (OR3_X1)
   0.11    9.30 ^ _16204_/ZN (NOR4_X1)
   0.08    9.38 ^ _16210_/ZN (AND4_X1)
   0.04    9.41 v _16211_/ZN (OAI211_X2)
   0.09    9.50 ^ _16212_/ZN (AOI211_X1)
   0.06    9.57 ^ _16222_/ZN (XNOR2_X1)
   0.04    9.61 v _16223_/ZN (NAND4_X1)
   0.09    9.69 ^ _16276_/ZN (NOR4_X1)
   0.07    9.77 ^ _16282_/ZN (AND4_X1)
   0.03    9.79 v _16283_/ZN (OAI21_X2)
   0.04    9.83 v _16286_/ZN (AND2_X1)
   0.07    9.90 ^ _16287_/ZN (NOR3_X1)
   0.06    9.96 ^ _16288_/ZN (XNOR2_X1)
   0.03    9.99 v _16350_/ZN (NAND3_X1)
   0.10   10.10 ^ _16351_/ZN (NOR4_X2)
   0.05   10.15 v _16357_/ZN (NAND4_X2)
   0.07   10.23 ^ _16362_/ZN (AOI211_X1)
   0.06   10.29 ^ _16363_/ZN (AND3_X1)
   0.02   10.31 v _16436_/ZN (AOI21_X1)
   0.08   10.38 ^ _16439_/ZN (NOR4_X1)
   0.05   10.44 v _16440_/ZN (OAI211_X1)
   0.06   10.49 ^ _16468_/ZN (AOI211_X2)
   0.06   10.55 v _16469_/ZN (NAND4_X1)
   0.10   10.65 ^ _16470_/ZN (NOR4_X2)
   0.05   10.70 ^ _16471_/ZN (AND2_X2)
   0.06   10.75 ^ _16474_/ZN (XNOR2_X1)
   0.02   10.77 v _16498_/ZN (NOR4_X4)
   0.08   10.85 ^ _16510_/ZN (NOR4_X2)
   0.05   10.90 v _16582_/ZN (OAI211_X1)
   0.07   10.97 ^ _16583_/ZN (NOR3_X1)
   0.05   11.02 ^ _16584_/ZN (AND2_X1)
   0.05   11.07 ^ _16585_/ZN (AND3_X1)
   0.04   11.10 ^ _16586_/ZN (AND2_X2)
   0.02   11.12 v _16587_/ZN (NAND2_X1)
   0.09   11.21 ^ _16588_/ZN (NOR3_X1)
   0.02   11.23 v _16589_/ZN (NAND2_X1)
   0.06   11.29 ^ _16590_/ZN (AOI22_X1)
   0.02   11.31 v _16593_/ZN (NOR2_X1)
   0.05   11.37 ^ _16596_/ZN (NOR2_X1)
   0.03   11.40 v _16708_/ZN (INV_X1)
   0.04   11.44 ^ _16741_/ZN (AOI21_X1)
   0.03   11.47 v _16742_/ZN (OAI21_X1)
   0.04   11.50 ^ _16743_/ZN (AOI21_X2)
   0.02   11.52 v _16744_/ZN (OAI21_X1)
   0.04   11.56 ^ _16745_/ZN (AOI21_X1)
   0.03   11.59 v _16746_/ZN (OAI21_X1)
   0.04   11.63 ^ _16747_/ZN (AOI21_X2)
   0.02   11.65 v _16753_/ZN (XNOR2_X1)
   0.06   11.71 v _16754_/ZN (OR2_X1)
   0.08   11.78 v _16787_/ZN (OR3_X2)
   0.06   11.85 ^ _16789_/ZN (NOR3_X2)
   0.03   11.88 v _16792_/ZN (NOR2_X1)
   0.04   11.92 v _16793_/Z (BUF_X2)
   0.03   11.95 ^ _16823_/ZN (NOR2_X1)
   0.04   11.99 ^ _16824_/ZN (XNOR2_X1)
   0.00   11.99 ^ output_butterfly0_outA0[13] (out)
          11.99   data arrival time

   5.00    5.00   clock clk (rise edge)
   0.00    5.00   clock network delay (ideal)
   0.00    5.00   clock reconvergence pessimism
   0.00    5.00   output external delay
           5.00   data required time
---------------------------------------------------------
           5.00   data required time
         -11.99   data arrival time
---------------------------------------------------------
          -6.99   slack (VIOLATED)


Startpoint: input_butterfly0_b0[9] (input port clocked by clk)
Endpoint: output_butterfly0_outA0[22] (output port clocked by clk)
Path Group: in2out
Path Type: max

  Delay    Time   Description
---------------------------------------------------------
   0.00    0.00   clock clk (rise edge)
   0.00    0.00   clock network delay (ideal)
   0.00    0.00 ^ input external delay
   0.00    0.00 ^ input_butterfly0_b0[9] (in)
   0.02    0.02 ^ _11563_/Z (BUF_X4)
   0.03    0.05 v _12027_/ZN (AOI22_X1)
   0.08    0.13 v _12068_/ZN (OR3_X1)
   0.04    0.17 v _12071_/ZN (AND3_X1)
   0.04    0.21 ^ _12078_/ZN (NOR2_X1)
   0.05    0.25 ^ _12157_/ZN (XNOR2_X1)
   0.06    0.31 ^ _12201_/Z (XOR2_X1)
   0.04    0.35 ^ _12202_/ZN (AND2_X1)
   0.06    0.41 ^ _12222_/Z (XOR2_X1)
   0.05    0.46 ^ _12266_/ZN (XNOR2_X1)
   0.06    0.53 ^ _12268_/Z (XOR2_X1)
   0.05    0.58 ^ _12309_/ZN (XNOR2_X1)
   0.05    0.63 ^ _12347_/ZN (XNOR2_X1)
   0.06    0.69 ^ _12348_/Z (XOR2_X1)
   0.06    0.75 ^ _12381_/Z (XOR2_X1)
   0.05    0.80 ^ _12489_/ZN (XNOR2_X1)
   0.03    0.83 v _12490_/ZN (OAI21_X1)
   0.05    0.88 ^ _12492_/ZN (AOI21_X1)
   0.02    0.91 v _12493_/ZN (OAI21_X2)
   0.05    0.95 ^ _12494_/ZN (AOI21_X1)
   0.03    0.98 v _12495_/ZN (OAI21_X1)
   0.05    1.03 ^ _12496_/ZN (AOI21_X1)
   0.03    1.05 v _12497_/ZN (OAI21_X1)
   0.05    1.10 ^ _12498_/ZN (AOI21_X1)
   0.03    1.13 v _12499_/ZN (OAI21_X1)
   0.05    1.18 ^ _12500_/ZN (AOI21_X1)
   0.03    1.21 v _14126_/ZN (OAI211_X1)
   0.04    1.26 v _14127_/ZN (AND3_X1)
   0.10    1.36 ^ _14128_/ZN (OAI33_X1)
   0.04    1.40 v _14129_/ZN (OAI21_X1)
   0.05    1.45 ^ _14130_/ZN (AOI21_X2)
   0.04    1.48 v _14131_/ZN (OAI211_X1)
   0.03    1.51 ^ _14150_/ZN (NAND4_X1)
   0.02    1.54 v _14152_/ZN (AOI21_X1)
   0.04    1.58 ^ _14153_/ZN (OAI21_X1)
   0.02    1.60 v _14156_/ZN (AOI21_X1)
   0.04    1.64 ^ _14759_/ZN (OAI21_X1)
   0.02    1.66 v _14761_/ZN (AOI21_X1)
   0.03    1.69 ^ _14762_/ZN (OAI21_X1)
   0.02    1.71 v _14763_/ZN (AOI21_X1)
   0.04    1.75 ^ _14764_/ZN (OAI21_X1)
   0.02    1.77 v _14765_/ZN (AOI21_X1)
   0.04    1.81 ^ _14766_/ZN (OAI21_X1)
   0.02    1.83 v _14767_/ZN (AOI21_X1)
   0.04    1.87 ^ _14768_/ZN (OAI21_X1)
   0.02    1.89 v _14795_/ZN (AOI21_X1)
   0.12    2.01 v _14796_/ZN (OR4_X1)
   0.04    2.04 ^ _14798_/ZN (AOI21_X2)
   0.05    2.09 v _14799_/ZN (NAND4_X2)
   0.12    2.22 v _14800_/ZN (OR4_X2)
   0.08    2.30 ^ _14801_/ZN (NOR4_X4)
   0.08    2.38 ^ _14802_/ZN (AND4_X1)
   0.05    2.43 ^ _14808_/ZN (XNOR2_X1)
   0.05    2.48 ^ _14828_/ZN (OR4_X1)
   0.02    2.49 v _14898_/ZN (NOR2_X1)
   0.08    2.58 ^ _14907_/ZN (AOI211_X1)
   0.06    2.64 v _14908_/ZN (NAND4_X1)
   0.07    2.71 ^ _14911_/ZN (NOR3_X1)
   0.07    2.78 v _14912_/Z (MUX2_X1)
   0.08    2.86 ^ _14927_/ZN (NOR4_X2)
   0.05    2.91 v _14931_/ZN (NAND3_X2)
   0.08    2.99 ^ _14944_/ZN (AOI211_X1)
   0.06    3.05 v _14945_/ZN (NAND4_X1)
   0.06    3.11 ^ _14946_/ZN (NOR3_X1)
   0.04    3.16 ^ _14947_/ZN (AND2_X1)
   0.04    3.20 ^ _14948_/ZN (XNOR2_X1)
   0.06    3.26 v _15006_/ZN (NAND4_X1)
   0.07    3.33 ^ _15020_/ZN (AOI211_X2)
   0.06    3.39 v _15021_/ZN (NAND4_X1)
   0.09    3.48 ^ _15022_/ZN (NOR4_X2)
   0.02    3.50 v _15027_/ZN (NOR3_X1)
   0.10    3.60 ^ _15028_/ZN (AOI211_X1)
   0.07    3.67 v _15046_/ZN (NAND4_X1)
   0.06    3.72 v _15072_/ZN (AND3_X1)
   0.04    3.76 ^ _15077_/ZN (NOR2_X2)
   0.05    3.80 v _15098_/ZN (OAI221_X1)
   0.10    3.90 ^ _15099_/ZN (NOR4_X2)
   0.07    3.97 v _15119_/ZN (NAND4_X1)
   0.06    4.03 v _15144_/ZN (AND4_X2)
   0.07    4.10 ^ _15168_/ZN (OAI21_X1)
   0.05    4.15 ^ _15169_/ZN (XNOR2_X1)
   0.03    4.18 v _15170_/ZN (NAND3_X1)
   0.11    4.30 v _15233_/ZN (OR4_X1)
   0.10    4.40 ^ _15239_/ZN (AOI211_X2)
   0.05    4.45 v _15261_/ZN (OAI211_X1)
   0.15    4.60 ^ _15262_/ZN (NOR4_X1)
   0.04    4.64 v _15263_/ZN (NAND3_X1)
   0.08    4.71 ^ _15264_/Z (XOR2_X1)
   0.06    4.78 v _15314_/ZN (NAND4_X2)
   0.05    4.83 ^ _15376_/ZN (AOI21_X1)
   0.03    4.86 v _15377_/ZN (XNOR2_X1)
   0.13    4.98 v _15378_/ZN (OR4_X1)
   0.09    5.07 ^ _15379_/ZN (NOR4_X2)
   0.08    5.15 ^ _15405_/ZN (AND4_X1)
   0.02    5.17 v _15406_/ZN (AOI22_X1)
   0.14    5.30 v _15407_/ZN (OR4_X1)
   0.10    5.41 ^ _15408_/ZN (NOR4_X1)
   0.02    5.43 v _15409_/ZN (NAND2_X1)
   0.07    5.50 ^ _15414_/ZN (XNOR2_X1)
   0.07    5.56 ^ _15457_/ZN (AND4_X2)
   0.03    5.59 ^ _15458_/Z (BUF_X4)
   0.03    5.62 v _15512_/ZN (OAI211_X2)
   0.11    5.73 ^ _15517_/ZN (OAI33_X1)
   0.06    5.79 ^ _15518_/ZN (XNOR2_X1)
   0.04    5.83 v _15526_/ZN (NAND4_X1)
   0.07    5.90 ^ _15534_/ZN (NOR3_X2)
   0.04    5.94 v _15545_/ZN (NAND3_X2)
   0.08    6.02 ^ _15596_/ZN (AOI211_X1)
   0.04    6.07 v _15600_/ZN (NAND3_X1)
   0.07    6.14 ^ _15601_/Z (XOR2_X1)
   0.07    6.21 ^ _15602_/ZN (AND4_X1)
   0.04    6.24 v _15616_/ZN (OAI211_X2)
   0.07    6.32 ^ _15647_/ZN (AOI22_X2)
   0.05    6.37 ^ _15681_/ZN (AND2_X1)
   0.05    6.42 ^ _15682_/ZN (XNOR2_X1)
   0.03    6.45 v _15683_/ZN (NAND2_X1)
   0.11    6.56 v _15689_/ZN (OR4_X2)
   0.08    6.64 ^ _15690_/ZN (NOR4_X2)
   0.03    6.67 v _15691_/ZN (AOI21_X2)
   0.11    6.79 v _15753_/ZN (OR4_X2)
   0.13    6.92 v _15771_/ZN (OR4_X1)
   0.05    6.97 v _15775_/ZN (XNOR2_X1)
   0.07    7.04 ^ _15780_/ZN (AOI211_X2)
   0.06    7.10 ^ _15800_/ZN (AND4_X2)
   0.03    7.14 v _15824_/ZN (OAI211_X1)
   0.13    7.27 v _15825_/ZN (OR4_X1)
   0.12    7.39 v _15826_/ZN (OR4_X1)
   0.03    7.42 ^ _15829_/ZN (OAI21_X1)
   0.04    7.46 ^ _15848_/ZN (OR3_X1)
   0.02    7.48 v _15849_/ZN (OAI21_X4)
   0.04    7.52 v _15868_/ZN (AND2_X1)
   0.06    7.58 v _15869_/Z (MUX2_X1)
   0.12    7.70 v _15873_/ZN (OR4_X1)
   0.11    7.80 v _15875_/ZN (OR4_X2)
   0.08    7.88 ^ _15886_/ZN (NOR3_X2)
   0.04    7.92 ^ _15923_/ZN (OR3_X2)
   0.02    7.94 v _15962_/ZN (AOI211_X2)
   0.04    7.98 ^ _15963_/ZN (NAND4_X1)
   0.07    8.05 v _15970_/Z (MUX2_X1)
   0.07    8.12 ^ _15975_/ZN (NOR4_X2)
   0.05    8.16 v _15976_/ZN (NAND4_X1)
   0.11    8.27 v _15985_/ZN (OR3_X1)
   0.06    8.33 ^ _16005_/ZN (AOI211_X2)
   0.08    8.41 ^ _16008_/ZN (AND4_X1)
   0.03    8.44 v _16013_/ZN (AOI221_X1)
   0.09    8.53 ^ _16014_/ZN (NOR4_X2)
   0.06    8.59 v _16029_/ZN (NAND4_X1)
   0.06    8.65 ^ _16055_/ZN (OAI21_X2)
   0.03    8.68 v _16093_/ZN (AOI21_X1)
   0.06    8.74 v _16094_/Z (XOR2_X1)
   0.12    8.86 v _16099_/ZN (OR4_X1)
   0.13    8.98 v _16105_/ZN (OR4_X1)
   0.05    9.04 ^ _16147_/ZN (OAI211_X1)
   0.03    9.07 v _16148_/ZN (OAI21_X1)
   0.05    9.11 v _16150_/ZN (AND3_X1)
   0.08    9.19 v _16203_/ZN (OR3_X1)
   0.11    9.30 ^ _16204_/ZN (NOR4_X1)
   0.08    9.38 ^ _16210_/ZN (AND4_X1)
   0.04    9.41 v _16211_/ZN (OAI211_X2)
   0.09    9.50 ^ _16212_/ZN (AOI211_X1)
   0.06    9.57 ^ _16222_/ZN (XNOR2_X1)
   0.04    9.61 v _16223_/ZN (NAND4_X1)
   0.09    9.69 ^ _16276_/ZN (NOR4_X1)
   0.07    9.77 ^ _16282_/ZN (AND4_X1)
   0.03    9.79 v _16283_/ZN (OAI21_X2)
   0.04    9.83 v _16286_/ZN (AND2_X1)
   0.07    9.90 ^ _16287_/ZN (NOR3_X1)
   0.06    9.96 ^ _16288_/ZN (XNOR2_X1)
   0.03    9.99 v _16350_/ZN (NAND3_X1)
   0.10   10.10 ^ _16351_/ZN (NOR4_X2)
   0.05   10.15 v _16357_/ZN (NAND4_X2)
   0.07   10.23 ^ _16362_/ZN (AOI211_X1)
   0.06   10.29 ^ _16363_/ZN (AND3_X1)
   0.02   10.31 v _16436_/ZN (AOI21_X1)
   0.08   10.38 ^ _16439_/ZN (NOR4_X1)
   0.05   10.44 v _16440_/ZN (OAI211_X1)
   0.06   10.49 ^ _16468_/ZN (AOI211_X2)
   0.06   10.55 v _16469_/ZN (NAND4_X1)
   0.10   10.65 ^ _16470_/ZN (NOR4_X2)
   0.05   10.70 ^ _16471_/ZN (AND2_X2)
   0.06   10.75 ^ _16474_/ZN (XNOR2_X1)
   0.02   10.77 v _16498_/ZN (NOR4_X4)
   0.08   10.85 ^ _16510_/ZN (NOR4_X2)
   0.05   10.90 v _16582_/ZN (OAI211_X1)
   0.07   10.97 ^ _16583_/ZN (NOR3_X1)
   0.05   11.02 ^ _16584_/ZN (AND2_X1)
   0.05   11.07 ^ _16585_/ZN (AND3_X1)
   0.04   11.10 ^ _16586_/ZN (AND2_X2)
   0.02   11.12 v _16587_/ZN (NAND2_X1)
   0.09   11.21 ^ _16588_/ZN (NOR3_X1)
   0.02   11.23 v _16589_/ZN (NAND2_X1)
   0.06   11.29 ^ _16590_/ZN (AOI22_X1)
   0.02   11.31 v _16593_/ZN (NOR2_X1)
   0.05   11.37 ^ _16596_/ZN (NOR2_X1)
   0.03   11.40 v _16708_/ZN (INV_X1)
   0.04   11.44 ^ _16741_/ZN (AOI21_X1)
   0.03   11.47 v _16742_/ZN (OAI21_X1)
   0.04   11.50 ^ _16743_/ZN (AOI21_X2)
   0.02   11.52 v _16744_/ZN (OAI21_X1)
   0.04   11.56 ^ _16745_/ZN (AOI21_X1)
   0.03   11.59 v _16746_/ZN (OAI21_X1)
   0.04   11.63 ^ _16747_/ZN (AOI21_X2)
   0.02   11.65 v _16753_/ZN (XNOR2_X1)
   0.06   11.71 v _16754_/ZN (OR2_X1)
   0.08   11.78 v _16787_/ZN (OR3_X2)
   0.06   11.85 ^ _16789_/ZN (NOR3_X2)
   0.03   11.88 v _16792_/ZN (NOR2_X1)
   0.04   11.92 v _16793_/Z (BUF_X2)
   0.04   11.96 ^ _16794_/ZN (OAI22_X1)
   0.03   11.99 ^ _16797_/ZN (AND2_X1)
   0.00   11.99 ^ output_butterfly0_outA0[22] (out)
          11.99   data arrival time

   5.00    5.00   clock clk (rise edge)
   0.00    5.00   clock network delay (ideal)
   0.00    5.00   clock reconvergence pessimism
   0.00    5.00   output external delay
           5.00   data required time
---------------------------------------------------------
           5.00   data required time
         -11.99   data arrival time
---------------------------------------------------------
          -6.99   slack (VIOLATED)


