
 /----------------------------------------------------------------------------\
 |  yosys -- Yosys Open SYnthesis Suite                                       |
 |  Copyright (C) 2012 - 2026  Claire Xenia Wolf <claire@yosyshq.com>         |
 |  Distributed under an ISC-like license, type "license" to see terms        |
 \----------------------------------------------------------------------------/
 Yosys 0.67+post (git sha1 v0.67, Release, GNU /nix/store/vdaz6sk455r8sbpi7wzaf9vlz5i9yyvx-gcc-wrapper-15.2.0/bin/g++ 15.2.0)

-- Running command `read_verilog /home/user/ML-DSA/verilog/Component.Butterfly.topEntity/Butterfly.v; hierarchy -check -top Butterfly; proc; opt; techmap; dfflibmap -liberty /home/user/ML-DSA/lib/nangate45/NangateOpenCellLibrary_typical.lib; abc -D 5000 -constr /home/user/ML-DSA/build/synth/abc.constr -liberty /home/user/ML-DSA/lib/nangate45/NangateOpenCellLibrary_typical.lib; clean; write_verilog -noattr /home/user/ML-DSA/build/synth/Component.Butterfly.topEntity/netlist/Butterfly.mapped.v; stat -top Butterfly -liberty /home/user/ML-DSA/lib/nangate45/NangateOpenCellLibrary_typical.lib' --

1. Executing Verilog-2005 frontend: /home/user/ML-DSA/verilog/Component.Butterfly.topEntity/Butterfly.v
Parsing Verilog input from `/home/user/ML-DSA/verilog/Component.Butterfly.topEntity/Butterfly.v' to AST representation.
Generating RTLIL representation for module `\Butterfly'.
Successfully finished Verilog frontend.

2. Executing HIERARCHY pass (managing design hierarchy).

2.1. Analyzing design hierarchy..
Top module:  \Butterfly

2.2. Analyzing design hierarchy..
Top module:  \Butterfly
Removed 0 unused modules.

3. Executing PROC pass (convert processes to netlists).

3.1. Executing PROC_CLEAN pass (remove empty switches from decision trees).
Cleaned up 0 empty switches.

3.2. Executing PROC_RMDEAD pass (remove dead branches from decision trees).
Removed a total of 0 dead cases.

3.3. Executing PROC_PRUNE pass (remove redundant assignments in processes).
Removed 0 redundant assignments.
Promoted 0 assignments to connections.

3.4. Executing PROC_INIT pass (extract init attributes).

3.5. Executing PROC_ARST pass (detect async resets in processes).

3.6. Executing PROC_ROM pass (convert switches to ROMs).
Converted 0 switches.

3.7. Executing PROC_MUX pass (convert decision trees to multiplexers).

3.8. Executing PROC_DLATCH pass (convert process syncs to latches).

3.9. Executing PROC_DFF pass (convert process syncs to FFs).

3.10. Executing PROC_MEMWR pass (convert process memory writes to cells).

3.11. Executing PROC_CLEAN pass (remove empty switches from decision trees).
Cleaned up 0 empty switches.

3.12. Executing OPT_EXPR pass (perform const folding).
Optimizing module Butterfly.
<suppressed ~7 debug messages>

4. Executing OPT pass (performing simple optimizations).

4.1. Executing OPT_EXPR pass (perform const folding).
Optimizing module Butterfly.

4.2. Executing OPT_MERGE pass (detect identical cells).
Finding identical cells in module `\Butterfly'.
Computing hashes of 20 cells of `\Butterfly'.
Finding duplicate cells in `\Butterfly'.
Computing hashes of 19 cells of `\Butterfly'.
Finding duplicate cells in `\Butterfly'.
Computing hashes of 18 cells of `\Butterfly'.
Finding duplicate cells in `\Butterfly'.
<suppressed ~6 debug messages>
Removed a total of 2 cells.

4.3. Executing OPT_MUXTREE pass (detect dead branches in mux trees).
Running muxtree optimizer on module \Butterfly..
  Creating internal representation of mux trees.
  Evaluating internal representation of mux trees.
  Analyzing evaluation results.
Removed 0 multiplexer ports.
<suppressed ~6 debug messages>

4.4. Executing OPT_REDUCE pass (consolidate $*mux and $reduce_* inputs).
  Optimizing cells in module \Butterfly.
Performed a total of 0 changes.

4.5. Executing OPT_MERGE pass (detect identical cells).
Finding identical cells in module `\Butterfly'.
Computing hashes of 18 cells of `\Butterfly'.
Finding duplicate cells in `\Butterfly'.
Removed a total of 0 cells.

4.6. Executing OPT_DFF pass (perform DFF optimizations).

4.7. Executing OPT_CLEAN pass (remove unused cells and wires).
Finding unused cells or wires in module \Butterfly..
Removed 0 unused cells and 17 unused wires.
<suppressed ~1 debug messages>

4.8. Executing OPT_EXPR pass (perform const folding).
Optimizing module Butterfly.

4.9. Rerunning OPT passes. (Maybe there is more to do..)

4.10. Executing OPT_MUXTREE pass (detect dead branches in mux trees).
Running muxtree optimizer on module \Butterfly..
  Creating internal representation of mux trees.
  Evaluating internal representation of mux trees.
  Analyzing evaluation results.
Removed 0 multiplexer ports.
<suppressed ~6 debug messages>

4.11. Executing OPT_REDUCE pass (consolidate $*mux and $reduce_* inputs).
  Optimizing cells in module \Butterfly.
Performed a total of 0 changes.

4.12. Executing OPT_MERGE pass (detect identical cells).
Finding identical cells in module `\Butterfly'.
Computing hashes of 18 cells of `\Butterfly'.
Finding duplicate cells in `\Butterfly'.
Removed a total of 0 cells.

4.13. Executing OPT_DFF pass (perform DFF optimizations).

4.14. Executing OPT_CLEAN pass (remove unused cells and wires).
Finding unused cells or wires in module \Butterfly..

4.15. Executing OPT_EXPR pass (perform const folding).
Optimizing module Butterfly.

4.16. Finished fast OPT passes. (There is nothing left to do.)

5. Executing TECHMAP pass (map to technology primitives).

5.1. Executing Verilog-2005 frontend: /nix/store/8xp00x56zj0nxqk3h334176g2d25jmvd-yosys-0.67/bin/../share/yosys/techmap.v
Parsing Verilog input from `/nix/store/8xp00x56zj0nxqk3h334176g2d25jmvd-yosys-0.67/bin/../share/yosys/techmap.v' to AST representation.
Generating RTLIL representation for module `\_90_simplemap_bool_ops'.
Generating RTLIL representation for module `\_90_simplemap_reduce_ops'.
Generating RTLIL representation for module `\_90_simplemap_logic_ops'.
Generating RTLIL representation for module `\_90_simplemap_compare_ops'.
Generating RTLIL representation for module `\_90_simplemap_various'.
Generating RTLIL representation for module `\_90_simplemap_registers'.
Generating RTLIL representation for module `\_90_shift_ops_shr_shl_sshl_sshr'.
Generating RTLIL representation for module `\_90_shift_shiftx'.
Generating RTLIL representation for module `\_90_fa'.
Generating RTLIL representation for module `\_90_lcu_brent_kung'.
Generating RTLIL representation for module `\_90_alu'.
Generating RTLIL representation for module `\_90_macc'.
Generating RTLIL representation for module `\_90_alumacc'.
Generating RTLIL representation for module `$__div_mod_u'.
Generating RTLIL representation for module `$__div_mod_trunc'.
Generating RTLIL representation for module `\_90_div'.
Generating RTLIL representation for module `\_90_mod'.
Generating RTLIL representation for module `$__div_mod_floor'.
Generating RTLIL representation for module `\_90_divfloor'.
Generating RTLIL representation for module `\_90_modfloor'.
Generating RTLIL representation for module `\_90_pow'.
Generating RTLIL representation for module `\_90_demux'.
Generating RTLIL representation for module `\_90_lut'.
Generating RTLIL representation for module `$connect'.
Generating RTLIL representation for module `$input_port'.
Successfully finished Verilog frontend.

5.2. Continuing TECHMAP pass.
Running "alumacc" on wrapper $extern:wrap:$ge:Y_WIDTH=1:B_WIDTH=25:A_WIDTH=25:B_SIGNED=0:A_SIGNED=0:394426c56d1a028ba8fdd5469b163e04011def47.
Using template $extern:wrap:$ge:Y_WIDTH=1:B_WIDTH=25:A_WIDTH=25:B_SIGNED=0:A_SIGNED=0:394426c56d1a028ba8fdd5469b163e04011def47 for cells of type $extern:wrap:$ge:Y_WIDTH=1:B_WIDTH=25:A_WIDTH=25:B_SIGNED=0:A_SIGNED=0:394426c56d1a028ba8fdd5469b163e04011def47.
Running "alumacc" on wrapper $extern:wrap:$sub:Y_WIDTH=25:B_WIDTH=25:A_WIDTH=25:B_SIGNED=0:A_SIGNED=0:394426c56d1a028ba8fdd5469b163e04011def47.
Using template $extern:wrap:$sub:Y_WIDTH=25:B_WIDTH=25:A_WIDTH=25:B_SIGNED=0:A_SIGNED=0:394426c56d1a028ba8fdd5469b163e04011def47 for cells of type $extern:wrap:$sub:Y_WIDTH=25:B_WIDTH=25:A_WIDTH=25:B_SIGNED=0:A_SIGNED=0:394426c56d1a028ba8fdd5469b163e04011def47.
Using extmapper simplemap for cells of type $mux.
Running "alumacc" on wrapper $extern:wrap:$sub:Y_WIDTH=48:B_WIDTH=48:A_WIDTH=48:B_SIGNED=0:A_SIGNED=0:394426c56d1a028ba8fdd5469b163e04011def47.
Using template $extern:wrap:$sub:Y_WIDTH=48:B_WIDTH=48:A_WIDTH=48:B_SIGNED=0:A_SIGNED=0:394426c56d1a028ba8fdd5469b163e04011def47 for cells of type $extern:wrap:$sub:Y_WIDTH=48:B_WIDTH=48:A_WIDTH=48:B_SIGNED=0:A_SIGNED=0:394426c56d1a028ba8fdd5469b163e04011def47.
Running "alumacc" on wrapper $extern:wrap:$add:Y_WIDTH=48:B_WIDTH=48:A_WIDTH=48:B_SIGNED=0:A_SIGNED=0:394426c56d1a028ba8fdd5469b163e04011def47.
Using template $extern:wrap:$add:Y_WIDTH=48:B_WIDTH=48:A_WIDTH=48:B_SIGNED=0:A_SIGNED=0:394426c56d1a028ba8fdd5469b163e04011def47 for cells of type $extern:wrap:$add:Y_WIDTH=48:B_WIDTH=48:A_WIDTH=48:B_SIGNED=0:A_SIGNED=0:394426c56d1a028ba8fdd5469b163e04011def47.
Running "alumacc" on wrapper $extern:wrap:$add:Y_WIDTH=49:B_WIDTH=49:A_WIDTH=49:B_SIGNED=0:A_SIGNED=0:394426c56d1a028ba8fdd5469b163e04011def47.
Using template $extern:wrap:$add:Y_WIDTH=49:B_WIDTH=49:A_WIDTH=49:B_SIGNED=0:A_SIGNED=0:394426c56d1a028ba8fdd5469b163e04011def47 for cells of type $extern:wrap:$add:Y_WIDTH=49:B_WIDTH=49:A_WIDTH=49:B_SIGNED=0:A_SIGNED=0:394426c56d1a028ba8fdd5469b163e04011def47.
Running "alumacc" on wrapper $extern:wrap:$sub:Y_WIDTH=47:B_WIDTH=47:A_WIDTH=47:B_SIGNED=0:A_SIGNED=0:394426c56d1a028ba8fdd5469b163e04011def47.
Using template $extern:wrap:$sub:Y_WIDTH=47:B_WIDTH=47:A_WIDTH=47:B_SIGNED=0:A_SIGNED=0:394426c56d1a028ba8fdd5469b163e04011def47 for cells of type $extern:wrap:$sub:Y_WIDTH=47:B_WIDTH=47:A_WIDTH=47:B_SIGNED=0:A_SIGNED=0:394426c56d1a028ba8fdd5469b163e04011def47.
Running "alumacc" on wrapper $extern:wrap:$mul:Y_WIDTH=46:B_WIDTH=23:A_WIDTH=23:B_SIGNED=0:A_SIGNED=0:394426c56d1a028ba8fdd5469b163e04011def47.
Using template $extern:wrap:$mul:Y_WIDTH=46:B_WIDTH=23:A_WIDTH=23:B_SIGNED=0:A_SIGNED=0:394426c56d1a028ba8fdd5469b163e04011def47 for cells of type $extern:wrap:$mul:Y_WIDTH=46:B_WIDTH=23:A_WIDTH=23:B_SIGNED=0:A_SIGNED=0:394426c56d1a028ba8fdd5469b163e04011def47.
Running "alumacc" on wrapper $extern:wrap:$ge:Y_WIDTH=1:B_WIDTH=23:A_WIDTH=23:B_SIGNED=0:A_SIGNED=0:394426c56d1a028ba8fdd5469b163e04011def47.
Using template $extern:wrap:$ge:Y_WIDTH=1:B_WIDTH=23:A_WIDTH=23:B_SIGNED=0:A_SIGNED=0:394426c56d1a028ba8fdd5469b163e04011def47 for cells of type $extern:wrap:$ge:Y_WIDTH=1:B_WIDTH=23:A_WIDTH=23:B_SIGNED=0:A_SIGNED=0:394426c56d1a028ba8fdd5469b163e04011def47.
Running "alumacc" on wrapper $extern:wrap:$sub:Y_WIDTH=23:B_WIDTH=23:A_WIDTH=23:B_SIGNED=0:A_SIGNED=0:394426c56d1a028ba8fdd5469b163e04011def47.
Using template $extern:wrap:$sub:Y_WIDTH=23:B_WIDTH=23:A_WIDTH=23:B_SIGNED=0:A_SIGNED=0:394426c56d1a028ba8fdd5469b163e04011def47 for cells of type $extern:wrap:$sub:Y_WIDTH=23:B_WIDTH=23:A_WIDTH=23:B_SIGNED=0:A_SIGNED=0:394426c56d1a028ba8fdd5469b163e04011def47.
Running "alumacc" on wrapper $extern:wrap:$add:Y_WIDTH=24:B_WIDTH=24:A_WIDTH=24:B_SIGNED=0:A_SIGNED=0:394426c56d1a028ba8fdd5469b163e04011def47.
Using template $extern:wrap:$add:Y_WIDTH=24:B_WIDTH=24:A_WIDTH=24:B_SIGNED=0:A_SIGNED=0:394426c56d1a028ba8fdd5469b163e04011def47 for cells of type $extern:wrap:$add:Y_WIDTH=24:B_WIDTH=24:A_WIDTH=24:B_SIGNED=0:A_SIGNED=0:394426c56d1a028ba8fdd5469b163e04011def47.
Running "alumacc" on wrapper $extern:wrap:$sub:Y_WIDTH=24:B_WIDTH=24:A_WIDTH=24:B_SIGNED=0:A_SIGNED=0:394426c56d1a028ba8fdd5469b163e04011def47.
Using template $extern:wrap:$sub:Y_WIDTH=24:B_WIDTH=24:A_WIDTH=24:B_SIGNED=0:A_SIGNED=0:394426c56d1a028ba8fdd5469b163e04011def47 for cells of type $extern:wrap:$sub:Y_WIDTH=24:B_WIDTH=24:A_WIDTH=24:B_SIGNED=0:A_SIGNED=0:394426c56d1a028ba8fdd5469b163e04011def47.
Running "alumacc" on wrapper $extern:wrap:$ge:Y_WIDTH=1:B_WIDTH=24:A_WIDTH=24:B_SIGNED=0:A_SIGNED=0:394426c56d1a028ba8fdd5469b163e04011def47.
Using template $extern:wrap:$ge:Y_WIDTH=1:B_WIDTH=24:A_WIDTH=24:B_SIGNED=0:A_SIGNED=0:394426c56d1a028ba8fdd5469b163e04011def47 for cells of type $extern:wrap:$ge:Y_WIDTH=1:B_WIDTH=24:A_WIDTH=24:B_SIGNED=0:A_SIGNED=0:394426c56d1a028ba8fdd5469b163e04011def47.
Using extmapper simplemap for cells of type $not.
Using extmapper simplemap for cells of type $or.
Using extmapper simplemap for cells of type $reduce_and.
Using template $paramod$86ddd617693f8aad0133a455d4259f73429c7e32\_90_alu for cells of type $alu.
Using template $paramod$88aad6f8473fb7e4e5fbfb8335ddebad03429eaa\_90_alu for cells of type $alu.
Using template $paramod$959c9ddbaba0966d253c0f5ab1a5eabdad847a18\_90_alu for cells of type $alu.
Using template $paramod$4868d58a04723871777326409a611fa912defcd8\_90_alu for cells of type $alu.
Using extmapper simplemap for cells of type $reduce_or.
Using extmapper maccmap for cells of type $macc_v2.
  add \zeta * \b (23x23 bits, unsigned)
Using template $paramod$448756c9a9dfaa49080ce4b90c6cc182883e181f\_90_alu for cells of type $alu.
Using template $paramod$e82d3fc1811c5751348a3964470632b35a435fc7\_90_alu for cells of type $alu.
Using template $paramod\_90_fa\WIDTH=32'00000000000000000000000000101110 for cells of type $fa.
Using template $paramod$fbf9cabb1106ebb19d2876bda35dcfbc3788d13d\_90_alu for cells of type $alu.
Using extmapper simplemap for cells of type $and.
Using extmapper simplemap for cells of type $xor.
Using template $paramod\_90_fa\WIDTH=32'00000000000000000000000000101111 for cells of type $fa.
Using template $paramod\_90_lcu_brent_kung\WIDTH=32'00000000000000000000000000101111 for cells of type $lcu.
Using extmapper simplemap for cells of type $pos.
Using template $paramod\_90_fa\WIDTH=32'00000000000000000000000000110000 for cells of type $fa.
Using template $paramod\_90_lcu_brent_kung\WIDTH=32'00000000000000000000000000110000 for cells of type $lcu.
Using template $paramod\_90_fa\WIDTH=32'00000000000000000000000000110001 for cells of type $fa.
Using template $paramod\_90_lcu_brent_kung\WIDTH=32'00000000000000000000000000110001 for cells of type $lcu.
Using template $paramod\_90_fa\WIDTH=32'00000000000000000000000000011001 for cells of type $fa.
Using template $paramod\_90_lcu_brent_kung\WIDTH=32'00000000000000000000000000011001 for cells of type $lcu.
Using template $paramod\_90_fa\WIDTH=32'00000000000000000000000000010111 for cells of type $fa.
Using template $paramod\_90_lcu_brent_kung\WIDTH=32'00000000000000000000000000010111 for cells of type $lcu.
Using template $paramod\_90_fa\WIDTH=32'00000000000000000000000000011000 for cells of type $fa.
Using template $paramod\_90_lcu_brent_kung\WIDTH=32'00000000000000000000000000011000 for cells of type $lcu.
Using template $paramod\_90_lcu_brent_kung\WIDTH=32'00000000000000000000000000101110 for cells of type $lcu.
No more expansions possible.
<suppressed ~4003 debug messages>

6. Executing DFFLIBMAP pass (mapping DFF cells to sequential cells from liberty file).
  cell DFF_X1 (noninv, pins=4, area=4.52) is a direct match for cell type $_DFF_P_.
  cell DFFR_X1 (noninv, pins=5, area=5.32) is a direct match for cell type $_DFF_PN0_.
  cell DFFS_X1 (noninv, pins=5, area=5.32) is a direct match for cell type $_DFF_PN1_.
  cell DFFRS_X1 (noninv, pins=6, area=6.38) is a direct match for cell type $_DFFSR_PNN_.
  final dff cell mappings:
    unmapped dff cell: $_DFF_N_
    \DFF_X1 _DFF_P_ (.CK( C), .D( D), .Q( Q), .QN(~Q));
    unmapped dff cell: $_DFF_NN0_
    unmapped dff cell: $_DFF_NN1_
    unmapped dff cell: $_DFF_NP0_
    unmapped dff cell: $_DFF_NP1_
    \DFFR_X1 _DFF_PN0_ (.CK( C), .D( D), .Q( Q), .QN(~Q), .RN( R));
    \DFFS_X1 _DFF_PN1_ (.CK( C), .D( D), .Q( Q), .QN(~Q), .SN( R));
    unmapped dff cell: $_DFF_PP0_
    unmapped dff cell: $_DFF_PP1_
    unmapped dff cell: $_DFFE_NN_
    unmapped dff cell: $_DFFE_NP_
    unmapped dff cell: $_DFFE_PN_
    unmapped dff cell: $_DFFE_PP_
    unmapped dff cell: $_DFFSR_NNN_
    unmapped dff cell: $_DFFSR_NNP_
    unmapped dff cell: $_DFFSR_NPN_
    unmapped dff cell: $_DFFSR_NPP_
    \DFFRS_X1 _DFFSR_PNN_ (.CK( C), .D( D), .Q( Q), .QN(~Q), .RN( R), .SN( S));
    unmapped dff cell: $_DFFSR_PNP_
    unmapped dff cell: $_DFFSR_PPN_
    unmapped dff cell: $_DFFSR_PPP_

6.1. Executing DFFLEGALIZE pass (convert FFs to types supported by the target).
<suppressed ~8 debug messages>
Mapping DFF cells in module `\Butterfly':

7. Executing ABC pass (technology mapping using ABC).

7.1. Extracting gate netlist of module `\Butterfly' to `<abc-temp-dir>/input.blif'..

7.1.1. Executed ABC.
Extracted 12197 gates and 12268 wires to a netlist network with 69 inputs and 46 outputs.
Running ABC script: <abc-temp-dir>/abc.script
ABC: UC Berkeley, ABC 1.01 (compiled Jan  1 1980 00:00:00)
ABC: abc 01> empty
ABC: abc 01> source <abc-temp-dir>/abc.script
ABC: + read_blif <abc-temp-dir>/input.blif 
ABC: + read_scl /tmp/nix-shell.Wgx2LV/nix-shell.KC3lMz/yosys-liberty-scl-cache/yosys_merged_cc566cb1.scl 
ABC: Warning: Detected 2 multi-output cells (for example, "FA_X1").
ABC: + read_constr -v /home/user/ML-DSA/build/synth/abc.constr 
ABC: Setting driving cell to be "BUF_X4".
ABC: Setting output load to be 10.000000.
ABC: + strash 
ABC: + &get -n 
ABC: + &fraig -x 
ABC: + &put 
ABC: + scorr 
ABC: Warning: The network is combinational (run "fraig" or "fraig_sweep").
ABC: + dc2 
ABC: + dretime 
ABC: + retime -o -D 5000 
ABC: + strash 
ABC: + &get -n 
ABC: + &dch -f 
ABC: + &nf -D 5000 
ABC: + &put 
ABC: + buffer 
ABC: + upsize -D 5000 
ABC: Current delay (4014.86 ps) does not exceed the target delay (5000.00 ps). Upsizing is not performed.
ABC: + dnsize -D 5000 
ABC: + stime -p 
ABC: WireLoad = "none"  Gates =   4266 ( 10.3 %)   Cap =  3.6 ff (  0.3 %)   Area =     4667.50 ( 97.0 %)   Delay =  4034.88 ps  (  6.8 %)               
ABC: Path  0 --      51 : 0    2 pi        A =   0.00  Df =   1.3   -0.4 ps  S =   4.5 ps  Cin =  0.0 ff  Cout =   1.9 ff  Cmax =   0.0 ff  G =    0  
ABC: Path  1 --     168 : 1   10 BUF_X1    A =   0.80  Df =  54.2  -11.2 ps  S =  37.2 ps  Cin =  0.9 ff  Cout =  15.1 ff  Cmax =  60.7 ff  G = 1563  
ABC: Path  2 --     169 : 1   10 BUF_X1    A =   0.80  Df = 116.1  -24.1 ps  S =  37.4 ps  Cin =  0.9 ff  Cout =  15.1 ff  Cmax =  60.7 ff  G = 1563  
ABC: Path  3 --     171 : 4    3 AOI22_X1  A =   1.33  Df = 150.3   -1.2 ps  S =  36.1 ps  Cin =  1.6 ff  Cout =   4.2 ff  Cmax =  24.6 ff  G =  256  
ABC: Path  4 --     172 : 3    3 OR3_X1    A =   1.33  Df = 241.1  -26.0 ps  S =  15.8 ps  Cin =  0.9 ff  Cout =   4.2 ff  Cmax =  60.6 ff  G =  452  
ABC: Path  5 --     174 : 3    2 AND3_X1   A =   1.33  Df = 278.9  -17.1 ps  S =  12.3 ps  Cin =  0.9 ff  Cout =   2.6 ff  Cmax =  60.4 ff  G =  272  
ABC: Path  6 --     176 : 3    2 OR3_X1    A =   1.33  Df = 356.3  -36.9 ps  S =  13.9 ps  Cin =  0.9 ff  Cout =   2.6 ff  Cmax =  60.6 ff  G =  271  
ABC: Path  7 --     183 : 3    3 AND3_X1   A =   1.33  Df = 394.6  -25.4 ps  S =  17.0 ps  Cin =  0.9 ff  Cout =   4.9 ff  Cmax =  60.4 ff  G =  513  
ABC: Path  8 --     185 : 2    2 OR2_X1    A =   1.06  Df = 444.6  -22.9 ps  S =  12.3 ps  Cin =  0.9 ff  Cout =   4.0 ff  Cmax =  60.6 ff  G =  441  
ABC: Path  9 --     186 : 2    2 XOR2_X1   A =   1.60  Df = 504.7  -25.0 ps  S =  33.5 ps  Cin =  2.3 ff  Cout =   4.2 ff  Cmax =  25.3 ff  G =  176  
ABC: Path 10 --     187 : 2    4 XNOR2_X1  A =   1.60  Df = 564.8  -24.3 ps  S =  42.4 ps  Cin =  2.3 ff  Cout =   6.8 ff  Cmax =  26.0 ff  G =  283  
ABC: Path 11 --     188 : 2    2 XNOR2_X1  A =   1.60  Df = 624.4  -33.5 ps  S =  30.5 ps  Cin =  2.3 ff  Cout =   4.2 ff  Cmax =  26.0 ff  G =  173  
ABC: Path 12 --     225 : 3    2 OAI21_X1  A =   1.06  Df = 668.1  -47.2 ps  S =  30.3 ps  Cin =  1.6 ff  Cout =   4.3 ff  Cmax =  26.1 ff  G =  255  
ABC: Path 13 --    1321 : 3    1 AOI21_X1  A =   1.06  Df = 686.7  -33.1 ps  S =  20.9 ps  Cin =  1.6 ff  Cout =   1.6 ff  Cmax =  25.3 ff  G =  100  
ABC: Path 14 --    1322 : 3    1 OAI21_X1  A =   1.06  Df = 719.3  -46.8 ps  S =  18.5 ps  Cin =  1.6 ff  Cout =   1.7 ff  Cmax =  26.1 ff  G =   98  
ABC: Path 15 --    1323 : 3    2 AOI21_X1  A =   1.06  Df = 754.4  -13.6 ps  S =  31.8 ps  Cin =  1.6 ff  Cout =   3.9 ff  Cmax =  25.3 ff  G =  240  
ABC: Path 16 --    1325 : 3    1 OAI21_X1  A =   1.06  Df = 771.9   -3.8 ps  S =  18.2 ps  Cin =  1.6 ff  Cout =   1.7 ff  Cmax =  26.1 ff  G =   98  
ABC: Path 17 --    1326 : 3    2 AOI21_X1  A =   1.06  Df = 816.3  -26.1 ps  S =  33.0 ps  Cin =  1.6 ff  Cout =   4.1 ff  Cmax =  25.3 ff  G =  259  
ABC: Path 18 --    1327 : 3    1 OAI21_X1  A =   1.06  Df = 837.8  -15.2 ps  S =  18.2 ps  Cin =  1.6 ff  Cout =   1.7 ff  Cmax =  26.1 ff  G =   98  
ABC: Path 19 --    1328 : 3    2 AOI21_X1  A =   1.06  Df = 882.8  -38.0 ps  S =  33.0 ps  Cin =  1.6 ff  Cout =   4.1 ff  Cmax =  25.3 ff  G =  259  
ABC: Path 20 --    1329 : 3    2 OAI21_X1  A =   1.06  Df = 911.1  -20.6 ps  S =  30.2 ps  Cin =  1.6 ff  Cout =   4.3 ff  Cmax =  26.1 ff  G =  255  
ABC: Path 21 --    1330 : 3    2 AOI21_X1  A =   1.06  Df = 957.5  -42.3 ps  S =  33.0 ps  Cin =  1.6 ff  Cout =   4.1 ff  Cmax =  25.3 ff  G =  259  
ABC: Path 22 --    1331 : 3    2 OAI21_X1  A =   1.06  Df = 985.8  -24.4 ps  S =  30.3 ps  Cin =  1.6 ff  Cout =   4.3 ff  Cmax =  26.1 ff  G =  255  
ABC: Path 23 --    1337 : 2    3 XNOR2_X1  A =   1.60  Df =1041.5  -22.8 ps  S =  37.1 ps  Cin =  2.3 ff  Cout =   5.7 ff  Cmax =  26.0 ff  G =  238  
ABC: Path 24 --    1364 : 2    3 XOR2_X1   A =   1.60  Df =1112.5  -28.9 ps  S =  40.3 ps  Cin =  2.3 ff  Cout =   5.5 ff  Cmax =  25.3 ff  G =  229  
ABC: Path 25 --    1365 : 4    2 AOI211_X1 A =   1.33  Df =1148.5   -8.5 ps  S =  52.7 ps  Cin =  1.6 ff  Cout =   3.9 ff  Cmax =  14.5 ff  G =  242  
ABC: Path 26 --    1504 : 2    7 XOR2_X1   A =   1.60  Df =1264.8  -54.4 ps  S =  78.5 ps  Cin =  2.3 ff  Cout =  13.9 ff  Cmax =  25.3 ff  G =  584  
ABC: Path 27 --    2008 : 2    2 XNOR2_X1  A =   1.60  Df =1336.9  -75.6 ps  S =  29.3 ps  Cin =  2.3 ff  Cout =   3.9 ff  Cmax =  26.0 ff  G =  160  
ABC: Path 28 --    2014 : 3    2 OAI21_X1  A =   1.06  Df =1384.1  -98.5 ps  S =  30.9 ps  Cin =  1.6 ff  Cout =   4.3 ff  Cmax =  26.1 ff  G =  255  
ABC: Path 29 --    2015 : 3    3 AOI21_X1  A =   1.06  Df =1408.5  -39.9 ps  S =  33.7 ps  Cin =  1.6 ff  Cout =   4.3 ff  Cmax =  25.3 ff  G =  258  
ABC: Path 30 --    2017 : 3    2 OAI21_X1  A =   1.06  Df =1449.3  -55.3 ps  S =  29.6 ps  Cin =  1.6 ff  Cout =   4.0 ff  Cmax =  26.1 ff  G =  249  
ABC: Path 31 --    2018 : 3    3 AOI21_X1  A =   1.06  Df =1473.5  -32.1 ps  S =  33.7 ps  Cin =  1.6 ff  Cout =   4.3 ff  Cmax =  25.3 ff  G =  258  
ABC: Path 32 --    2020 : 3    3 OAI21_X1  A =   1.06  Df =1519.2  -50.6 ps  S =  33.8 ps  Cin =  1.6 ff  Cout =   5.0 ff  Cmax =  26.1 ff  G =  300  
ABC: Path 33 --    2021 : 3    3 AOI21_X1  A =   1.06  Df =1545.9  -26.5 ps  S =  36.8 ps  Cin =  1.6 ff  Cout =   5.0 ff  Cmax =  25.3 ff  G =  301  
ABC: Path 34 --    2023 : 3    2 OAI21_X1  A =   1.06  Df =1588.6  -43.1 ps  S =  30.4 ps  Cin =  1.6 ff  Cout =   4.3 ff  Cmax =  26.1 ff  G =  255  
ABC: Path 35 --    2024 : 3    3 AOI21_X1  A =   1.06  Df =1616.0  -16.0 ps  S =  40.3 ps  Cin =  1.6 ff  Cout =   5.7 ff  Cmax =  25.3 ff  G =  343  
ABC: Path 36 --    2028 : 3    2 NOR3_X1   A =   1.06  Df =1664.2  -48.3 ps  S =  36.9 ps  Cin =  1.6 ff  Cout =   3.2 ff  Cmax =  16.0 ff  G =  194  
ABC: Path 37 --    2031 : 2    3 AND2_X1   A =   1.06  Df =1713.8  -61.4 ps  S =  16.8 ps  Cin =  0.9 ff  Cout =   5.5 ff  Cmax =  60.6 ff  G =  583  
ABC: Path 38 --    3736 : 2    2 XOR2_X1   A =   1.60  Df =1773.3  -67.0 ps  S =  32.5 ps  Cin =  2.3 ff  Cout =   3.8 ff  Cmax =  25.3 ff  G =  162  
ABC: Path 39 --    3739 : 2    2 XNOR2_X1  A =   1.60  Df =1826.0  -74.8 ps  S =  28.8 ps  Cin =  2.3 ff  Cout =   3.9 ff  Cmax =  26.0 ff  G =  160  
ABC: Path 40 --    3782 : 3    2 OAI21_X1  A =   1.06  Df =1866.5   -0.5 ps  S =  28.5 ps  Cin =  1.6 ff  Cout =   3.9 ff  Cmax =  26.1 ff  G =  236  
ABC: Path 41 --    3784 : 3    2 AOI21_X1  A =   1.06  Df =1907.4  -16.4 ps  S =  33.0 ps  Cin =  1.6 ff  Cout =   4.1 ff  Cmax =  25.3 ff  G =  259  
ABC: Path 42 --    3785 : 3    2 OAI21_X1  A =   1.06  Df =1937.9   -2.2 ps  S =  30.2 ps  Cin =  1.6 ff  Cout =   4.3 ff  Cmax =  26.1 ff  G =  255  
ABC: Path 43 --    3786 : 3    2 AOI21_X1  A =   1.06  Df =1980.9  -19.1 ps  S =  31.8 ps  Cin =  1.6 ff  Cout =   3.9 ff  Cmax =  25.3 ff  G =  240  
ABC: Path 44 --    3788 : 3    2 OAI21_X1  A =   1.06  Df =2005.1   -4.1 ps  S =  28.5 ps  Cin =  1.6 ff  Cout =   3.9 ff  Cmax =  26.1 ff  G =  236  
ABC: Path 45 --    3790 : 3    2 AOI21_X1  A =   1.06  Df =2044.9  -19.3 ps  S =  32.0 ps  Cin =  1.6 ff  Cout =   4.0 ff  Cmax =  25.3 ff  G =  253  
ABC: Path 46 --    3791 : 3    2 OAI21_X1  A =   1.06  Df =2073.0   -1.6 ps  S =  29.2 ps  Cin =  1.6 ff  Cout =   4.0 ff  Cmax =  26.1 ff  G =  249  
ABC: Path 47 --    3792 : 3    2 AOI21_X1  A =   1.06  Df =2119.4  -23.4 ps  S =  33.0 ps  Cin =  1.6 ff  Cout =   4.1 ff  Cmax =  25.3 ff  G =  259  
ABC: Path 48 --    3793 : 3    2 OAI21_X1  A =   1.06  Df =2147.6   -5.1 ps  S =  30.2 ps  Cin =  1.6 ff  Cout =   4.3 ff  Cmax =  26.1 ff  G =  255  
ABC: Path 49 --    3794 : 3    2 AOI21_X1  A =   1.06  Df =2194.1  -26.8 ps  S =  33.0 ps  Cin =  1.6 ff  Cout =   4.1 ff  Cmax =  25.3 ff  G =  259  
ABC: Path 50 --    3795 : 3    3 OAI21_X1  A =   1.06  Df =2226.0   -4.9 ps  S =  37.0 ps  Cin =  1.6 ff  Cout =   5.7 ff  Cmax =  26.1 ff  G =  346  
ABC: Path 51 --    3796 : 4    2 AOI211_X1 A =   1.33  Df =2286.8  -40.5 ps  S =  48.0 ps  Cin =  1.6 ff  Cout =   3.2 ff  Cmax =  14.5 ff  G =  204  
ABC: Path 52 --    3797 : 6    3 OAI33_X1  A =   1.86  Df =2360.6  -28.0 ps  S =  86.4 ps  Cin =  1.5 ff  Cout =   5.5 ff  Cmax =  11.5 ff  G =  340  
ABC: Path 53 --    3800 : 4    2 OAI211_X1 A =   1.33  Df =2394.9  -22.8 ps  S =  27.6 ps  Cin =  1.6 ff  Cout =   2.6 ff  Cmax =  25.6 ff  G =  158  
ABC: Path 54 --    3810 : 3    1 AND3_X1   A =   1.33  Df =2439.2  -20.8 ps  S =  10.2 ps  Cin =  0.9 ff  Cout =   1.7 ff  Cmax =  60.4 ff  G =  178  
ABC: Path 55 --    3811 : 2    2 NOR2_X1   A =   0.80  Df =2473.9  -11.5 ps  S =  22.3 ps  Cin =  1.6 ff  Cout =   3.2 ff  Cmax =  26.7 ff  G =  198  
ABC: Path 56 --    3853 : 3    3 NAND3_X1  A =   1.06  Df =2500.1   -7.0 ps  S =  16.1 ps  Cin =  1.6 ff  Cout =   3.5 ff  Cmax =  58.4 ff  G =  212  
ABC: Path 57 --    3854 : 4    3 OR4_X1    A =   1.60  Df =2625.6  -61.8 ps  S =  20.2 ps  Cin =  0.9 ff  Cout =   4.2 ff  Cmax =  60.6 ff  G =  459  
ABC: Path 58 --    3869 : 3    9 OAI21_X1  A =   1.06  Df =2715.2  -84.5 ps  S =  71.5 ps  Cin =  1.6 ff  Cout =  13.2 ff  Cmax =  26.1 ff  G =  788  
ABC: Path 59 --    4001 : 2    4 XNOR2_X1  A =   1.60  Df =2786.2  -98.8 ps  S =  32.4 ps  Cin =  2.3 ff  Cout =   4.5 ff  Cmax =  26.0 ff  G =  187  
ABC: Path 60 --    4002 : 2    2 OR2_X1    A =   1.06  Df =2847.6 -122.7 ps  S =  12.5 ps  Cin =  0.9 ff  Cout =   4.0 ff  Cmax =  60.6 ff  G =  443  
ABC: Path 61 --    4005 : 3    2 AOI21_X1  A =   1.06  Df =2895.8  -58.3 ps  S =  28.9 ps  Cin =  1.6 ff  Cout =   3.2 ff  Cmax =  25.3 ff  G =  203  
ABC: Path 62 --    4006 : 3    2 OAI21_X1  A =   1.06  Df =2918.9  -10.7 ps  S =  22.7 ps  Cin =  1.6 ff  Cout =   2.6 ff  Cmax =  26.1 ff  G =  156  
ABC: Path 63 --    4007 : 3    3 AOI21_X1  A =   1.06  Df =2968.1  -35.4 ps  S =  36.8 ps  Cin =  1.6 ff  Cout =   4.9 ff  Cmax =  25.3 ff  G =  304  
ABC: Path 64 --    4008 : 3    2 OAI21_X1  A =   1.06  Df =2993.2  -21.0 ps  S =  22.7 ps  Cin =  1.6 ff  Cout =   2.6 ff  Cmax =  26.1 ff  G =  156  
ABC: Path 65 --    4009 : 3    3 AOI21_X1  A =   1.06  Df =3043.1  -46.4 ps  S =  36.7 ps  Cin =  1.6 ff  Cout =   4.9 ff  Cmax =  25.3 ff  G =  304  
ABC: Path 66 --    4010 : 3    2 OAI21_X1  A =   1.06  Df =3068.1  -31.9 ps  S =  22.8 ps  Cin =  1.6 ff  Cout =   2.7 ff  Cmax =  26.1 ff  G =  157  
ABC: Path 67 --    4011 : 3    2 AOI21_X1  A =   1.06  Df =3105.6  -49.7 ps  S =  25.2 ps  Cin =  1.6 ff  Cout =   2.5 ff  Cmax =  25.3 ff  G =  158  
ABC: Path 68 --    4012 : 3    3 OAI21_X1  A =   1.06  Df =3131.7  -28.2 ps  S =  30.1 ps  Cin =  1.6 ff  Cout =   4.2 ff  Cmax =  26.1 ff  G =  256  
ABC: Path 69 --    4013 : 3    3 AOI21_X1  A =   1.06  Df =3173.8  -47.3 ps  S =  29.7 ps  Cin =  1.6 ff  Cout =   3.4 ff  Cmax =  25.3 ff  G =  214  
ABC: Path 70 --    4014 : 3    3 OAI21_X1  A =   1.06  Df =3201.2  -28.9 ps  S =  30.1 ps  Cin =  1.6 ff  Cout =   4.2 ff  Cmax =  26.1 ff  G =  256  
ABC: Path 71 --    4015 : 3    3 AOI21_X1  A =   1.06  Df =3251.4  -52.9 ps  S =  36.7 ps  Cin =  1.6 ff  Cout =   4.9 ff  Cmax =  25.3 ff  G =  304  
ABC: Path 72 --    4016 : 3    2 OAI21_X1  A =   1.06  Df =3276.4  -38.0 ps  S =  22.8 ps  Cin =  1.6 ff  Cout =   2.6 ff  Cmax =  26.1 ff  G =  156  
ABC: Path 73 --    4017 : 3    3 AOI21_X1  A =   1.06  Df =3326.4  -63.4 ps  S =  36.7 ps  Cin =  1.6 ff  Cout =   4.9 ff  Cmax =  25.3 ff  G =  304  
ABC: Path 74 --    4018 : 3    2 OAI21_X1  A =   1.06  Df =3351.4  -50.4 ps  S =  22.7 ps  Cin =  1.6 ff  Cout =   2.6 ff  Cmax =  26.1 ff  G =  156  
ABC: Path 75 --    4019 : 3    3 AOI21_X1  A =   1.06  Df =3397.6  -73.6 ps  S =  33.3 ps  Cin =  1.6 ff  Cout =   4.2 ff  Cmax =  25.3 ff  G =  259  
ABC: Path 76 --    4020 : 3    3 OAI21_X1  A =   1.06  Df =3424.3  -57.5 ps  S =  27.0 ps  Cin =  1.6 ff  Cout =   3.6 ff  Cmax =  26.1 ff  G =  213  
ABC: Path 77 --    4021 : 3    3 AOI21_X1  A =   1.06  Df =3470.8  -80.0 ps  S =  33.3 ps  Cin =  1.6 ff  Cout =   4.2 ff  Cmax =  25.3 ff  G =  259  
ABC: Path 78 --    4035 : 3    1 OR3_X1    A =   1.33  Df =3505.5  -32.3 ps  S =  13.0 ps  Cin =  0.9 ff  Cout =   1.7 ff  Cmax =  60.6 ff  G =  177  
ABC: Path 79 --    4036 : 2    3 NAND2_X1  A =   0.80  Df =3526.9   -0.8 ps  S =  18.0 ps  Cin =  1.6 ff  Cout =   5.5 ff  Cmax =  59.4 ff  G =  338  
ABC: Path 80 --    4037 : 4    3 NOR4_X1   A =   1.33  Df =3632.9  -58.5 ps  S =  65.2 ps  Cin =  1.6 ff  Cout =   4.1 ff  Cmax =  10.5 ff  G =  256  
ABC: Path 81 --    4099 : 4    2 NAND4_X1  A =   1.33  Df =3675.4  -62.6 ps  S =  22.5 ps  Cin =  1.6 ff  Cout =   2.5 ff  Cmax =  56.0 ff  G =  159  
ABC: Path 82 --    4100 : 3    1 OR3_X1    A =   1.33  Df =3759.7  -71.7 ps  S =  12.9 ps  Cin =  0.9 ff  Cout =   1.6 ff  Cmax =  60.6 ff  G =  170  
ABC: Path 83 --    4102 : 4    9 OAI211_X1 A =   1.33  Df =3833.3 -105.0 ps  S =  59.3 ps  Cin =  1.6 ff  Cout =  10.1 ff  Cmax =  25.6 ff  G =  618  
ABC: Path 84 --    4116 : 1   10 BUF_X1    A =   0.80  Df =3900.0 -114.4 ps  S =  39.8 ps  Cin =  0.9 ff  Cout =  16.2 ff  Cmax =  60.7 ff  G = 1649  
ABC: Path 85 --    4117 : 3    2 AND3_X1   A =   1.33  Df =3954.5 -126.5 ps  S =  14.0 ps  Cin =  0.9 ff  Cout =   3.4 ff  Cmax =  60.4 ff  G =  352  
ABC: Path 86 --    4118 : 2    1 NOR2_X1   A =   0.80  Df =3965.4 -110.0 ps  S =  15.3 ps  Cin =  1.6 ff  Cout =   1.7 ff  Cmax =  26.7 ff  G =  101  
ABC: Path 87 --    4119 : 2    1 NOR2_X1   A =   0.80  Df =4034.9 -131.2 ps  S =  54.0 ps  Cin =  1.6 ff  Cout =  10.0 ff  Cmax =  26.7 ff  G =  630  
ABC: Start-point = pi50 (\b [4]).  End-point = po6 (\outA [15]).
ABC: + write_blif <abc-temp-dir>/output.blif 
ABC: 
ABC: YOSYS_ABC_DONE 

7.1.2. Re-integrating ABC results.
ABC RESULTS:           AND2_X1 cells:      290
ABC RESULTS:           AND3_X1 cells:      133
ABC RESULTS:           AND4_X1 cells:       14
ABC RESULTS:         AOI211_X1 cells:       10
ABC RESULTS:          AOI21_X1 cells:      372
ABC RESULTS:          AOI22_X1 cells:       31
ABC RESULTS:            BUF_X1 cells:      126
ABC RESULTS:            INV_X1 cells:      312
ABC RESULTS:           MUX2_X1 cells:       20
ABC RESULTS:          NAND2_X1 cells:      690
ABC RESULTS:          NAND3_X1 cells:      134
ABC RESULTS:          NAND4_X1 cells:       10
ABC RESULTS:           NOR2_X1 cells:      531
ABC RESULTS:           NOR3_X1 cells:       35
ABC RESULTS:           NOR4_X1 cells:        3
ABC RESULTS:         OAI211_X1 cells:       16
ABC RESULTS:          OAI21_X1 cells:      276
ABC RESULTS:          OAI22_X1 cells:        8
ABC RESULTS:          OAI33_X1 cells:        5
ABC RESULTS:            OR2_X1 cells:      117
ABC RESULTS:            OR3_X1 cells:      126
ABC RESULTS:            OR4_X1 cells:        2
ABC RESULTS:          XNOR2_X1 cells:      551
ABC RESULTS:           XOR2_X1 cells:      454
ABC RESULTS:        internal signals:    12153
ABC RESULTS:           input signals:       69
ABC RESULTS:          output signals:       46
Removing temp directory.
Removing global temp directory.
Removed 0 unused cells and 2818 unused wires.

8. Executing Verilog backend.

8.1. Executing BMUXMAP pass.

8.2. Executing DEMUXMAP pass.
Dumping module `\Butterfly'.

9. Printing statistics.

=== Butterfly ===

        +----------Local Count, excluding submodules.
        |        +-Local Area, excluding submodules.
        |        | 
     4241        - wires
     4807        - wire bits
       21        - public wires
      587        - public wire bits
        8        - ports
      118        - port bits
     4266 4.67E+03 cells
      290   308.56   AND2_X1
      133   176.89   AND3_X1
       14   22.344   AND4_X1
       10     13.3   AOI211_X1
      372  395.808   AOI21_X1
       31    41.23   AOI22_X1
      126  100.548   BUF_X1
      312  165.984   INV_X1
       20    37.24   MUX2_X1
      690   550.62   NAND2_X1
      134  142.576   NAND3_X1
       10     13.3   NAND4_X1
      531  423.738   NOR2_X1
       35    37.24   NOR3_X1
        3     3.99   NOR4_X1
       16    21.28   OAI211_X1
      276  293.664   OAI21_X1
        8    10.64   OAI22_X1
        5     9.31   OAI33_X1
      117  124.488   OR2_X1
      126   167.58   OR3_X1
        2    3.192   OR4_X1
      551  879.396   XNOR2_X1
      454  724.584   XOR2_X1

   Chip area for module '\Butterfly': 4667.502000
     of which used for sequential elements: 0.000000 (0.00%)

End of script. Logfile hash: 029f13d643, time: 8.39s, user: 0.39s, system: 0.04s, MEM: 67.28 MB peak
Yosys 0.67+post (git sha1 v0.67, Release, GNU /nix/store/vdaz6sk455r8sbpi7wzaf9vlz5i9yyvx-gcc-wrapper-15.2.0/bin/g++ 15.2.0)
Time spent: 96% 1x abc (8 sec), 1% 1x techmap (0 sec), ...
