Startpoint: _426999_ (rising edge-triggered flip-flop clocked by clk)
Endpoint: _426942_ (rising edge-triggered flip-flop clocked by clk)
Path Group: clk
Path Type: max

  Delay    Time   Description
---------------------------------------------------------
   0.00    0.00   clock clk (rise edge)
   0.00    0.00   clock network delay (ideal)
   0.00    0.00 ^ _426999_/CK (DFFR_X1)
   0.12    0.12 ^ _426999_/Q (DFFR_X1)
   0.01    0.14 v _210807_/ZN (NOR2_X1)
   0.04    0.18 ^ _210808_/ZN (OAI21_X1)
   0.03    0.21 v _210810_/ZN (AOI21_X1)
   0.05    0.25 ^ _210812_/ZN (AOI211_X1)
   0.03    0.28 v _210814_/ZN (OAI21_X1)
   0.04    0.32 ^ _210816_/ZN (AOI21_X1)
   0.02    0.34 v _210818_/ZN (OAI21_X1)
   0.04    0.38 v _210819_/ZN (AND2_X1)
   0.04    0.41 ^ _210821_/ZN (OAI21_X1)
   0.02    0.44 v _210823_/ZN (OAI21_X1)
   0.05    0.49 ^ _210824_/ZN (OAI21_X1)
   0.03    0.52 v _210826_/ZN (OAI211_X1)
   0.04    0.56 v _210827_/ZN (AND3_X1)
   0.09    0.65 v _210828_/ZN (OR3_X1)
   0.04    0.69 ^ _210829_/ZN (AOI21_X1)
   0.02    0.71 v _210830_/ZN (OAI21_X1)
   0.03    0.74 ^ _210831_/ZN (NAND3_X1)
   0.01    0.76 v _210848_/ZN (AOI21_X1)
   0.06    0.82 v _210849_/ZN (OR2_X1)
   0.11    0.93 v _210897_/ZN (OR4_X1)
   0.09    1.03 v _210898_/ZN (OR3_X1)
   0.07    1.09 ^ _210899_/ZN (NOR3_X1)
   0.05    1.14 v _396414_/ZN (AOI221_X1)
   0.13    1.27 v _396421_/ZN (OR4_X1)
   0.04    1.32 v _396425_/ZN (XNOR2_X1)
   0.06    1.37 v _396426_/Z (MUX2_X1)
   0.00    1.37 v _426942_/D (DFFR_X1)
           1.37   data arrival time

   5.00    5.00   clock clk (rise edge)
   0.00    5.00   clock network delay (ideal)
   0.00    5.00   clock reconvergence pessimism
           5.00 ^ _426942_/CK (DFFR_X1)
  -0.04    4.96   library setup time
           4.96   data required time
---------------------------------------------------------
           4.96   data required time
          -1.37   data arrival time
---------------------------------------------------------
           3.59   slack (MET)


Startpoint: _426999_ (rising edge-triggered flip-flop clocked by clk)
Endpoint: _426943_ (rising edge-triggered flip-flop clocked by clk)
Path Group: clk
Path Type: max

  Delay    Time   Description
---------------------------------------------------------
   0.00    0.00   clock clk (rise edge)
   0.00    0.00   clock network delay (ideal)
   0.00    0.00 ^ _426999_/CK (DFFR_X1)
   0.12    0.12 ^ _426999_/Q (DFFR_X1)
   0.01    0.14 v _210807_/ZN (NOR2_X1)
   0.04    0.18 ^ _210808_/ZN (OAI21_X1)
   0.03    0.21 v _210810_/ZN (AOI21_X1)
   0.05    0.25 ^ _210812_/ZN (AOI211_X1)
   0.03    0.28 v _210814_/ZN (OAI21_X1)
   0.04    0.32 ^ _210816_/ZN (AOI21_X1)
   0.02    0.34 v _210818_/ZN (OAI21_X1)
   0.04    0.38 v _210819_/ZN (AND2_X1)
   0.04    0.41 ^ _210821_/ZN (OAI21_X1)
   0.02    0.44 v _210823_/ZN (OAI21_X1)
   0.05    0.49 ^ _210824_/ZN (OAI21_X1)
   0.03    0.52 v _210826_/ZN (OAI211_X1)
   0.04    0.56 v _210827_/ZN (AND3_X1)
   0.09    0.65 v _210828_/ZN (OR3_X1)
   0.04    0.69 ^ _210829_/ZN (AOI21_X1)
   0.02    0.71 v _210830_/ZN (OAI21_X1)
   0.03    0.74 ^ _210831_/ZN (NAND3_X1)
   0.01    0.76 v _210848_/ZN (AOI21_X1)
   0.06    0.82 v _210849_/ZN (OR2_X1)
   0.11    0.93 v _210897_/ZN (OR4_X1)
   0.09    1.03 v _210898_/ZN (OR3_X1)
   0.07    1.09 ^ _210899_/ZN (NOR3_X1)
   0.05    1.14 v _396414_/ZN (AOI221_X1)
   0.13    1.27 v _396421_/ZN (OR4_X1)
   0.03    1.31 ^ _396427_/ZN (OAI21_X1)
   0.04    1.35 ^ _396430_/ZN (AND3_X1)
   0.01    1.36 v _396431_/ZN (AOI21_X1)
   0.00    1.36 v _426943_/D (DFFR_X1)
           1.36   data arrival time

   5.00    5.00   clock clk (rise edge)
   0.00    5.00   clock network delay (ideal)
   0.00    5.00   clock reconvergence pessimism
           5.00 ^ _426943_/CK (DFFR_X1)
  -0.04    4.96   library setup time
           4.96   data required time
---------------------------------------------------------
           4.96   data required time
          -1.36   data arrival time
---------------------------------------------------------
           3.60   slack (MET)


Startpoint: _425397_ (rising edge-triggered flip-flop clocked by clk)
Endpoint: _425305_ (rising edge-triggered flip-flop clocked by clk)
Path Group: clk
Path Type: max

  Delay    Time   Description
---------------------------------------------------------
   0.00    0.00   clock clk (rise edge)
   0.00    0.00   clock network delay (ideal)
   0.00    0.00 ^ _425397_/CK (DFFR_X1)
   0.09    0.09 v _425397_/Q (DFFR_X1)
   0.06    0.15 v _211026_/Z (XOR2_X1)
   0.04    0.20 ^ _211027_/ZN (AOI21_X1)
   0.02    0.22 v _211029_/ZN (AOI21_X1)
   0.05    0.28 ^ _211030_/ZN (AOI21_X1)
   0.02    0.29 v _211032_/ZN (AOI211_X1)
   0.06    0.35 v _211033_/ZN (OR2_X1)
   0.04    0.39 ^ _211035_/ZN (OAI21_X1)
   0.03    0.42 v _211036_/ZN (OAI21_X1)
   0.04    0.46 ^ _211038_/ZN (OAI211_X1)
   0.02    0.48 v _211039_/ZN (AOI21_X1)
   0.05    0.53 ^ _211040_/ZN (AOI21_X1)
   0.03    0.56 v _211041_/ZN (OAI21_X1)
   0.04    0.60 ^ _211043_/ZN (OAI21_X1)
   0.03    0.63 v _211044_/ZN (OAI21_X1)
   0.04    0.67 ^ _211046_/ZN (OAI211_X1)
   0.02    0.69 v _211065_/ZN (NAND2_X1)
   0.04    0.73 ^ _211067_/ZN (XNOR2_X1)
   0.03    0.76 v _211110_/ZN (NAND4_X1)
   0.08    0.85 v _211111_/ZN (OR3_X1)
   0.12    0.96 v _211112_/ZN (OR4_X1)
   0.07    1.03 ^ _211113_/ZN (NOR3_X1)
   0.04    1.07 v _211119_/ZN (AOI221_X1)
   0.13    1.21 v _360512_/ZN (OR4_X1)
   0.06    1.27 v _360518_/ZN (OR2_X1)
   0.04    1.30 v _360522_/ZN (XNOR2_X1)
   0.06    1.36 v _360523_/Z (MUX2_X1)
   0.00    1.36 v _425305_/D (DFFR_X1)
           1.36   data arrival time

   5.00    5.00   clock clk (rise edge)
   0.00    5.00   clock network delay (ideal)
   0.00    5.00   clock reconvergence pessimism
           5.00 ^ _425305_/CK (DFFR_X1)
  -0.04    4.96   library setup time
           4.96   data required time
---------------------------------------------------------
           4.96   data required time
          -1.36   data arrival time
---------------------------------------------------------
           3.60   slack (MET)


Startpoint: _425397_ (rising edge-triggered flip-flop clocked by clk)
Endpoint: _425306_ (rising edge-triggered flip-flop clocked by clk)
Path Group: clk
Path Type: max

  Delay    Time   Description
---------------------------------------------------------
   0.00    0.00   clock clk (rise edge)
   0.00    0.00   clock network delay (ideal)
   0.00    0.00 ^ _425397_/CK (DFFR_X1)
   0.09    0.09 v _425397_/Q (DFFR_X1)
   0.06    0.15 v _211026_/Z (XOR2_X1)
   0.04    0.20 ^ _211027_/ZN (AOI21_X1)
   0.02    0.22 v _211029_/ZN (AOI21_X1)
   0.05    0.28 ^ _211030_/ZN (AOI21_X1)
   0.02    0.29 v _211032_/ZN (AOI211_X1)
   0.06    0.35 v _211033_/ZN (OR2_X1)
   0.04    0.39 ^ _211035_/ZN (OAI21_X1)
   0.03    0.42 v _211036_/ZN (OAI21_X1)
   0.04    0.46 ^ _211038_/ZN (OAI211_X1)
   0.02    0.48 v _211039_/ZN (AOI21_X1)
   0.05    0.53 ^ _211040_/ZN (AOI21_X1)
   0.03    0.56 v _211041_/ZN (OAI21_X1)
   0.04    0.60 ^ _211043_/ZN (OAI21_X1)
   0.03    0.63 v _211044_/ZN (OAI21_X1)
   0.04    0.67 ^ _211046_/ZN (OAI211_X1)
   0.02    0.69 v _211065_/ZN (NAND2_X1)
   0.04    0.73 ^ _211067_/ZN (XNOR2_X1)
   0.03    0.76 v _211110_/ZN (NAND4_X1)
   0.08    0.85 v _211111_/ZN (OR3_X1)
   0.12    0.96 v _211112_/ZN (OR4_X1)
   0.07    1.03 ^ _211113_/ZN (NOR3_X1)
   0.04    1.07 v _211119_/ZN (AOI221_X1)
   0.13    1.21 v _360512_/ZN (OR4_X1)
   0.06    1.27 ^ _360524_/ZN (NOR3_X1)
   0.02    1.29 v _360525_/ZN (XNOR2_X1)
   0.06    1.34 v _360527_/Z (MUX2_X1)
   0.00    1.34 v _425306_/D (DFFR_X1)
           1.34   data arrival time

   5.00    5.00   clock clk (rise edge)
   0.00    5.00   clock network delay (ideal)
   0.00    5.00   clock reconvergence pessimism
           5.00 ^ _425306_/CK (DFFR_X1)
  -0.04    4.96   library setup time
           4.96   data required time
---------------------------------------------------------
           4.96   data required time
          -1.34   data arrival time
---------------------------------------------------------
           3.62   slack (MET)


Startpoint: _426999_ (rising edge-triggered flip-flop clocked by clk)
Endpoint: _426956_ (rising edge-triggered flip-flop clocked by clk)
Path Group: clk
Path Type: max

  Delay    Time   Description
---------------------------------------------------------
   0.00    0.00   clock clk (rise edge)
   0.00    0.00   clock network delay (ideal)
   0.00    0.00 ^ _426999_/CK (DFFR_X1)
   0.12    0.12 ^ _426999_/Q (DFFR_X1)
   0.01    0.14 v _210807_/ZN (NOR2_X1)
   0.04    0.18 ^ _210808_/ZN (OAI21_X1)
   0.03    0.21 v _210810_/ZN (AOI21_X1)
   0.05    0.25 ^ _210812_/ZN (AOI211_X1)
   0.03    0.28 v _210814_/ZN (OAI21_X1)
   0.04    0.32 ^ _210816_/ZN (AOI21_X1)
   0.02    0.34 v _210818_/ZN (OAI21_X1)
   0.04    0.38 v _210819_/ZN (AND2_X1)
   0.04    0.41 ^ _210821_/ZN (OAI21_X1)
   0.02    0.44 v _210823_/ZN (OAI21_X1)
   0.05    0.49 ^ _210824_/ZN (OAI21_X1)
   0.03    0.52 v _210826_/ZN (OAI211_X1)
   0.04    0.56 v _210827_/ZN (AND3_X1)
   0.09    0.65 v _210828_/ZN (OR3_X1)
   0.04    0.69 ^ _210829_/ZN (AOI21_X1)
   0.02    0.71 v _210830_/ZN (OAI21_X1)
   0.03    0.74 ^ _210831_/ZN (NAND3_X1)
   0.01    0.76 v _210848_/ZN (AOI21_X1)
   0.06    0.82 v _210849_/ZN (OR2_X1)
   0.11    0.93 v _210897_/ZN (OR4_X1)
   0.09    1.03 v _210898_/ZN (OR3_X1)
   0.07    1.09 ^ _210899_/ZN (NOR3_X1)
   0.05    1.14 v _396414_/ZN (AOI221_X1)
   0.06    1.20 ^ _396469_/ZN (NOR2_X1)
   0.03    1.23 v _396474_/ZN (NAND3_X1)
   0.04    1.27 v _396477_/ZN (XNOR2_X1)
   0.06    1.33 v _396478_/Z (MUX2_X1)
   0.00    1.33 v _426956_/D (DFFR_X1)
           1.33   data arrival time

   5.00    5.00   clock clk (rise edge)
   0.00    5.00   clock network delay (ideal)
   0.00    5.00   clock reconvergence pessimism
           5.00 ^ _426956_/CK (DFFR_X1)
  -0.04    4.96   library setup time
           4.96   data required time
---------------------------------------------------------
           4.96   data required time
          -1.33   data arrival time
---------------------------------------------------------
           3.63   slack (MET)


Startpoint: _426999_ (rising edge-triggered flip-flop clocked by clk)
Endpoint: _426946_ (rising edge-triggered flip-flop clocked by clk)
Path Group: clk
Path Type: max

  Delay    Time   Description
---------------------------------------------------------
   0.00    0.00   clock clk (rise edge)
   0.00    0.00   clock network delay (ideal)
   0.00    0.00 ^ _426999_/CK (DFFR_X1)
   0.12    0.12 ^ _426999_/Q (DFFR_X1)
   0.01    0.14 v _210807_/ZN (NOR2_X1)
   0.04    0.18 ^ _210808_/ZN (OAI21_X1)
   0.03    0.21 v _210810_/ZN (AOI21_X1)
   0.05    0.25 ^ _210812_/ZN (AOI211_X1)
   0.03    0.28 v _210814_/ZN (OAI21_X1)
   0.04    0.32 ^ _210816_/ZN (AOI21_X1)
   0.02    0.34 v _210818_/ZN (OAI21_X1)
   0.04    0.38 v _210819_/ZN (AND2_X1)
   0.04    0.41 ^ _210821_/ZN (OAI21_X1)
   0.02    0.44 v _210823_/ZN (OAI21_X1)
   0.05    0.49 ^ _210824_/ZN (OAI21_X1)
   0.03    0.52 v _210826_/ZN (OAI211_X1)
   0.04    0.56 v _210827_/ZN (AND3_X1)
   0.09    0.65 v _210828_/ZN (OR3_X1)
   0.04    0.69 ^ _210829_/ZN (AOI21_X1)
   0.02    0.71 v _210830_/ZN (OAI21_X1)
   0.03    0.74 ^ _210831_/ZN (NAND3_X1)
   0.01    0.76 v _210848_/ZN (AOI21_X1)
   0.06    0.82 v _210849_/ZN (OR2_X1)
   0.11    0.93 v _210897_/ZN (OR4_X1)
   0.09    1.03 v _210898_/ZN (OR3_X1)
   0.07    1.09 ^ _210899_/ZN (NOR3_X1)
   0.05    1.14 v _396414_/ZN (AOI221_X1)
   0.06    1.20 v _396415_/Z (BUF_X1)
   0.05    1.25 ^ _396439_/ZN (NOR2_X1)
   0.02    1.27 v _396440_/ZN (OAI21_X1)
   0.04    1.31 ^ _396441_/ZN (AOI21_X1)
   0.01    1.32 v _396442_/ZN (AOI21_X1)
   0.00    1.32 v _426946_/D (DFFR_X1)
           1.32   data arrival time

   5.00    5.00   clock clk (rise edge)
   0.00    5.00   clock network delay (ideal)
   0.00    5.00   clock reconvergence pessimism
           5.00 ^ _426946_/CK (DFFR_X1)
  -0.04    4.96   library setup time
           4.96   data required time
---------------------------------------------------------
           4.96   data required time
          -1.32   data arrival time
---------------------------------------------------------
           3.63   slack (MET)


Startpoint: _426999_ (rising edge-triggered flip-flop clocked by clk)
Endpoint: _426951_ (rising edge-triggered flip-flop clocked by clk)
Path Group: clk
Path Type: max

  Delay    Time   Description
---------------------------------------------------------
   0.00    0.00   clock clk (rise edge)
   0.00    0.00   clock network delay (ideal)
   0.00    0.00 ^ _426999_/CK (DFFR_X1)
   0.12    0.12 ^ _426999_/Q (DFFR_X1)
   0.01    0.14 v _210807_/ZN (NOR2_X1)
   0.04    0.18 ^ _210808_/ZN (OAI21_X1)
   0.03    0.21 v _210810_/ZN (AOI21_X1)
   0.05    0.25 ^ _210812_/ZN (AOI211_X1)
   0.03    0.28 v _210814_/ZN (OAI21_X1)
   0.04    0.32 ^ _210816_/ZN (AOI21_X1)
   0.02    0.34 v _210818_/ZN (OAI21_X1)
   0.04    0.38 v _210819_/ZN (AND2_X1)
   0.04    0.41 ^ _210821_/ZN (OAI21_X1)
   0.02    0.44 v _210823_/ZN (OAI21_X1)
   0.05    0.49 ^ _210824_/ZN (OAI21_X1)
   0.03    0.52 v _210826_/ZN (OAI211_X1)
   0.04    0.56 v _210827_/ZN (AND3_X1)
   0.09    0.65 v _210828_/ZN (OR3_X1)
   0.04    0.69 ^ _210829_/ZN (AOI21_X1)
   0.02    0.71 v _210830_/ZN (OAI21_X1)
   0.03    0.74 ^ _210831_/ZN (NAND3_X1)
   0.01    0.76 v _210848_/ZN (AOI21_X1)
   0.06    0.82 v _210849_/ZN (OR2_X1)
   0.11    0.93 v _210897_/ZN (OR4_X1)
   0.09    1.03 v _210898_/ZN (OR3_X1)
   0.07    1.09 ^ _210899_/ZN (NOR3_X1)
   0.05    1.14 v _396414_/ZN (AOI221_X1)
   0.11    1.25 ^ _396455_/ZN (NOR4_X1)
   0.05    1.30 ^ _396460_/ZN (XNOR2_X1)
   0.01    1.32 v _396461_/ZN (OAI21_X1)
   0.00    1.32 v _426951_/D (DFFR_X1)
           1.32   data arrival time

   5.00    5.00   clock clk (rise edge)
   0.00    5.00   clock network delay (ideal)
   0.00    5.00   clock reconvergence pessimism
           5.00 ^ _426951_/CK (DFFR_X1)
  -0.04    4.96   library setup time
           4.96   data required time
---------------------------------------------------------
           4.96   data required time
          -1.32   data arrival time
---------------------------------------------------------
           3.64   slack (MET)


Startpoint: _426999_ (rising edge-triggered flip-flop clocked by clk)
Endpoint: _426941_ (rising edge-triggered flip-flop clocked by clk)
Path Group: clk
Path Type: max

  Delay    Time   Description
---------------------------------------------------------
   0.00    0.00   clock clk (rise edge)
   0.00    0.00   clock network delay (ideal)
   0.00    0.00 ^ _426999_/CK (DFFR_X1)
   0.12    0.12 ^ _426999_/Q (DFFR_X1)
   0.01    0.14 v _210807_/ZN (NOR2_X1)
   0.04    0.18 ^ _210808_/ZN (OAI21_X1)
   0.03    0.21 v _210810_/ZN (AOI21_X1)
   0.05    0.25 ^ _210812_/ZN (AOI211_X1)
   0.03    0.28 v _210814_/ZN (OAI21_X1)
   0.04    0.32 ^ _210816_/ZN (AOI21_X1)
   0.02    0.34 v _210818_/ZN (OAI21_X1)
   0.04    0.38 v _210819_/ZN (AND2_X1)
   0.04    0.41 ^ _210821_/ZN (OAI21_X1)
   0.02    0.44 v _210823_/ZN (OAI21_X1)
   0.05    0.49 ^ _210824_/ZN (OAI21_X1)
   0.03    0.52 v _210826_/ZN (OAI211_X1)
   0.04    0.56 v _210827_/ZN (AND3_X1)
   0.09    0.65 v _210828_/ZN (OR3_X1)
   0.04    0.69 ^ _210829_/ZN (AOI21_X1)
   0.02    0.71 v _210830_/ZN (OAI21_X1)
   0.03    0.74 ^ _210831_/ZN (NAND3_X1)
   0.01    0.76 v _210848_/ZN (AOI21_X1)
   0.06    0.82 v _210849_/ZN (OR2_X1)
   0.11    0.93 v _210897_/ZN (OR4_X1)
   0.09    1.03 v _210898_/ZN (OR3_X1)
   0.07    1.09 ^ _210899_/ZN (NOR3_X1)
   0.05    1.14 v _396414_/ZN (AOI221_X1)
   0.13    1.27 v _396421_/ZN (OR4_X1)
   0.02    1.29 ^ _396423_/ZN (NAND2_X1)
   0.03    1.32 ^ _396424_/Z (MUX2_X1)
   0.00    1.32 ^ _426941_/D (DFFR_X1)
           1.32   data arrival time

   5.00    5.00   clock clk (rise edge)
   0.00    5.00   clock network delay (ideal)
   0.00    5.00   clock reconvergence pessimism
           5.00 ^ _426941_/CK (DFFR_X1)
  -0.03    4.97   library setup time
           4.97   data required time
---------------------------------------------------------
           4.97   data required time
          -1.32   data arrival time
---------------------------------------------------------
           3.64   slack (MET)


Startpoint: _426999_ (rising edge-triggered flip-flop clocked by clk)
Endpoint: _426948_ (rising edge-triggered flip-flop clocked by clk)
Path Group: clk
Path Type: max

  Delay    Time   Description
---------------------------------------------------------
   0.00    0.00   clock clk (rise edge)
   0.00    0.00   clock network delay (ideal)
   0.00    0.00 ^ _426999_/CK (DFFR_X1)
   0.12    0.12 ^ _426999_/Q (DFFR_X1)
   0.01    0.14 v _210807_/ZN (NOR2_X1)
   0.04    0.18 ^ _210808_/ZN (OAI21_X1)
   0.03    0.21 v _210810_/ZN (AOI21_X1)
   0.05    0.25 ^ _210812_/ZN (AOI211_X1)
   0.03    0.28 v _210814_/ZN (OAI21_X1)
   0.04    0.32 ^ _210816_/ZN (AOI21_X1)
   0.02    0.34 v _210818_/ZN (OAI21_X1)
   0.04    0.38 v _210819_/ZN (AND2_X1)
   0.04    0.41 ^ _210821_/ZN (OAI21_X1)
   0.02    0.44 v _210823_/ZN (OAI21_X1)
   0.05    0.49 ^ _210824_/ZN (OAI21_X1)
   0.03    0.52 v _210826_/ZN (OAI211_X1)
   0.04    0.56 v _210827_/ZN (AND3_X1)
   0.09    0.65 v _210828_/ZN (OR3_X1)
   0.04    0.69 ^ _210829_/ZN (AOI21_X1)
   0.02    0.71 v _210830_/ZN (OAI21_X1)
   0.03    0.74 ^ _210831_/ZN (NAND3_X1)
   0.01    0.76 v _210848_/ZN (AOI21_X1)
   0.06    0.82 v _210849_/ZN (OR2_X1)
   0.11    0.93 v _210897_/ZN (OR4_X1)
   0.09    1.03 v _210898_/ZN (OR3_X1)
   0.07    1.09 ^ _210899_/ZN (NOR3_X1)
   0.05    1.14 v _396414_/ZN (AOI221_X1)
   0.06    1.20 v _396415_/Z (BUF_X1)
   0.04    1.24 ^ _396445_/ZN (NOR2_X1)
   0.01    1.25 v _396449_/ZN (NOR2_X1)
   0.05    1.30 ^ _396450_/ZN (NOR3_X1)
   0.02    1.31 v _396451_/ZN (AOI21_X1)
   0.00    1.31 v _426948_/D (DFFR_X1)
           1.31   data arrival time

   5.00    5.00   clock clk (rise edge)
   0.00    5.00   clock network delay (ideal)
   0.00    5.00   clock reconvergence pessimism
           5.00 ^ _426948_/CK (DFFR_X1)
  -0.04    4.96   library setup time
           4.96   data required time
---------------------------------------------------------
           4.96   data required time
          -1.31   data arrival time
---------------------------------------------------------
           3.64   slack (MET)


Startpoint: _426999_ (rising edge-triggered flip-flop clocked by clk)
Endpoint: _426947_ (rising edge-triggered flip-flop clocked by clk)
Path Group: clk
Path Type: max

  Delay    Time   Description
---------------------------------------------------------
   0.00    0.00   clock clk (rise edge)
   0.00    0.00   clock network delay (ideal)
   0.00    0.00 ^ _426999_/CK (DFFR_X1)
   0.12    0.12 ^ _426999_/Q (DFFR_X1)
   0.01    0.14 v _210807_/ZN (NOR2_X1)
   0.04    0.18 ^ _210808_/ZN (OAI21_X1)
   0.03    0.21 v _210810_/ZN (AOI21_X1)
   0.05    0.25 ^ _210812_/ZN (AOI211_X1)
   0.03    0.28 v _210814_/ZN (OAI21_X1)
   0.04    0.32 ^ _210816_/ZN (AOI21_X1)
   0.02    0.34 v _210818_/ZN (OAI21_X1)
   0.04    0.38 v _210819_/ZN (AND2_X1)
   0.04    0.41 ^ _210821_/ZN (OAI21_X1)
   0.02    0.44 v _210823_/ZN (OAI21_X1)
   0.05    0.49 ^ _210824_/ZN (OAI21_X1)
   0.03    0.52 v _210826_/ZN (OAI211_X1)
   0.04    0.56 v _210827_/ZN (AND3_X1)
   0.09    0.65 v _210828_/ZN (OR3_X1)
   0.04    0.69 ^ _210829_/ZN (AOI21_X1)
   0.02    0.71 v _210830_/ZN (OAI21_X1)
   0.03    0.74 ^ _210831_/ZN (NAND3_X1)
   0.01    0.76 v _210848_/ZN (AOI21_X1)
   0.06    0.82 v _210849_/ZN (OR2_X1)
   0.11    0.93 v _210897_/ZN (OR4_X1)
   0.09    1.03 v _210898_/ZN (OR3_X1)
   0.07    1.09 ^ _210899_/ZN (NOR3_X1)
   0.05    1.14 v _396414_/ZN (AOI221_X1)
   0.06    1.20 v _396415_/Z (BUF_X1)
   0.05    1.25 ^ _396439_/ZN (NOR2_X1)
   0.02    1.26 v _396443_/ZN (AOI21_X1)
   0.03    1.29 ^ _396446_/ZN (OAI21_X1)
   0.02    1.31 v _396447_/ZN (OAI21_X1)
   0.00    1.31 v _426947_/D (DFFR_X1)
           1.31   data arrival time

   5.00    5.00   clock clk (rise edge)
   0.00    5.00   clock network delay (ideal)
   0.00    5.00   clock reconvergence pessimism
           5.00 ^ _426947_/CK (DFFR_X1)
  -0.04    4.96   library setup time
           4.96   data required time
---------------------------------------------------------
           4.96   data required time
          -1.31   data arrival time
---------------------------------------------------------
           3.65   slack (MET)


