Startpoint: _194593_ (rising edge-triggered flip-flop clocked by clk)
Endpoint: _194377_ (rising edge-triggered flip-flop clocked by clk)
Path Group: reg2reg
Path Type: max

  Delay    Time   Description
---------------------------------------------------------
   0.00    0.00   clock clk (rise edge)
   0.00    0.00   clock network delay (ideal)
   0.00    0.00 ^ _194593_/CK (DFFR_X1)
   0.11    0.11 ^ _194593_/Q (DFFR_X1)
   0.06    0.17 ^ _106395_/Z (XOR2_X1)
   0.03    0.19 v _106401_/ZN (AOI21_X1)
   0.05    0.24 ^ _106407_/ZN (OAI21_X1)
   0.03    0.26 v _106414_/ZN (AOI21_X1)
   0.04    0.31 ^ _106427_/ZN (OAI211_X1)
   0.03    0.33 v _106433_/ZN (NAND3_X1)
   0.02    0.36 ^ _106441_/ZN (NAND3_X1)
   0.04    0.40 ^ _106445_/ZN (AND3_X1)
   0.02    0.42 v _106446_/ZN (AOI21_X1)
   0.07    0.48 ^ _106455_/ZN (AOI211_X1)
   0.03    0.51 v _106464_/ZN (OAI21_X1)
   0.04    0.55 ^ _106470_/ZN (AOI21_X1)
   0.02    0.57 v _106474_/ZN (AOI21_X1)
   0.04    0.62 ^ _106481_/ZN (AOI21_X1)
   0.02    0.64 v _106486_/ZN (AOI21_X1)
   0.05    0.69 ^ _106493_/ZN (AOI21_X1)
   0.03    0.72 v _106497_/ZN (AOI21_X1)
   0.06    0.78 ^ _106506_/ZN (AOI211_X1)
   0.04    0.82 ^ _106518_/ZN (OR3_X1)
   0.06    0.88 ^ _106529_/ZN (AND4_X1)
   0.02    0.90 v _106534_/ZN (OAI21_X1)
   0.11    1.00 ^ _106546_/ZN (AOI211_X1)
   0.05    1.06 v _106558_/ZN (NAND4_X1)
   0.10    1.16 ^ _106566_/ZN (NOR3_X1)
   0.04    1.20 v _106577_/ZN (NAND4_X1)
   0.04    1.24 v _106578_/ZN (XNOR2_X1)
   0.06    1.30 v _106579_/Z (MUX2_X1)
   0.00    1.30 v _194377_/D (DFFR_X1)
           1.30   data arrival time

   5.00    5.00   clock clk (rise edge)
   0.00    5.00   clock network delay (ideal)
   0.00    5.00   clock reconvergence pessimism
           5.00 ^ _194377_/CK (DFFR_X1)
  -0.04    4.96   library setup time
           4.96   data required time
---------------------------------------------------------
           4.96   data required time
          -1.30   data arrival time
---------------------------------------------------------
           3.66   slack (MET)


Startpoint: _207943_ (rising edge-triggered flip-flop clocked by clk)
Endpoint: _194216_ (rising edge-triggered flip-flop clocked by clk)
Path Group: reg2reg
Path Type: max

  Delay    Time   Description
---------------------------------------------------------
   0.00    0.00   clock clk (rise edge)
   0.00    0.00   clock network delay (ideal)
   0.00    0.00 ^ _207943_/CK (DFFR_X1)
   0.11    0.11 ^ _207943_/Q (DFFR_X1)
   0.02    0.13 v _105607_/ZN (NAND2_X1)
   0.04    0.17 ^ _105613_/ZN (OAI21_X1)
   0.02    0.20 v _105619_/ZN (AOI21_X1)
   0.04    0.24 ^ _105625_/ZN (OAI21_X1)
   0.02    0.26 v _105631_/ZN (AOI21_X1)
   0.05    0.31 ^ _105639_/ZN (OAI21_X1)
   0.02    0.33 v _105644_/ZN (AOI21_X1)
   0.04    0.38 ^ _105651_/ZN (AOI21_X1)
   0.03    0.41 v _105655_/ZN (AOI21_X1)
   0.06    0.47 ^ _105664_/ZN (AOI211_X1)
   0.02    0.49 v _105670_/ZN (OAI21_X1)
   0.04    0.53 v _105675_/ZN (AND2_X1)
   0.05    0.58 ^ _105680_/ZN (OAI21_X1)
   0.02    0.60 v _105691_/ZN (OAI211_X1)
   0.04    0.64 v _105692_/ZN (AND2_X1)
   0.04    0.68 ^ _105699_/ZN (AOI21_X1)
   0.03    0.71 v _105704_/ZN (AOI21_X1)
   0.06    0.77 ^ _105713_/ZN (AOI211_X1)
   0.04    0.81 ^ _105725_/ZN (OR3_X1)
   0.06    0.87 ^ _105736_/ZN (AND4_X1)
   0.02    0.89 v _105741_/ZN (OAI21_X1)
   0.11    0.99 ^ _105754_/ZN (AOI211_X1)
   0.05    1.05 v _105765_/ZN (NAND4_X1)
   0.10    1.15 ^ _105774_/ZN (NOR3_X1)
   0.04    1.19 v _105784_/ZN (NAND4_X1)
   0.04    1.23 v _105785_/ZN (XNOR2_X1)
   0.06    1.29 v _105786_/Z (MUX2_X1)
   0.00    1.29 v _194216_/D (DFFR_X1)
           1.29   data arrival time

   5.00    5.00   clock clk (rise edge)
   0.00    5.00   clock network delay (ideal)
   0.00    5.00   clock reconvergence pessimism
           5.00 ^ _194216_/CK (DFFR_X1)
  -0.04    4.96   library setup time
           4.96   data required time
---------------------------------------------------------
           4.96   data required time
          -1.29   data arrival time
---------------------------------------------------------
           3.67   slack (MET)


Startpoint: _194593_ (rising edge-triggered flip-flop clocked by clk)
Endpoint: _194376_ (rising edge-triggered flip-flop clocked by clk)
Path Group: reg2reg
Path Type: max

  Delay    Time   Description
---------------------------------------------------------
   0.00    0.00   clock clk (rise edge)
   0.00    0.00   clock network delay (ideal)
   0.00    0.00 ^ _194593_/CK (DFFR_X1)
   0.11    0.11 ^ _194593_/Q (DFFR_X1)
   0.06    0.17 ^ _106395_/Z (XOR2_X1)
   0.03    0.19 v _106401_/ZN (AOI21_X1)
   0.05    0.24 ^ _106407_/ZN (OAI21_X1)
   0.03    0.26 v _106414_/ZN (AOI21_X1)
   0.04    0.31 ^ _106427_/ZN (OAI211_X1)
   0.03    0.33 v _106433_/ZN (NAND3_X1)
   0.02    0.36 ^ _106441_/ZN (NAND3_X1)
   0.04    0.40 ^ _106445_/ZN (AND3_X1)
   0.02    0.42 v _106446_/ZN (AOI21_X1)
   0.07    0.48 ^ _106455_/ZN (AOI211_X1)
   0.03    0.51 v _106464_/ZN (OAI21_X1)
   0.04    0.55 ^ _106470_/ZN (AOI21_X1)
   0.02    0.57 v _106474_/ZN (AOI21_X1)
   0.04    0.62 ^ _106481_/ZN (AOI21_X1)
   0.02    0.64 v _106486_/ZN (AOI21_X1)
   0.05    0.69 ^ _106493_/ZN (AOI21_X1)
   0.03    0.72 v _106497_/ZN (AOI21_X1)
   0.06    0.78 ^ _106506_/ZN (AOI211_X1)
   0.04    0.82 ^ _106518_/ZN (OR3_X1)
   0.06    0.88 ^ _106529_/ZN (AND4_X1)
   0.02    0.90 v _106534_/ZN (OAI21_X1)
   0.11    1.00 ^ _106546_/ZN (AOI211_X1)
   0.05    1.06 v _106558_/ZN (NAND4_X1)
   0.10    1.16 ^ _106566_/ZN (NOR3_X1)
   0.03    1.19 v _106574_/ZN (NAND3_X1)
   0.04    1.23 v _106575_/ZN (XNOR2_X1)
   0.06    1.29 v _106576_/Z (MUX2_X1)
   0.00    1.29 v _194376_/D (DFFR_X1)
           1.29   data arrival time

   5.00    5.00   clock clk (rise edge)
   0.00    5.00   clock network delay (ideal)
   0.00    5.00   clock reconvergence pessimism
           5.00 ^ _194376_/CK (DFFR_X1)
  -0.04    4.96   library setup time
           4.96   data required time
---------------------------------------------------------
           4.96   data required time
          -1.29   data arrival time
---------------------------------------------------------
           3.67   slack (MET)


Startpoint: _207943_ (rising edge-triggered flip-flop clocked by clk)
Endpoint: _194215_ (rising edge-triggered flip-flop clocked by clk)
Path Group: reg2reg
Path Type: max

  Delay    Time   Description
---------------------------------------------------------
   0.00    0.00   clock clk (rise edge)
   0.00    0.00   clock network delay (ideal)
   0.00    0.00 ^ _207943_/CK (DFFR_X1)
   0.11    0.11 ^ _207943_/Q (DFFR_X1)
   0.02    0.13 v _105607_/ZN (NAND2_X1)
   0.04    0.17 ^ _105613_/ZN (OAI21_X1)
   0.02    0.20 v _105619_/ZN (AOI21_X1)
   0.04    0.24 ^ _105625_/ZN (OAI21_X1)
   0.02    0.26 v _105631_/ZN (AOI21_X1)
   0.05    0.31 ^ _105639_/ZN (OAI21_X1)
   0.02    0.33 v _105644_/ZN (AOI21_X1)
   0.04    0.38 ^ _105651_/ZN (AOI21_X1)
   0.03    0.41 v _105655_/ZN (AOI21_X1)
   0.06    0.47 ^ _105664_/ZN (AOI211_X1)
   0.02    0.49 v _105670_/ZN (OAI21_X1)
   0.04    0.53 v _105675_/ZN (AND2_X1)
   0.05    0.58 ^ _105680_/ZN (OAI21_X1)
   0.02    0.60 v _105691_/ZN (OAI211_X1)
   0.04    0.64 v _105692_/ZN (AND2_X1)
   0.04    0.68 ^ _105699_/ZN (AOI21_X1)
   0.03    0.71 v _105704_/ZN (AOI21_X1)
   0.06    0.77 ^ _105713_/ZN (AOI211_X1)
   0.04    0.81 ^ _105725_/ZN (OR3_X1)
   0.06    0.87 ^ _105736_/ZN (AND4_X1)
   0.02    0.89 v _105741_/ZN (OAI21_X1)
   0.11    0.99 ^ _105754_/ZN (AOI211_X1)
   0.05    1.05 v _105765_/ZN (NAND4_X1)
   0.10    1.15 ^ _105774_/ZN (NOR3_X1)
   0.03    1.18 v _105781_/ZN (NAND3_X1)
   0.04    1.22 v _105782_/ZN (XNOR2_X1)
   0.06    1.28 v _105783_/Z (MUX2_X1)
   0.00    1.28 v _194215_/D (DFFR_X1)
           1.28   data arrival time

   5.00    5.00   clock clk (rise edge)
   0.00    5.00   clock network delay (ideal)
   0.00    5.00   clock reconvergence pessimism
           5.00 ^ _194215_/CK (DFFR_X1)
  -0.04    4.96   library setup time
           4.96   data required time
---------------------------------------------------------
           4.96   data required time
          -1.28   data arrival time
---------------------------------------------------------
           3.68   slack (MET)


Startpoint: _194593_ (rising edge-triggered flip-flop clocked by clk)
Endpoint: _194375_ (rising edge-triggered flip-flop clocked by clk)
Path Group: reg2reg
Path Type: max

  Delay    Time   Description
---------------------------------------------------------
   0.00    0.00   clock clk (rise edge)
   0.00    0.00   clock network delay (ideal)
   0.00    0.00 ^ _194593_/CK (DFFR_X1)
   0.11    0.11 ^ _194593_/Q (DFFR_X1)
   0.06    0.17 ^ _106395_/Z (XOR2_X1)
   0.03    0.19 v _106401_/ZN (AOI21_X1)
   0.05    0.24 ^ _106407_/ZN (OAI21_X1)
   0.03    0.26 v _106414_/ZN (AOI21_X1)
   0.04    0.31 ^ _106427_/ZN (OAI211_X1)
   0.03    0.33 v _106433_/ZN (NAND3_X1)
   0.02    0.36 ^ _106441_/ZN (NAND3_X1)
   0.04    0.40 ^ _106445_/ZN (AND3_X1)
   0.02    0.42 v _106446_/ZN (AOI21_X1)
   0.07    0.48 ^ _106455_/ZN (AOI211_X1)
   0.03    0.51 v _106464_/ZN (OAI21_X1)
   0.04    0.55 ^ _106470_/ZN (AOI21_X1)
   0.02    0.57 v _106474_/ZN (AOI21_X1)
   0.04    0.62 ^ _106481_/ZN (AOI21_X1)
   0.02    0.64 v _106486_/ZN (AOI21_X1)
   0.05    0.69 ^ _106493_/ZN (AOI21_X1)
   0.03    0.72 v _106497_/ZN (AOI21_X1)
   0.06    0.78 ^ _106506_/ZN (AOI211_X1)
   0.04    0.82 ^ _106518_/ZN (OR3_X1)
   0.06    0.88 ^ _106529_/ZN (AND4_X1)
   0.02    0.90 v _106534_/ZN (OAI21_X1)
   0.11    1.00 ^ _106546_/ZN (AOI211_X1)
   0.05    1.06 v _106558_/ZN (NAND4_X1)
   0.10    1.16 ^ _106566_/ZN (NOR3_X1)
   0.02    1.18 v _106570_/ZN (NAND2_X1)
   0.06    1.24 v _106571_/Z (XOR2_X1)
   0.02    1.26 ^ _106573_/ZN (OAI21_X1)
   0.00    1.26 ^ _194375_/D (DFFR_X1)
           1.26   data arrival time

   5.00    5.00   clock clk (rise edge)
   0.00    5.00   clock network delay (ideal)
   0.00    5.00   clock reconvergence pessimism
           5.00 ^ _194375_/CK (DFFR_X1)
  -0.03    4.97   library setup time
           4.97   data required time
---------------------------------------------------------
           4.97   data required time
          -1.26   data arrival time
---------------------------------------------------------
           3.70   slack (MET)


