Startpoint: input_zeta[12] (input port clocked by clk)
Endpoint: output_outA[9] (output port clocked by clk)
Path Group: in2out
Path Type: max

  Delay    Time   Description
---------------------------------------------------------
   0.00    0.00   clock clk (rise edge)
   0.00    0.00   clock network delay (ideal)
   0.00    0.00 ^ input external delay
   0.00    0.00 ^ input_zeta[12] (in)
   0.03    0.03 ^ _06142_/Z (BUF_X4)
   0.03    0.06 v _07100_/ZN (NAND2_X1)
   0.06    0.11 v _07101_/Z (XOR2_X2)
   0.04    0.16 v _07228_/ZN (XNOR2_X1)
   0.08    0.23 v _07239_/ZN (OR3_X2)
   0.03    0.26 v _07240_/ZN (AND2_X4)
   0.04    0.30 ^ _07328_/ZN (XNOR2_X1)
   0.01    0.31 v _07329_/ZN (INV_X2)
   0.08    0.39 v _07367_/ZN (OR3_X2)
   0.02    0.41 ^ _07420_/ZN (NAND2_X2)
   0.05    0.45 ^ _07421_/Z (XOR2_X1)
   0.05    0.51 ^ _07480_/ZN (AND3_X1)
   0.01    0.52 v _07481_/ZN (NOR2_X2)
   0.04    0.56 v _07556_/ZN (XNOR2_X1)
   0.05    0.61 ^ _07615_/ZN (AOI21_X1)
   0.01    0.62 v _07637_/ZN (NOR2_X2)
   0.06    0.68 v _07666_/Z (XOR2_X1)
   0.06    0.74 v _07667_/Z (XOR2_X1)
   0.09    0.83 v _07750_/ZN (OR3_X1)
   0.02    0.85 ^ _07751_/ZN (NAND2_X2)
   0.06    0.91 ^ _07771_/Z (XOR2_X1)
   0.05    0.96 ^ _07946_/Z (XOR2_X1)
   0.05    1.01 ^ _07947_/ZN (XNOR2_X1)
   0.05    1.06 ^ _07951_/ZN (XNOR2_X1)
   0.05    1.11 ^ _08037_/ZN (XNOR2_X1)
   0.02    1.13 v _08117_/ZN (AOI21_X1)
   0.05    1.17 ^ _08118_/ZN (OAI21_X1)
   0.02    1.19 v _08454_/ZN (AOI21_X2)
   0.12    1.31 ^ _08455_/ZN (OAI33_X1)
   0.03    1.34 v _08456_/ZN (OAI21_X2)
   0.05    1.39 ^ _08457_/ZN (AOI21_X2)
   0.03    1.41 v _08459_/ZN (OAI211_X2)
   0.04    1.45 v _08460_/ZN (AND3_X4)
   0.05    1.50 ^ _08461_/ZN (NOR3_X4)
   0.04    1.54 v _08466_/ZN (OAI33_X1)
   0.04    1.58 v _08467_/ZN (AND2_X1)
   0.03    1.62 ^ _08468_/ZN (OAI21_X2)
   0.02    1.64 v _09162_/ZN (AOI21_X2)
   0.03    1.67 ^ _09163_/ZN (OAI21_X4)
   0.02    1.69 v _09165_/ZN (AOI21_X2)
   0.03    1.72 ^ _09166_/ZN (OAI21_X4)
   0.02    1.74 v _09168_/ZN (AOI21_X2)
   0.03    1.77 ^ _09169_/ZN (OAI21_X2)
   0.02    1.79 v _09171_/ZN (AOI21_X1)
   0.04    1.84 ^ _09172_/ZN (OAI21_X1)
   0.02    1.86 v _09173_/ZN (AOI21_X1)
   0.05    1.90 ^ _09174_/ZN (OAI21_X2)
   0.04    1.95 v _09190_/ZN (NAND4_X1)
   0.05    2.00 ^ _09209_/ZN (NOR4_X2)
   0.05    2.05 v _09214_/ZN (OAI21_X2)
   0.09    2.15 ^ _09215_/ZN (NOR4_X4)
   0.02    2.17 v _09247_/ZN (NAND2_X1)
   0.08    2.25 ^ _09248_/ZN (XNOR2_X1)
   0.04    2.29 ^ _09275_/ZN (OR4_X4)
   0.02    2.31 v _09277_/ZN (AOI21_X2)
   0.11    2.42 v _09321_/ZN (OR4_X2)
   0.07    2.48 v _09322_/Z (XOR2_X1)
   0.03    2.51 ^ _09323_/ZN (INV_X1)
   0.06    2.57 ^ _09325_/ZN (AND4_X1)
   0.03    2.60 v _09326_/ZN (NAND4_X1)
   0.09    2.69 ^ _09330_/ZN (AOI211_X1)
   0.02    2.71 v _09332_/ZN (AOI21_X2)
   0.11    2.82 v _09372_/ZN (OR4_X2)
   0.11    2.93 v _09374_/ZN (OR4_X4)
   0.05    2.98 ^ _09375_/ZN (XNOR2_X1)
   0.04    3.02 v _09389_/ZN (NAND4_X1)
   0.09    3.10 v _09403_/ZN (OR4_X2)
   0.04    3.15 ^ _09406_/ZN (AOI21_X4)
   0.04    3.19 v _09424_/ZN (OAI211_X2)
   0.11    3.30 v _09448_/ZN (OR4_X2)
   0.08    3.38 v _09449_/ZN (OR3_X2)
   0.04    3.42 v _09451_/ZN (AND4_X1)
   0.04    3.46 v _09496_/ZN (AND4_X1)
   0.06    3.52 ^ _09497_/ZN (AOI211_X2)
   0.03    3.54 v _09498_/ZN (AOI21_X4)
   0.09    3.63 ^ _09550_/ZN (OAI33_X1)
   0.06    3.69 ^ _09551_/ZN (XNOR2_X1)
   0.05    3.74 ^ _09552_/ZN (AND2_X1)
   0.04    3.78 v _09562_/ZN (NAND3_X1)
   0.12    3.90 v _09563_/ZN (OR4_X4)
   0.07    3.97 ^ _09617_/ZN (AOI211_X2)
   0.03    4.00 v _09626_/ZN (NAND3_X1)
   0.06    4.06 v _09627_/Z (XOR2_X1)
   0.07    4.14 ^ _09631_/ZN (NOR3_X1)
   0.05    4.19 v _09632_/ZN (NAND4_X2)
   0.06    4.25 ^ _09637_/ZN (AOI211_X2)
   0.02    4.27 v _09638_/ZN (NAND2_X1)
   0.09    4.36 v _09639_/ZN (OR3_X1)
   0.05    4.40 ^ _09696_/ZN (AOI21_X2)
   0.05    4.45 v _09700_/ZN (NAND4_X2)
   0.10    4.55 ^ _09708_/ZN (NOR4_X4)
   0.04    4.59 v _09713_/ZN (OAI211_X4)
   0.11    4.70 ^ _09714_/ZN (NOR4_X2)
   0.07    4.77 ^ _09715_/Z (XOR2_X1)
   0.07    4.84 ^ _09774_/ZN (AND4_X1)
   0.04    4.88 v _09775_/ZN (OAI211_X2)
   0.07    4.95 ^ _09779_/ZN (AOI211_X2)
   0.04    4.99 v _09780_/ZN (NAND4_X1)
   0.05    5.04 ^ _09860_/ZN (OAI21_X1)
   0.07    5.12 ^ _09861_/Z (XOR2_X2)
   0.04    5.15 v _09865_/ZN (NAND4_X4)
   0.08    5.23 v _09874_/ZN (OR3_X4)
   0.04    5.27 ^ _09877_/ZN (AOI21_X1)
   0.04    5.31 v _09880_/ZN (XNOR2_X1)
   0.08    5.39 ^ _09936_/ZN (NOR4_X1)
   0.07    5.46 ^ _09937_/ZN (AND4_X2)
   0.04    5.50 v _09943_/ZN (NAND4_X2)
   0.07    5.57 ^ _09947_/ZN (AOI211_X2)
   0.06    5.63 v _09948_/ZN (NAND4_X1)
   0.10    5.73 ^ _09949_/ZN (OAI33_X1)
   0.06    5.78 v _09950_/ZN (XNOR2_X1)
   0.12    5.90 v _10013_/ZN (OR4_X2)
   0.09    5.99 ^ _10021_/ZN (AOI221_X2)
   0.04    6.02 v _10026_/ZN (XNOR2_X1)
   0.10    6.12 v _10029_/ZN (OR4_X2)
   0.05    6.17 ^ _10042_/ZN (AOI21_X2)
   0.04    6.21 v _10048_/ZN (NAND4_X4)
   0.05    6.26 v _10090_/ZN (OR2_X4)
   0.09    6.35 ^ _10115_/ZN (AOI221_X2)
   0.02    6.37 v _10116_/ZN (NAND2_X1)
   0.07    6.44 ^ _10117_/Z (MUX2_X1)
   0.05    6.49 v _10128_/ZN (NAND4_X2)
   0.08    6.57 v _10191_/ZN (OR3_X4)
   0.03    6.60 ^ _10193_/ZN (OAI21_X4)
   0.05    6.65 ^ _10217_/ZN (AND3_X2)
   0.07    6.72 ^ _10218_/Z (XOR2_X2)
   0.06    6.78 v _10233_/ZN (NAND4_X1)
   0.12    6.90 v _10237_/ZN (OR4_X2)
   0.04    6.94 ^ _10262_/ZN (AOI21_X2)
   0.04    6.97 ^ _10294_/ZN (OR4_X1)
   0.02    7.00 v _10295_/ZN (AOI22_X2)
   0.10    7.10 v _10297_/ZN (OR4_X2)
   0.13    7.24 v _10306_/ZN (OR4_X1)
   0.05    7.29 ^ _10340_/ZN (AOI21_X4)
   0.03    7.32 v _10344_/ZN (OAI211_X4)
   0.09    7.40 ^ _10355_/ZN (NOR4_X4)
   0.05    7.45 v _10356_/ZN (NAND4_X1)
   0.10    7.55 ^ _10377_/ZN (OAI33_X1)
   0.07    7.62 ^ _10378_/ZN (XNOR2_X1)
   0.02    7.64 v _10379_/ZN (NOR3_X4)
   0.10    7.74 v _10407_/ZN (OR4_X2)
   0.04    7.78 v _10408_/Z (BUF_X2)
   0.07    7.85 ^ _10462_/ZN (AOI211_X1)
   0.03    7.88 v _10481_/ZN (XNOR2_X1)
   0.10    7.97 v _10482_/ZN (OR3_X1)
   0.14    8.11 v _10499_/ZN (OR4_X1)
   0.05    8.16 ^ _10500_/ZN (OAI211_X2)
   0.03    8.19 v _10502_/ZN (OAI21_X1)
   0.06    8.25 ^ _10503_/ZN (XNOR2_X1)
   0.04    8.29 v _10557_/ZN (NAND4_X1)
   0.13    8.41 v _10558_/ZN (OR4_X2)
   0.08    8.49 v _10559_/ZN (OR3_X4)
   0.03    8.53 ^ _10614_/ZN (OAI211_X2)
   0.02    8.55 v _10624_/ZN (OAI21_X1)
   0.05    8.60 v _10625_/ZN (XNOR2_X1)
   0.05    8.65 ^ _10626_/ZN (NOR3_X1)
   0.04    8.69 v _10627_/ZN (NAND3_X1)
   0.09    8.78 ^ _10635_/ZN (NOR4_X4)
   0.04    8.82 v _10639_/ZN (OAI211_X1)
   0.13    8.95 v _10687_/ZN (OR4_X2)
   0.09    9.04 ^ _10688_/ZN (NOR4_X2)
   0.03    9.07 v _10708_/ZN (NAND3_X1)
   0.08    9.15 ^ _10723_/Z (MUX2_X1)
   0.03    9.19 v _10727_/ZN (OAI211_X4)
   0.05    9.24 ^ _10728_/ZN (OAI21_X2)
   0.06    9.30 ^ _10759_/ZN (AND4_X2)
   0.04    9.34 v _10776_/ZN (NAND4_X1)
   0.07    9.41 v _10777_/Z (MUX2_X1)
   0.09    9.50 ^ _10778_/ZN (NOR4_X4)
   0.05    9.55 v _10792_/ZN (NAND4_X4)
   0.04    9.59 ^ _10816_/ZN (AOI21_X4)
   0.07    9.66 ^ _10841_/Z (XOR2_X2)
   0.04    9.70 v _10842_/ZN (NAND3_X1)
   0.11    9.81 v _10880_/ZN (OR4_X2)
   0.09    9.90 ^ _10883_/ZN (AOI211_X2)
   0.03    9.93 v _10887_/ZN (NOR2_X1)
   0.05    9.98 ^ _10927_/ZN (OAI22_X1)
   0.02   10.00 v _10928_/ZN (NAND2_X1)
   0.11   10.12 v _10929_/ZN (OR4_X2)
   0.08   10.20 ^ _10930_/ZN (NOR4_X2)
   0.05   10.25 v _10937_/ZN (AOI21_X1)
   0.08   10.32 ^ _11034_/ZN (NOR3_X4)
   0.05   10.37 ^ _11035_/ZN (AND3_X4)
   0.02   10.39 v _11036_/ZN (NAND2_X4)
   0.06   10.45 ^ _11037_/ZN (NOR3_X4)
   0.03   10.47 v _11038_/ZN (NAND2_X2)
   0.03   10.50 ^ _11039_/ZN (NOR2_X4)
   0.01   10.52 v _11053_/ZN (NOR2_X1)
   0.06   10.58 v _11054_/Z (XOR2_X1)
   0.06   10.65 ^ _11152_/ZN (NOR2_X1)
   0.02   10.66 v _11153_/ZN (NOR2_X4)
   0.04   10.70 ^ _11177_/ZN (AOI21_X4)
   0.02   10.72 v _11178_/ZN (OAI21_X4)
   0.04   10.76 ^ _11179_/ZN (AOI21_X1)
   0.02   10.79 v _11180_/ZN (OAI21_X2)
   0.04   10.83 ^ _11181_/ZN (AOI21_X1)
   0.02   10.85 v _11182_/ZN (OAI21_X2)
   0.03   10.88 ^ _11183_/ZN (AOI21_X1)
   0.02   10.91 v _11184_/ZN (OAI21_X1)
   0.05   10.95 ^ _11185_/ZN (AOI21_X1)
   0.02   10.98 v _11195_/ZN (NOR2_X1)
   0.04   11.01 ^ _11196_/ZN (XNOR2_X1)
   0.05   11.07 ^ _11247_/ZN (AND3_X1)
   0.05   11.11 v _11248_/ZN (NAND4_X2)
   0.06   11.17 ^ _11251_/ZN (NOR3_X1)
   0.07   11.24 v _11252_/ZN (AOI221_X4)
   0.11   11.35 v _11285_/ZN (OR4_X4)
   0.06   11.40 ^ _11286_/ZN (NOR3_X1)
   0.04   11.44 ^ _11287_/ZN (XNOR2_X1)
   0.00   11.44 ^ output_outA[9] (out)
          11.44   data arrival time

   5.00    5.00   clock clk (rise edge)
   0.00    5.00   clock network delay (ideal)
   0.00    5.00   clock reconvergence pessimism
   0.00    5.00   output external delay
           5.00   data required time
---------------------------------------------------------
           5.00   data required time
         -11.44   data arrival time
---------------------------------------------------------
          -6.44   slack (VIOLATED)


Startpoint: input_zeta[12] (input port clocked by clk)
Endpoint: output_outA[8] (output port clocked by clk)
Path Group: in2out
Path Type: max

  Delay    Time   Description
---------------------------------------------------------
   0.00    0.00   clock clk (rise edge)
   0.00    0.00   clock network delay (ideal)
   0.00    0.00 ^ input external delay
   0.00    0.00 ^ input_zeta[12] (in)
   0.03    0.03 ^ _06142_/Z (BUF_X4)
   0.03    0.06 v _07100_/ZN (NAND2_X1)
   0.06    0.11 v _07101_/Z (XOR2_X2)
   0.04    0.16 v _07228_/ZN (XNOR2_X1)
   0.08    0.23 v _07239_/ZN (OR3_X2)
   0.03    0.26 v _07240_/ZN (AND2_X4)
   0.04    0.30 ^ _07328_/ZN (XNOR2_X1)
   0.01    0.31 v _07329_/ZN (INV_X2)
   0.08    0.39 v _07367_/ZN (OR3_X2)
   0.02    0.41 ^ _07420_/ZN (NAND2_X2)
   0.05    0.45 ^ _07421_/Z (XOR2_X1)
   0.05    0.51 ^ _07480_/ZN (AND3_X1)
   0.01    0.52 v _07481_/ZN (NOR2_X2)
   0.04    0.56 v _07556_/ZN (XNOR2_X1)
   0.05    0.61 ^ _07615_/ZN (AOI21_X1)
   0.01    0.62 v _07637_/ZN (NOR2_X2)
   0.06    0.68 v _07666_/Z (XOR2_X1)
   0.06    0.74 v _07667_/Z (XOR2_X1)
   0.09    0.83 v _07750_/ZN (OR3_X1)
   0.02    0.85 ^ _07751_/ZN (NAND2_X2)
   0.06    0.91 ^ _07771_/Z (XOR2_X1)
   0.05    0.96 ^ _07946_/Z (XOR2_X1)
   0.05    1.01 ^ _07947_/ZN (XNOR2_X1)
   0.05    1.06 ^ _07951_/ZN (XNOR2_X1)
   0.05    1.11 ^ _08037_/ZN (XNOR2_X1)
   0.02    1.13 v _08117_/ZN (AOI21_X1)
   0.05    1.17 ^ _08118_/ZN (OAI21_X1)
   0.02    1.19 v _08454_/ZN (AOI21_X2)
   0.12    1.31 ^ _08455_/ZN (OAI33_X1)
   0.03    1.34 v _08456_/ZN (OAI21_X2)
   0.05    1.39 ^ _08457_/ZN (AOI21_X2)
   0.03    1.41 v _08459_/ZN (OAI211_X2)
   0.04    1.45 v _08460_/ZN (AND3_X4)
   0.05    1.50 ^ _08461_/ZN (NOR3_X4)
   0.04    1.54 v _08466_/ZN (OAI33_X1)
   0.04    1.58 v _08467_/ZN (AND2_X1)
   0.03    1.62 ^ _08468_/ZN (OAI21_X2)
   0.02    1.64 v _09162_/ZN (AOI21_X2)
   0.03    1.67 ^ _09163_/ZN (OAI21_X4)
   0.02    1.69 v _09165_/ZN (AOI21_X2)
   0.03    1.72 ^ _09166_/ZN (OAI21_X4)
   0.02    1.74 v _09168_/ZN (AOI21_X2)
   0.03    1.77 ^ _09169_/ZN (OAI21_X2)
   0.02    1.79 v _09171_/ZN (AOI21_X1)
   0.04    1.84 ^ _09172_/ZN (OAI21_X1)
   0.02    1.86 v _09173_/ZN (AOI21_X1)
   0.05    1.90 ^ _09174_/ZN (OAI21_X2)
   0.04    1.95 v _09190_/ZN (NAND4_X1)
   0.05    2.00 ^ _09209_/ZN (NOR4_X2)
   0.05    2.05 v _09214_/ZN (OAI21_X2)
   0.09    2.15 ^ _09215_/ZN (NOR4_X4)
   0.02    2.17 v _09247_/ZN (NAND2_X1)
   0.08    2.25 ^ _09248_/ZN (XNOR2_X1)
   0.04    2.29 ^ _09275_/ZN (OR4_X4)
   0.02    2.31 v _09277_/ZN (AOI21_X2)
   0.11    2.42 v _09321_/ZN (OR4_X2)
   0.07    2.48 v _09322_/Z (XOR2_X1)
   0.03    2.51 ^ _09323_/ZN (INV_X1)
   0.06    2.57 ^ _09325_/ZN (AND4_X1)
   0.03    2.60 v _09326_/ZN (NAND4_X1)
   0.09    2.69 ^ _09330_/ZN (AOI211_X1)
   0.02    2.71 v _09332_/ZN (AOI21_X2)
   0.11    2.82 v _09372_/ZN (OR4_X2)
   0.11    2.93 v _09374_/ZN (OR4_X4)
   0.05    2.98 ^ _09375_/ZN (XNOR2_X1)
   0.04    3.02 v _09389_/ZN (NAND4_X1)
   0.09    3.10 v _09403_/ZN (OR4_X2)
   0.04    3.15 ^ _09406_/ZN (AOI21_X4)
   0.04    3.19 v _09424_/ZN (OAI211_X2)
   0.11    3.30 v _09448_/ZN (OR4_X2)
   0.08    3.38 v _09449_/ZN (OR3_X2)
   0.04    3.42 v _09451_/ZN (AND4_X1)
   0.04    3.46 v _09496_/ZN (AND4_X1)
   0.06    3.52 ^ _09497_/ZN (AOI211_X2)
   0.03    3.54 v _09498_/ZN (AOI21_X4)
   0.09    3.63 ^ _09550_/ZN (OAI33_X1)
   0.06    3.69 ^ _09551_/ZN (XNOR2_X1)
   0.05    3.74 ^ _09552_/ZN (AND2_X1)
   0.04    3.78 v _09562_/ZN (NAND3_X1)
   0.12    3.90 v _09563_/ZN (OR4_X4)
   0.07    3.97 ^ _09617_/ZN (AOI211_X2)
   0.03    4.00 v _09626_/ZN (NAND3_X1)
   0.06    4.06 v _09627_/Z (XOR2_X1)
   0.07    4.14 ^ _09631_/ZN (NOR3_X1)
   0.05    4.19 v _09632_/ZN (NAND4_X2)
   0.06    4.25 ^ _09637_/ZN (AOI211_X2)
   0.02    4.27 v _09638_/ZN (NAND2_X1)
   0.09    4.36 v _09639_/ZN (OR3_X1)
   0.05    4.40 ^ _09696_/ZN (AOI21_X2)
   0.05    4.45 v _09700_/ZN (NAND4_X2)
   0.10    4.55 ^ _09708_/ZN (NOR4_X4)
   0.04    4.59 v _09713_/ZN (OAI211_X4)
   0.11    4.70 ^ _09714_/ZN (NOR4_X2)
   0.07    4.77 ^ _09715_/Z (XOR2_X1)
   0.07    4.84 ^ _09774_/ZN (AND4_X1)
   0.04    4.88 v _09775_/ZN (OAI211_X2)
   0.07    4.95 ^ _09779_/ZN (AOI211_X2)
   0.04    4.99 v _09780_/ZN (NAND4_X1)
   0.05    5.04 ^ _09860_/ZN (OAI21_X1)
   0.07    5.12 ^ _09861_/Z (XOR2_X2)
   0.04    5.15 v _09865_/ZN (NAND4_X4)
   0.08    5.23 v _09874_/ZN (OR3_X4)
   0.04    5.27 ^ _09877_/ZN (AOI21_X1)
   0.04    5.31 v _09880_/ZN (XNOR2_X1)
   0.08    5.39 ^ _09936_/ZN (NOR4_X1)
   0.07    5.46 ^ _09937_/ZN (AND4_X2)
   0.04    5.50 v _09943_/ZN (NAND4_X2)
   0.07    5.57 ^ _09947_/ZN (AOI211_X2)
   0.06    5.63 v _09948_/ZN (NAND4_X1)
   0.10    5.73 ^ _09949_/ZN (OAI33_X1)
   0.06    5.78 v _09950_/ZN (XNOR2_X1)
   0.12    5.90 v _10013_/ZN (OR4_X2)
   0.09    5.99 ^ _10021_/ZN (AOI221_X2)
   0.04    6.02 v _10026_/ZN (XNOR2_X1)
   0.10    6.12 v _10029_/ZN (OR4_X2)
   0.05    6.17 ^ _10042_/ZN (AOI21_X2)
   0.04    6.21 v _10048_/ZN (NAND4_X4)
   0.05    6.26 v _10090_/ZN (OR2_X4)
   0.09    6.35 ^ _10115_/ZN (AOI221_X2)
   0.02    6.37 v _10116_/ZN (NAND2_X1)
   0.07    6.44 ^ _10117_/Z (MUX2_X1)
   0.05    6.49 v _10128_/ZN (NAND4_X2)
   0.08    6.57 v _10191_/ZN (OR3_X4)
   0.03    6.60 ^ _10193_/ZN (OAI21_X4)
   0.05    6.65 ^ _10217_/ZN (AND3_X2)
   0.07    6.72 ^ _10218_/Z (XOR2_X2)
   0.06    6.78 v _10233_/ZN (NAND4_X1)
   0.12    6.90 v _10237_/ZN (OR4_X2)
   0.04    6.94 ^ _10262_/ZN (AOI21_X2)
   0.04    6.97 ^ _10294_/ZN (OR4_X1)
   0.02    7.00 v _10295_/ZN (AOI22_X2)
   0.10    7.10 v _10297_/ZN (OR4_X2)
   0.13    7.24 v _10306_/ZN (OR4_X1)
   0.05    7.29 ^ _10340_/ZN (AOI21_X4)
   0.03    7.32 v _10344_/ZN (OAI211_X4)
   0.09    7.40 ^ _10355_/ZN (NOR4_X4)
   0.05    7.45 v _10356_/ZN (NAND4_X1)
   0.10    7.55 ^ _10377_/ZN (OAI33_X1)
   0.07    7.62 ^ _10378_/ZN (XNOR2_X1)
   0.02    7.64 v _10379_/ZN (NOR3_X4)
   0.10    7.74 v _10407_/ZN (OR4_X2)
   0.04    7.78 v _10408_/Z (BUF_X2)
   0.07    7.85 ^ _10462_/ZN (AOI211_X1)
   0.03    7.88 v _10481_/ZN (XNOR2_X1)
   0.10    7.97 v _10482_/ZN (OR3_X1)
   0.14    8.11 v _10499_/ZN (OR4_X1)
   0.05    8.16 ^ _10500_/ZN (OAI211_X2)
   0.03    8.19 v _10502_/ZN (OAI21_X1)
   0.06    8.25 ^ _10503_/ZN (XNOR2_X1)
   0.04    8.29 v _10557_/ZN (NAND4_X1)
   0.13    8.41 v _10558_/ZN (OR4_X2)
   0.08    8.49 v _10559_/ZN (OR3_X4)
   0.03    8.53 ^ _10614_/ZN (OAI211_X2)
   0.02    8.55 v _10624_/ZN (OAI21_X1)
   0.05    8.60 v _10625_/ZN (XNOR2_X1)
   0.05    8.65 ^ _10626_/ZN (NOR3_X1)
   0.04    8.69 v _10627_/ZN (NAND3_X1)
   0.09    8.78 ^ _10635_/ZN (NOR4_X4)
   0.04    8.82 v _10639_/ZN (OAI211_X1)
   0.13    8.95 v _10687_/ZN (OR4_X2)
   0.09    9.04 ^ _10688_/ZN (NOR4_X2)
   0.03    9.07 v _10708_/ZN (NAND3_X1)
   0.08    9.15 ^ _10723_/Z (MUX2_X1)
   0.03    9.19 v _10727_/ZN (OAI211_X4)
   0.05    9.24 ^ _10728_/ZN (OAI21_X2)
   0.06    9.30 ^ _10759_/ZN (AND4_X2)
   0.04    9.34 v _10776_/ZN (NAND4_X1)
   0.07    9.41 v _10777_/Z (MUX2_X1)
   0.09    9.50 ^ _10778_/ZN (NOR4_X4)
   0.05    9.55 v _10792_/ZN (NAND4_X4)
   0.04    9.59 ^ _10816_/ZN (AOI21_X4)
   0.07    9.66 ^ _10841_/Z (XOR2_X2)
   0.04    9.70 v _10842_/ZN (NAND3_X1)
   0.11    9.81 v _10880_/ZN (OR4_X2)
   0.09    9.90 ^ _10883_/ZN (AOI211_X2)
   0.03    9.93 v _10887_/ZN (NOR2_X1)
   0.05    9.98 ^ _10927_/ZN (OAI22_X1)
   0.02   10.00 v _10928_/ZN (NAND2_X1)
   0.11   10.12 v _10929_/ZN (OR4_X2)
   0.08   10.20 ^ _10930_/ZN (NOR4_X2)
   0.05   10.25 v _10937_/ZN (AOI21_X1)
   0.08   10.32 ^ _11034_/ZN (NOR3_X4)
   0.05   10.37 ^ _11035_/ZN (AND3_X4)
   0.02   10.39 v _11036_/ZN (NAND2_X4)
   0.06   10.45 ^ _11037_/ZN (NOR3_X4)
   0.03   10.47 v _11038_/ZN (NAND2_X2)
   0.03   10.50 ^ _11039_/ZN (NOR2_X4)
   0.01   10.52 v _11053_/ZN (NOR2_X1)
   0.06   10.58 v _11054_/Z (XOR2_X1)
   0.06   10.65 ^ _11152_/ZN (NOR2_X1)
   0.02   10.66 v _11153_/ZN (NOR2_X4)
   0.04   10.70 ^ _11177_/ZN (AOI21_X4)
   0.02   10.72 v _11178_/ZN (OAI21_X4)
   0.04   10.76 ^ _11179_/ZN (AOI21_X1)
   0.02   10.79 v _11180_/ZN (OAI21_X2)
   0.04   10.83 ^ _11181_/ZN (AOI21_X1)
   0.02   10.85 v _11182_/ZN (OAI21_X2)
   0.03   10.88 ^ _11183_/ZN (AOI21_X1)
   0.02   10.91 v _11184_/ZN (OAI21_X1)
   0.05   10.95 ^ _11185_/ZN (AOI21_X1)
   0.02   10.98 v _11195_/ZN (NOR2_X1)
   0.04   11.01 ^ _11196_/ZN (XNOR2_X1)
   0.05   11.07 ^ _11247_/ZN (AND3_X1)
   0.05   11.11 v _11248_/ZN (NAND4_X2)
   0.06   11.17 ^ _11251_/ZN (NOR3_X1)
   0.07   11.24 v _11252_/ZN (AOI221_X4)
   0.11   11.35 v _11285_/ZN (OR4_X4)
   0.03   11.38 ^ _11288_/ZN (NOR2_X1)
   0.04   11.42 ^ _11289_/Z (XOR2_X1)
   0.00   11.42 ^ output_outA[8] (out)
          11.42   data arrival time

   5.00    5.00   clock clk (rise edge)
   0.00    5.00   clock network delay (ideal)
   0.00    5.00   clock reconvergence pessimism
   0.00    5.00   output external delay
           5.00   data required time
---------------------------------------------------------
           5.00   data required time
         -11.42   data arrival time
---------------------------------------------------------
          -6.42   slack (VIOLATED)


Startpoint: input_zeta[12] (input port clocked by clk)
Endpoint: output_outA[17] (output port clocked by clk)
Path Group: in2out
Path Type: max

  Delay    Time   Description
---------------------------------------------------------
   0.00    0.00   clock clk (rise edge)
   0.00    0.00   clock network delay (ideal)
   0.00    0.00 ^ input external delay
   0.00    0.00 ^ input_zeta[12] (in)
   0.03    0.03 ^ _06142_/Z (BUF_X4)
   0.03    0.06 v _07100_/ZN (NAND2_X1)
   0.06    0.11 v _07101_/Z (XOR2_X2)
   0.04    0.16 v _07228_/ZN (XNOR2_X1)
   0.08    0.23 v _07239_/ZN (OR3_X2)
   0.03    0.26 v _07240_/ZN (AND2_X4)
   0.04    0.30 ^ _07328_/ZN (XNOR2_X1)
   0.01    0.31 v _07329_/ZN (INV_X2)
   0.08    0.39 v _07367_/ZN (OR3_X2)
   0.02    0.41 ^ _07420_/ZN (NAND2_X2)
   0.05    0.45 ^ _07421_/Z (XOR2_X1)
   0.05    0.51 ^ _07480_/ZN (AND3_X1)
   0.01    0.52 v _07481_/ZN (NOR2_X2)
   0.04    0.56 v _07556_/ZN (XNOR2_X1)
   0.05    0.61 ^ _07615_/ZN (AOI21_X1)
   0.01    0.62 v _07637_/ZN (NOR2_X2)
   0.06    0.68 v _07666_/Z (XOR2_X1)
   0.06    0.74 v _07667_/Z (XOR2_X1)
   0.09    0.83 v _07750_/ZN (OR3_X1)
   0.02    0.85 ^ _07751_/ZN (NAND2_X2)
   0.06    0.91 ^ _07771_/Z (XOR2_X1)
   0.05    0.96 ^ _07946_/Z (XOR2_X1)
   0.05    1.01 ^ _07947_/ZN (XNOR2_X1)
   0.05    1.06 ^ _07951_/ZN (XNOR2_X1)
   0.05    1.11 ^ _08037_/ZN (XNOR2_X1)
   0.02    1.13 v _08117_/ZN (AOI21_X1)
   0.05    1.17 ^ _08118_/ZN (OAI21_X1)
   0.02    1.19 v _08454_/ZN (AOI21_X2)
   0.12    1.31 ^ _08455_/ZN (OAI33_X1)
   0.03    1.34 v _08456_/ZN (OAI21_X2)
   0.05    1.39 ^ _08457_/ZN (AOI21_X2)
   0.03    1.41 v _08459_/ZN (OAI211_X2)
   0.04    1.45 v _08460_/ZN (AND3_X4)
   0.05    1.50 ^ _08461_/ZN (NOR3_X4)
   0.04    1.54 v _08466_/ZN (OAI33_X1)
   0.04    1.58 v _08467_/ZN (AND2_X1)
   0.03    1.62 ^ _08468_/ZN (OAI21_X2)
   0.02    1.64 v _09162_/ZN (AOI21_X2)
   0.03    1.67 ^ _09163_/ZN (OAI21_X4)
   0.02    1.69 v _09165_/ZN (AOI21_X2)
   0.03    1.72 ^ _09166_/ZN (OAI21_X4)
   0.02    1.74 v _09168_/ZN (AOI21_X2)
   0.03    1.77 ^ _09169_/ZN (OAI21_X2)
   0.02    1.79 v _09171_/ZN (AOI21_X1)
   0.04    1.84 ^ _09172_/ZN (OAI21_X1)
   0.02    1.86 v _09173_/ZN (AOI21_X1)
   0.05    1.90 ^ _09174_/ZN (OAI21_X2)
   0.04    1.95 v _09190_/ZN (NAND4_X1)
   0.05    2.00 ^ _09209_/ZN (NOR4_X2)
   0.05    2.05 v _09214_/ZN (OAI21_X2)
   0.09    2.15 ^ _09215_/ZN (NOR4_X4)
   0.02    2.17 v _09247_/ZN (NAND2_X1)
   0.08    2.25 ^ _09248_/ZN (XNOR2_X1)
   0.04    2.29 ^ _09275_/ZN (OR4_X4)
   0.02    2.31 v _09277_/ZN (AOI21_X2)
   0.11    2.42 v _09321_/ZN (OR4_X2)
   0.07    2.48 v _09322_/Z (XOR2_X1)
   0.03    2.51 ^ _09323_/ZN (INV_X1)
   0.06    2.57 ^ _09325_/ZN (AND4_X1)
   0.03    2.60 v _09326_/ZN (NAND4_X1)
   0.09    2.69 ^ _09330_/ZN (AOI211_X1)
   0.02    2.71 v _09332_/ZN (AOI21_X2)
   0.11    2.82 v _09372_/ZN (OR4_X2)
   0.11    2.93 v _09374_/ZN (OR4_X4)
   0.05    2.98 ^ _09375_/ZN (XNOR2_X1)
   0.04    3.02 v _09389_/ZN (NAND4_X1)
   0.09    3.10 v _09403_/ZN (OR4_X2)
   0.04    3.15 ^ _09406_/ZN (AOI21_X4)
   0.04    3.19 v _09424_/ZN (OAI211_X2)
   0.11    3.30 v _09448_/ZN (OR4_X2)
   0.08    3.38 v _09449_/ZN (OR3_X2)
   0.04    3.42 v _09451_/ZN (AND4_X1)
   0.04    3.46 v _09496_/ZN (AND4_X1)
   0.06    3.52 ^ _09497_/ZN (AOI211_X2)
   0.03    3.54 v _09498_/ZN (AOI21_X4)
   0.09    3.63 ^ _09550_/ZN (OAI33_X1)
   0.06    3.69 ^ _09551_/ZN (XNOR2_X1)
   0.05    3.74 ^ _09552_/ZN (AND2_X1)
   0.04    3.78 v _09562_/ZN (NAND3_X1)
   0.12    3.90 v _09563_/ZN (OR4_X4)
   0.07    3.97 ^ _09617_/ZN (AOI211_X2)
   0.03    4.00 v _09626_/ZN (NAND3_X1)
   0.06    4.06 v _09627_/Z (XOR2_X1)
   0.07    4.14 ^ _09631_/ZN (NOR3_X1)
   0.05    4.19 v _09632_/ZN (NAND4_X2)
   0.06    4.25 ^ _09637_/ZN (AOI211_X2)
   0.02    4.27 v _09638_/ZN (NAND2_X1)
   0.09    4.36 v _09639_/ZN (OR3_X1)
   0.05    4.40 ^ _09696_/ZN (AOI21_X2)
   0.05    4.45 v _09700_/ZN (NAND4_X2)
   0.10    4.55 ^ _09708_/ZN (NOR4_X4)
   0.04    4.59 v _09713_/ZN (OAI211_X4)
   0.11    4.70 ^ _09714_/ZN (NOR4_X2)
   0.07    4.77 ^ _09715_/Z (XOR2_X1)
   0.07    4.84 ^ _09774_/ZN (AND4_X1)
   0.04    4.88 v _09775_/ZN (OAI211_X2)
   0.07    4.95 ^ _09779_/ZN (AOI211_X2)
   0.04    4.99 v _09780_/ZN (NAND4_X1)
   0.05    5.04 ^ _09860_/ZN (OAI21_X1)
   0.07    5.12 ^ _09861_/Z (XOR2_X2)
   0.04    5.15 v _09865_/ZN (NAND4_X4)
   0.08    5.23 v _09874_/ZN (OR3_X4)
   0.04    5.27 ^ _09877_/ZN (AOI21_X1)
   0.04    5.31 v _09880_/ZN (XNOR2_X1)
   0.08    5.39 ^ _09936_/ZN (NOR4_X1)
   0.07    5.46 ^ _09937_/ZN (AND4_X2)
   0.04    5.50 v _09943_/ZN (NAND4_X2)
   0.07    5.57 ^ _09947_/ZN (AOI211_X2)
   0.06    5.63 v _09948_/ZN (NAND4_X1)
   0.10    5.73 ^ _09949_/ZN (OAI33_X1)
   0.06    5.78 v _09950_/ZN (XNOR2_X1)
   0.12    5.90 v _10013_/ZN (OR4_X2)
   0.09    5.99 ^ _10021_/ZN (AOI221_X2)
   0.04    6.02 v _10026_/ZN (XNOR2_X1)
   0.10    6.12 v _10029_/ZN (OR4_X2)
   0.05    6.17 ^ _10042_/ZN (AOI21_X2)
   0.04    6.21 v _10048_/ZN (NAND4_X4)
   0.05    6.26 v _10090_/ZN (OR2_X4)
   0.09    6.35 ^ _10115_/ZN (AOI221_X2)
   0.02    6.37 v _10116_/ZN (NAND2_X1)
   0.07    6.44 ^ _10117_/Z (MUX2_X1)
   0.05    6.49 v _10128_/ZN (NAND4_X2)
   0.08    6.57 v _10191_/ZN (OR3_X4)
   0.03    6.60 ^ _10193_/ZN (OAI21_X4)
   0.05    6.65 ^ _10217_/ZN (AND3_X2)
   0.07    6.72 ^ _10218_/Z (XOR2_X2)
   0.06    6.78 v _10233_/ZN (NAND4_X1)
   0.12    6.90 v _10237_/ZN (OR4_X2)
   0.04    6.94 ^ _10262_/ZN (AOI21_X2)
   0.04    6.97 ^ _10294_/ZN (OR4_X1)
   0.02    7.00 v _10295_/ZN (AOI22_X2)
   0.10    7.10 v _10297_/ZN (OR4_X2)
   0.13    7.24 v _10306_/ZN (OR4_X1)
   0.05    7.29 ^ _10340_/ZN (AOI21_X4)
   0.03    7.32 v _10344_/ZN (OAI211_X4)
   0.09    7.40 ^ _10355_/ZN (NOR4_X4)
   0.05    7.45 v _10356_/ZN (NAND4_X1)
   0.10    7.55 ^ _10377_/ZN (OAI33_X1)
   0.07    7.62 ^ _10378_/ZN (XNOR2_X1)
   0.02    7.64 v _10379_/ZN (NOR3_X4)
   0.10    7.74 v _10407_/ZN (OR4_X2)
   0.04    7.78 v _10408_/Z (BUF_X2)
   0.07    7.85 ^ _10462_/ZN (AOI211_X1)
   0.03    7.88 v _10481_/ZN (XNOR2_X1)
   0.10    7.97 v _10482_/ZN (OR3_X1)
   0.14    8.11 v _10499_/ZN (OR4_X1)
   0.05    8.16 ^ _10500_/ZN (OAI211_X2)
   0.03    8.19 v _10502_/ZN (OAI21_X1)
   0.06    8.25 ^ _10503_/ZN (XNOR2_X1)
   0.04    8.29 v _10557_/ZN (NAND4_X1)
   0.13    8.41 v _10558_/ZN (OR4_X2)
   0.08    8.49 v _10559_/ZN (OR3_X4)
   0.03    8.53 ^ _10614_/ZN (OAI211_X2)
   0.02    8.55 v _10624_/ZN (OAI21_X1)
   0.05    8.60 v _10625_/ZN (XNOR2_X1)
   0.05    8.65 ^ _10626_/ZN (NOR3_X1)
   0.04    8.69 v _10627_/ZN (NAND3_X1)
   0.09    8.78 ^ _10635_/ZN (NOR4_X4)
   0.04    8.82 v _10639_/ZN (OAI211_X1)
   0.13    8.95 v _10687_/ZN (OR4_X2)
   0.09    9.04 ^ _10688_/ZN (NOR4_X2)
   0.03    9.07 v _10708_/ZN (NAND3_X1)
   0.08    9.15 ^ _10723_/Z (MUX2_X1)
   0.03    9.19 v _10727_/ZN (OAI211_X4)
   0.05    9.24 ^ _10728_/ZN (OAI21_X2)
   0.06    9.30 ^ _10759_/ZN (AND4_X2)
   0.04    9.34 v _10776_/ZN (NAND4_X1)
   0.07    9.41 v _10777_/Z (MUX2_X1)
   0.09    9.50 ^ _10778_/ZN (NOR4_X4)
   0.05    9.55 v _10792_/ZN (NAND4_X4)
   0.04    9.59 ^ _10816_/ZN (AOI21_X4)
   0.07    9.66 ^ _10841_/Z (XOR2_X2)
   0.04    9.70 v _10842_/ZN (NAND3_X1)
   0.11    9.81 v _10880_/ZN (OR4_X2)
   0.09    9.90 ^ _10883_/ZN (AOI211_X2)
   0.03    9.93 v _10887_/ZN (NOR2_X1)
   0.05    9.98 ^ _10927_/ZN (OAI22_X1)
   0.02   10.00 v _10928_/ZN (NAND2_X1)
   0.11   10.12 v _10929_/ZN (OR4_X2)
   0.08   10.20 ^ _10930_/ZN (NOR4_X2)
   0.05   10.25 v _10937_/ZN (AOI21_X1)
   0.08   10.32 ^ _11034_/ZN (NOR3_X4)
   0.05   10.37 ^ _11035_/ZN (AND3_X4)
   0.02   10.39 v _11036_/ZN (NAND2_X4)
   0.06   10.45 ^ _11037_/ZN (NOR3_X4)
   0.03   10.47 v _11038_/ZN (NAND2_X2)
   0.03   10.50 ^ _11039_/ZN (NOR2_X4)
   0.01   10.52 v _11053_/ZN (NOR2_X1)
   0.06   10.58 v _11054_/Z (XOR2_X1)
   0.06   10.65 ^ _11152_/ZN (NOR2_X1)
   0.02   10.66 v _11153_/ZN (NOR2_X4)
   0.04   10.70 ^ _11177_/ZN (AOI21_X4)
   0.02   10.72 v _11178_/ZN (OAI21_X4)
   0.04   10.76 ^ _11179_/ZN (AOI21_X1)
   0.02   10.79 v _11180_/ZN (OAI21_X2)
   0.04   10.83 ^ _11181_/ZN (AOI21_X1)
   0.02   10.85 v _11182_/ZN (OAI21_X2)
   0.03   10.88 ^ _11183_/ZN (AOI21_X1)
   0.02   10.91 v _11184_/ZN (OAI21_X1)
   0.05   10.95 ^ _11185_/ZN (AOI21_X1)
   0.02   10.98 v _11195_/ZN (NOR2_X1)
   0.04   11.01 ^ _11196_/ZN (XNOR2_X1)
   0.05   11.07 ^ _11247_/ZN (AND3_X1)
   0.05   11.11 v _11248_/ZN (NAND4_X2)
   0.06   11.17 ^ _11251_/ZN (NOR3_X1)
   0.07   11.24 v _11252_/ZN (AOI221_X4)
   0.09   11.33 ^ _11266_/ZN (NOR4_X2)
   0.02   11.35 v _11270_/ZN (NAND2_X1)
   0.04   11.39 v _11271_/ZN (XNOR2_X1)
   0.00   11.39 v output_outA[17] (out)
          11.39   data arrival time

   5.00    5.00   clock clk (rise edge)
   0.00    5.00   clock network delay (ideal)
   0.00    5.00   clock reconvergence pessimism
   0.00    5.00   output external delay
           5.00   data required time
---------------------------------------------------------
           5.00   data required time
         -11.39   data arrival time
---------------------------------------------------------
          -6.39   slack (VIOLATED)


Startpoint: input_zeta[12] (input port clocked by clk)
Endpoint: output_outA[7] (output port clocked by clk)
Path Group: in2out
Path Type: max

  Delay    Time   Description
---------------------------------------------------------
   0.00    0.00   clock clk (rise edge)
   0.00    0.00   clock network delay (ideal)
   0.00    0.00 ^ input external delay
   0.00    0.00 ^ input_zeta[12] (in)
   0.03    0.03 ^ _06142_/Z (BUF_X4)
   0.03    0.06 v _07100_/ZN (NAND2_X1)
   0.06    0.11 v _07101_/Z (XOR2_X2)
   0.04    0.16 v _07228_/ZN (XNOR2_X1)
   0.08    0.23 v _07239_/ZN (OR3_X2)
   0.03    0.26 v _07240_/ZN (AND2_X4)
   0.04    0.30 ^ _07328_/ZN (XNOR2_X1)
   0.01    0.31 v _07329_/ZN (INV_X2)
   0.08    0.39 v _07367_/ZN (OR3_X2)
   0.02    0.41 ^ _07420_/ZN (NAND2_X2)
   0.05    0.45 ^ _07421_/Z (XOR2_X1)
   0.05    0.51 ^ _07480_/ZN (AND3_X1)
   0.01    0.52 v _07481_/ZN (NOR2_X2)
   0.04    0.56 v _07556_/ZN (XNOR2_X1)
   0.05    0.61 ^ _07615_/ZN (AOI21_X1)
   0.01    0.62 v _07637_/ZN (NOR2_X2)
   0.06    0.68 v _07666_/Z (XOR2_X1)
   0.06    0.74 v _07667_/Z (XOR2_X1)
   0.09    0.83 v _07750_/ZN (OR3_X1)
   0.02    0.85 ^ _07751_/ZN (NAND2_X2)
   0.06    0.91 ^ _07771_/Z (XOR2_X1)
   0.05    0.96 ^ _07946_/Z (XOR2_X1)
   0.05    1.01 ^ _07947_/ZN (XNOR2_X1)
   0.05    1.06 ^ _07951_/ZN (XNOR2_X1)
   0.05    1.11 ^ _08037_/ZN (XNOR2_X1)
   0.02    1.13 v _08117_/ZN (AOI21_X1)
   0.05    1.17 ^ _08118_/ZN (OAI21_X1)
   0.02    1.19 v _08454_/ZN (AOI21_X2)
   0.12    1.31 ^ _08455_/ZN (OAI33_X1)
   0.03    1.34 v _08456_/ZN (OAI21_X2)
   0.05    1.39 ^ _08457_/ZN (AOI21_X2)
   0.03    1.41 v _08459_/ZN (OAI211_X2)
   0.04    1.45 v _08460_/ZN (AND3_X4)
   0.05    1.50 ^ _08461_/ZN (NOR3_X4)
   0.04    1.54 v _08466_/ZN (OAI33_X1)
   0.04    1.58 v _08467_/ZN (AND2_X1)
   0.03    1.62 ^ _08468_/ZN (OAI21_X2)
   0.02    1.64 v _09162_/ZN (AOI21_X2)
   0.03    1.67 ^ _09163_/ZN (OAI21_X4)
   0.02    1.69 v _09165_/ZN (AOI21_X2)
   0.03    1.72 ^ _09166_/ZN (OAI21_X4)
   0.02    1.74 v _09168_/ZN (AOI21_X2)
   0.03    1.77 ^ _09169_/ZN (OAI21_X2)
   0.02    1.79 v _09171_/ZN (AOI21_X1)
   0.04    1.84 ^ _09172_/ZN (OAI21_X1)
   0.02    1.86 v _09173_/ZN (AOI21_X1)
   0.05    1.90 ^ _09174_/ZN (OAI21_X2)
   0.04    1.95 v _09190_/ZN (NAND4_X1)
   0.05    2.00 ^ _09209_/ZN (NOR4_X2)
   0.05    2.05 v _09214_/ZN (OAI21_X2)
   0.09    2.15 ^ _09215_/ZN (NOR4_X4)
   0.02    2.17 v _09247_/ZN (NAND2_X1)
   0.08    2.25 ^ _09248_/ZN (XNOR2_X1)
   0.04    2.29 ^ _09275_/ZN (OR4_X4)
   0.02    2.31 v _09277_/ZN (AOI21_X2)
   0.11    2.42 v _09321_/ZN (OR4_X2)
   0.07    2.48 v _09322_/Z (XOR2_X1)
   0.03    2.51 ^ _09323_/ZN (INV_X1)
   0.06    2.57 ^ _09325_/ZN (AND4_X1)
   0.03    2.60 v _09326_/ZN (NAND4_X1)
   0.09    2.69 ^ _09330_/ZN (AOI211_X1)
   0.02    2.71 v _09332_/ZN (AOI21_X2)
   0.11    2.82 v _09372_/ZN (OR4_X2)
   0.11    2.93 v _09374_/ZN (OR4_X4)
   0.05    2.98 ^ _09375_/ZN (XNOR2_X1)
   0.04    3.02 v _09389_/ZN (NAND4_X1)
   0.09    3.10 v _09403_/ZN (OR4_X2)
   0.04    3.15 ^ _09406_/ZN (AOI21_X4)
   0.04    3.19 v _09424_/ZN (OAI211_X2)
   0.11    3.30 v _09448_/ZN (OR4_X2)
   0.08    3.38 v _09449_/ZN (OR3_X2)
   0.04    3.42 v _09451_/ZN (AND4_X1)
   0.04    3.46 v _09496_/ZN (AND4_X1)
   0.06    3.52 ^ _09497_/ZN (AOI211_X2)
   0.03    3.54 v _09498_/ZN (AOI21_X4)
   0.09    3.63 ^ _09550_/ZN (OAI33_X1)
   0.06    3.69 ^ _09551_/ZN (XNOR2_X1)
   0.05    3.74 ^ _09552_/ZN (AND2_X1)
   0.04    3.78 v _09562_/ZN (NAND3_X1)
   0.12    3.90 v _09563_/ZN (OR4_X4)
   0.07    3.97 ^ _09617_/ZN (AOI211_X2)
   0.03    4.00 v _09626_/ZN (NAND3_X1)
   0.06    4.06 v _09627_/Z (XOR2_X1)
   0.07    4.14 ^ _09631_/ZN (NOR3_X1)
   0.05    4.19 v _09632_/ZN (NAND4_X2)
   0.06    4.25 ^ _09637_/ZN (AOI211_X2)
   0.02    4.27 v _09638_/ZN (NAND2_X1)
   0.09    4.36 v _09639_/ZN (OR3_X1)
   0.05    4.40 ^ _09696_/ZN (AOI21_X2)
   0.05    4.45 v _09700_/ZN (NAND4_X2)
   0.10    4.55 ^ _09708_/ZN (NOR4_X4)
   0.04    4.59 v _09713_/ZN (OAI211_X4)
   0.11    4.70 ^ _09714_/ZN (NOR4_X2)
   0.07    4.77 ^ _09715_/Z (XOR2_X1)
   0.07    4.84 ^ _09774_/ZN (AND4_X1)
   0.04    4.88 v _09775_/ZN (OAI211_X2)
   0.07    4.95 ^ _09779_/ZN (AOI211_X2)
   0.04    4.99 v _09780_/ZN (NAND4_X1)
   0.05    5.04 ^ _09860_/ZN (OAI21_X1)
   0.07    5.12 ^ _09861_/Z (XOR2_X2)
   0.04    5.15 v _09865_/ZN (NAND4_X4)
   0.08    5.23 v _09874_/ZN (OR3_X4)
   0.04    5.27 ^ _09877_/ZN (AOI21_X1)
   0.04    5.31 v _09880_/ZN (XNOR2_X1)
   0.08    5.39 ^ _09936_/ZN (NOR4_X1)
   0.07    5.46 ^ _09937_/ZN (AND4_X2)
   0.04    5.50 v _09943_/ZN (NAND4_X2)
   0.07    5.57 ^ _09947_/ZN (AOI211_X2)
   0.06    5.63 v _09948_/ZN (NAND4_X1)
   0.10    5.73 ^ _09949_/ZN (OAI33_X1)
   0.06    5.78 v _09950_/ZN (XNOR2_X1)
   0.12    5.90 v _10013_/ZN (OR4_X2)
   0.09    5.99 ^ _10021_/ZN (AOI221_X2)
   0.04    6.02 v _10026_/ZN (XNOR2_X1)
   0.10    6.12 v _10029_/ZN (OR4_X2)
   0.05    6.17 ^ _10042_/ZN (AOI21_X2)
   0.04    6.21 v _10048_/ZN (NAND4_X4)
   0.05    6.26 v _10090_/ZN (OR2_X4)
   0.09    6.35 ^ _10115_/ZN (AOI221_X2)
   0.02    6.37 v _10116_/ZN (NAND2_X1)
   0.07    6.44 ^ _10117_/Z (MUX2_X1)
   0.05    6.49 v _10128_/ZN (NAND4_X2)
   0.08    6.57 v _10191_/ZN (OR3_X4)
   0.03    6.60 ^ _10193_/ZN (OAI21_X4)
   0.05    6.65 ^ _10217_/ZN (AND3_X2)
   0.07    6.72 ^ _10218_/Z (XOR2_X2)
   0.06    6.78 v _10233_/ZN (NAND4_X1)
   0.12    6.90 v _10237_/ZN (OR4_X2)
   0.04    6.94 ^ _10262_/ZN (AOI21_X2)
   0.04    6.97 ^ _10294_/ZN (OR4_X1)
   0.02    7.00 v _10295_/ZN (AOI22_X2)
   0.10    7.10 v _10297_/ZN (OR4_X2)
   0.13    7.24 v _10306_/ZN (OR4_X1)
   0.05    7.29 ^ _10340_/ZN (AOI21_X4)
   0.03    7.32 v _10344_/ZN (OAI211_X4)
   0.09    7.40 ^ _10355_/ZN (NOR4_X4)
   0.05    7.45 v _10356_/ZN (NAND4_X1)
   0.10    7.55 ^ _10377_/ZN (OAI33_X1)
   0.07    7.62 ^ _10378_/ZN (XNOR2_X1)
   0.02    7.64 v _10379_/ZN (NOR3_X4)
   0.10    7.74 v _10407_/ZN (OR4_X2)
   0.04    7.78 v _10408_/Z (BUF_X2)
   0.07    7.85 ^ _10462_/ZN (AOI211_X1)
   0.03    7.88 v _10481_/ZN (XNOR2_X1)
   0.10    7.97 v _10482_/ZN (OR3_X1)
   0.14    8.11 v _10499_/ZN (OR4_X1)
   0.05    8.16 ^ _10500_/ZN (OAI211_X2)
   0.03    8.19 v _10502_/ZN (OAI21_X1)
   0.06    8.25 ^ _10503_/ZN (XNOR2_X1)
   0.04    8.29 v _10557_/ZN (NAND4_X1)
   0.13    8.41 v _10558_/ZN (OR4_X2)
   0.08    8.49 v _10559_/ZN (OR3_X4)
   0.03    8.53 ^ _10614_/ZN (OAI211_X2)
   0.02    8.55 v _10624_/ZN (OAI21_X1)
   0.05    8.60 v _10625_/ZN (XNOR2_X1)
   0.05    8.65 ^ _10626_/ZN (NOR3_X1)
   0.04    8.69 v _10627_/ZN (NAND3_X1)
   0.09    8.78 ^ _10635_/ZN (NOR4_X4)
   0.04    8.82 v _10639_/ZN (OAI211_X1)
   0.13    8.95 v _10687_/ZN (OR4_X2)
   0.09    9.04 ^ _10688_/ZN (NOR4_X2)
   0.03    9.07 v _10708_/ZN (NAND3_X1)
   0.08    9.15 ^ _10723_/Z (MUX2_X1)
   0.03    9.19 v _10727_/ZN (OAI211_X4)
   0.05    9.24 ^ _10728_/ZN (OAI21_X2)
   0.06    9.30 ^ _10759_/ZN (AND4_X2)
   0.04    9.34 v _10776_/ZN (NAND4_X1)
   0.07    9.41 v _10777_/Z (MUX2_X1)
   0.09    9.50 ^ _10778_/ZN (NOR4_X4)
   0.05    9.55 v _10792_/ZN (NAND4_X4)
   0.04    9.59 ^ _10816_/ZN (AOI21_X4)
   0.07    9.66 ^ _10841_/Z (XOR2_X2)
   0.04    9.70 v _10842_/ZN (NAND3_X1)
   0.11    9.81 v _10880_/ZN (OR4_X2)
   0.09    9.90 ^ _10883_/ZN (AOI211_X2)
   0.03    9.93 v _10887_/ZN (NOR2_X1)
   0.05    9.98 ^ _10927_/ZN (OAI22_X1)
   0.02   10.00 v _10928_/ZN (NAND2_X1)
   0.11   10.12 v _10929_/ZN (OR4_X2)
   0.08   10.20 ^ _10930_/ZN (NOR4_X2)
   0.05   10.25 v _10937_/ZN (AOI21_X1)
   0.08   10.32 ^ _11034_/ZN (NOR3_X4)
   0.05   10.37 ^ _11035_/ZN (AND3_X4)
   0.02   10.39 v _11036_/ZN (NAND2_X4)
   0.06   10.45 ^ _11037_/ZN (NOR3_X4)
   0.03   10.47 v _11038_/ZN (NAND2_X2)
   0.03   10.50 ^ _11039_/ZN (NOR2_X4)
   0.01   10.52 v _11053_/ZN (NOR2_X1)
   0.06   10.58 v _11054_/Z (XOR2_X1)
   0.06   10.65 ^ _11152_/ZN (NOR2_X1)
   0.02   10.66 v _11153_/ZN (NOR2_X4)
   0.04   10.70 ^ _11177_/ZN (AOI21_X4)
   0.02   10.72 v _11178_/ZN (OAI21_X4)
   0.04   10.76 ^ _11179_/ZN (AOI21_X1)
   0.02   10.79 v _11180_/ZN (OAI21_X2)
   0.04   10.83 ^ _11181_/ZN (AOI21_X1)
   0.02   10.85 v _11182_/ZN (OAI21_X2)
   0.03   10.88 ^ _11183_/ZN (AOI21_X1)
   0.02   10.91 v _11184_/ZN (OAI21_X1)
   0.05   10.95 ^ _11185_/ZN (AOI21_X1)
   0.02   10.98 v _11195_/ZN (NOR2_X1)
   0.04   11.01 ^ _11196_/ZN (XNOR2_X1)
   0.05   11.07 ^ _11247_/ZN (AND3_X1)
   0.05   11.11 v _11248_/ZN (NAND4_X2)
   0.06   11.17 ^ _11251_/ZN (NOR3_X1)
   0.07   11.24 v _11252_/ZN (AOI221_X4)
   0.11   11.35 v _11285_/ZN (OR4_X4)
   0.04   11.38 v _11290_/ZN (XNOR2_X1)
   0.00   11.38 v output_outA[7] (out)
          11.38   data arrival time

   5.00    5.00   clock clk (rise edge)
   0.00    5.00   clock network delay (ideal)
   0.00    5.00   clock reconvergence pessimism
   0.00    5.00   output external delay
           5.00   data required time
---------------------------------------------------------
           5.00   data required time
         -11.38   data arrival time
---------------------------------------------------------
          -6.38   slack (VIOLATED)


Startpoint: input_zeta[12] (input port clocked by clk)
Endpoint: output_outA[18] (output port clocked by clk)
Path Group: in2out
Path Type: max

  Delay    Time   Description
---------------------------------------------------------
   0.00    0.00   clock clk (rise edge)
   0.00    0.00   clock network delay (ideal)
   0.00    0.00 ^ input external delay
   0.00    0.00 ^ input_zeta[12] (in)
   0.03    0.03 ^ _06142_/Z (BUF_X4)
   0.03    0.06 v _07100_/ZN (NAND2_X1)
   0.06    0.11 v _07101_/Z (XOR2_X2)
   0.04    0.16 v _07228_/ZN (XNOR2_X1)
   0.08    0.23 v _07239_/ZN (OR3_X2)
   0.03    0.26 v _07240_/ZN (AND2_X4)
   0.04    0.30 ^ _07328_/ZN (XNOR2_X1)
   0.01    0.31 v _07329_/ZN (INV_X2)
   0.08    0.39 v _07367_/ZN (OR3_X2)
   0.02    0.41 ^ _07420_/ZN (NAND2_X2)
   0.05    0.45 ^ _07421_/Z (XOR2_X1)
   0.05    0.51 ^ _07480_/ZN (AND3_X1)
   0.01    0.52 v _07481_/ZN (NOR2_X2)
   0.04    0.56 v _07556_/ZN (XNOR2_X1)
   0.05    0.61 ^ _07615_/ZN (AOI21_X1)
   0.01    0.62 v _07637_/ZN (NOR2_X2)
   0.06    0.68 v _07666_/Z (XOR2_X1)
   0.06    0.74 v _07667_/Z (XOR2_X1)
   0.09    0.83 v _07750_/ZN (OR3_X1)
   0.02    0.85 ^ _07751_/ZN (NAND2_X2)
   0.06    0.91 ^ _07771_/Z (XOR2_X1)
   0.05    0.96 ^ _07946_/Z (XOR2_X1)
   0.05    1.01 ^ _07947_/ZN (XNOR2_X1)
   0.05    1.06 ^ _07951_/ZN (XNOR2_X1)
   0.05    1.11 ^ _08037_/ZN (XNOR2_X1)
   0.02    1.13 v _08117_/ZN (AOI21_X1)
   0.05    1.17 ^ _08118_/ZN (OAI21_X1)
   0.02    1.19 v _08454_/ZN (AOI21_X2)
   0.12    1.31 ^ _08455_/ZN (OAI33_X1)
   0.03    1.34 v _08456_/ZN (OAI21_X2)
   0.05    1.39 ^ _08457_/ZN (AOI21_X2)
   0.03    1.41 v _08459_/ZN (OAI211_X2)
   0.04    1.45 v _08460_/ZN (AND3_X4)
   0.05    1.50 ^ _08461_/ZN (NOR3_X4)
   0.04    1.54 v _08466_/ZN (OAI33_X1)
   0.04    1.58 v _08467_/ZN (AND2_X1)
   0.03    1.62 ^ _08468_/ZN (OAI21_X2)
   0.02    1.64 v _09162_/ZN (AOI21_X2)
   0.03    1.67 ^ _09163_/ZN (OAI21_X4)
   0.02    1.69 v _09165_/ZN (AOI21_X2)
   0.03    1.72 ^ _09166_/ZN (OAI21_X4)
   0.02    1.74 v _09168_/ZN (AOI21_X2)
   0.03    1.77 ^ _09169_/ZN (OAI21_X2)
   0.02    1.79 v _09171_/ZN (AOI21_X1)
   0.04    1.84 ^ _09172_/ZN (OAI21_X1)
   0.02    1.86 v _09173_/ZN (AOI21_X1)
   0.05    1.90 ^ _09174_/ZN (OAI21_X2)
   0.04    1.95 v _09190_/ZN (NAND4_X1)
   0.05    2.00 ^ _09209_/ZN (NOR4_X2)
   0.05    2.05 v _09214_/ZN (OAI21_X2)
   0.09    2.15 ^ _09215_/ZN (NOR4_X4)
   0.02    2.17 v _09247_/ZN (NAND2_X1)
   0.08    2.25 ^ _09248_/ZN (XNOR2_X1)
   0.04    2.29 ^ _09275_/ZN (OR4_X4)
   0.02    2.31 v _09277_/ZN (AOI21_X2)
   0.11    2.42 v _09321_/ZN (OR4_X2)
   0.07    2.48 v _09322_/Z (XOR2_X1)
   0.03    2.51 ^ _09323_/ZN (INV_X1)
   0.06    2.57 ^ _09325_/ZN (AND4_X1)
   0.03    2.60 v _09326_/ZN (NAND4_X1)
   0.09    2.69 ^ _09330_/ZN (AOI211_X1)
   0.02    2.71 v _09332_/ZN (AOI21_X2)
   0.11    2.82 v _09372_/ZN (OR4_X2)
   0.11    2.93 v _09374_/ZN (OR4_X4)
   0.05    2.98 ^ _09375_/ZN (XNOR2_X1)
   0.04    3.02 v _09389_/ZN (NAND4_X1)
   0.09    3.10 v _09403_/ZN (OR4_X2)
   0.04    3.15 ^ _09406_/ZN (AOI21_X4)
   0.04    3.19 v _09424_/ZN (OAI211_X2)
   0.11    3.30 v _09448_/ZN (OR4_X2)
   0.08    3.38 v _09449_/ZN (OR3_X2)
   0.04    3.42 v _09451_/ZN (AND4_X1)
   0.04    3.46 v _09496_/ZN (AND4_X1)
   0.06    3.52 ^ _09497_/ZN (AOI211_X2)
   0.03    3.54 v _09498_/ZN (AOI21_X4)
   0.09    3.63 ^ _09550_/ZN (OAI33_X1)
   0.06    3.69 ^ _09551_/ZN (XNOR2_X1)
   0.05    3.74 ^ _09552_/ZN (AND2_X1)
   0.04    3.78 v _09562_/ZN (NAND3_X1)
   0.12    3.90 v _09563_/ZN (OR4_X4)
   0.07    3.97 ^ _09617_/ZN (AOI211_X2)
   0.03    4.00 v _09626_/ZN (NAND3_X1)
   0.06    4.06 v _09627_/Z (XOR2_X1)
   0.07    4.14 ^ _09631_/ZN (NOR3_X1)
   0.05    4.19 v _09632_/ZN (NAND4_X2)
   0.06    4.25 ^ _09637_/ZN (AOI211_X2)
   0.02    4.27 v _09638_/ZN (NAND2_X1)
   0.09    4.36 v _09639_/ZN (OR3_X1)
   0.05    4.40 ^ _09696_/ZN (AOI21_X2)
   0.05    4.45 v _09700_/ZN (NAND4_X2)
   0.10    4.55 ^ _09708_/ZN (NOR4_X4)
   0.04    4.59 v _09713_/ZN (OAI211_X4)
   0.11    4.70 ^ _09714_/ZN (NOR4_X2)
   0.07    4.77 ^ _09715_/Z (XOR2_X1)
   0.07    4.84 ^ _09774_/ZN (AND4_X1)
   0.04    4.88 v _09775_/ZN (OAI211_X2)
   0.07    4.95 ^ _09779_/ZN (AOI211_X2)
   0.04    4.99 v _09780_/ZN (NAND4_X1)
   0.05    5.04 ^ _09860_/ZN (OAI21_X1)
   0.07    5.12 ^ _09861_/Z (XOR2_X2)
   0.04    5.15 v _09865_/ZN (NAND4_X4)
   0.08    5.23 v _09874_/ZN (OR3_X4)
   0.04    5.27 ^ _09877_/ZN (AOI21_X1)
   0.04    5.31 v _09880_/ZN (XNOR2_X1)
   0.08    5.39 ^ _09936_/ZN (NOR4_X1)
   0.07    5.46 ^ _09937_/ZN (AND4_X2)
   0.04    5.50 v _09943_/ZN (NAND4_X2)
   0.07    5.57 ^ _09947_/ZN (AOI211_X2)
   0.06    5.63 v _09948_/ZN (NAND4_X1)
   0.10    5.73 ^ _09949_/ZN (OAI33_X1)
   0.06    5.78 v _09950_/ZN (XNOR2_X1)
   0.12    5.90 v _10013_/ZN (OR4_X2)
   0.09    5.99 ^ _10021_/ZN (AOI221_X2)
   0.04    6.02 v _10026_/ZN (XNOR2_X1)
   0.10    6.12 v _10029_/ZN (OR4_X2)
   0.05    6.17 ^ _10042_/ZN (AOI21_X2)
   0.04    6.21 v _10048_/ZN (NAND4_X4)
   0.05    6.26 v _10090_/ZN (OR2_X4)
   0.09    6.35 ^ _10115_/ZN (AOI221_X2)
   0.02    6.37 v _10116_/ZN (NAND2_X1)
   0.07    6.44 ^ _10117_/Z (MUX2_X1)
   0.05    6.49 v _10128_/ZN (NAND4_X2)
   0.08    6.57 v _10191_/ZN (OR3_X4)
   0.03    6.60 ^ _10193_/ZN (OAI21_X4)
   0.05    6.65 ^ _10217_/ZN (AND3_X2)
   0.07    6.72 ^ _10218_/Z (XOR2_X2)
   0.06    6.78 v _10233_/ZN (NAND4_X1)
   0.12    6.90 v _10237_/ZN (OR4_X2)
   0.04    6.94 ^ _10262_/ZN (AOI21_X2)
   0.04    6.97 ^ _10294_/ZN (OR4_X1)
   0.02    7.00 v _10295_/ZN (AOI22_X2)
   0.10    7.10 v _10297_/ZN (OR4_X2)
   0.13    7.24 v _10306_/ZN (OR4_X1)
   0.05    7.29 ^ _10340_/ZN (AOI21_X4)
   0.03    7.32 v _10344_/ZN (OAI211_X4)
   0.09    7.40 ^ _10355_/ZN (NOR4_X4)
   0.05    7.45 v _10356_/ZN (NAND4_X1)
   0.10    7.55 ^ _10377_/ZN (OAI33_X1)
   0.07    7.62 ^ _10378_/ZN (XNOR2_X1)
   0.02    7.64 v _10379_/ZN (NOR3_X4)
   0.10    7.74 v _10407_/ZN (OR4_X2)
   0.04    7.78 v _10408_/Z (BUF_X2)
   0.07    7.85 ^ _10462_/ZN (AOI211_X1)
   0.03    7.88 v _10481_/ZN (XNOR2_X1)
   0.10    7.97 v _10482_/ZN (OR3_X1)
   0.14    8.11 v _10499_/ZN (OR4_X1)
   0.05    8.16 ^ _10500_/ZN (OAI211_X2)
   0.03    8.19 v _10502_/ZN (OAI21_X1)
   0.06    8.25 ^ _10503_/ZN (XNOR2_X1)
   0.04    8.29 v _10557_/ZN (NAND4_X1)
   0.13    8.41 v _10558_/ZN (OR4_X2)
   0.08    8.49 v _10559_/ZN (OR3_X4)
   0.03    8.53 ^ _10614_/ZN (OAI211_X2)
   0.02    8.55 v _10624_/ZN (OAI21_X1)
   0.05    8.60 v _10625_/ZN (XNOR2_X1)
   0.05    8.65 ^ _10626_/ZN (NOR3_X1)
   0.04    8.69 v _10627_/ZN (NAND3_X1)
   0.09    8.78 ^ _10635_/ZN (NOR4_X4)
   0.04    8.82 v _10639_/ZN (OAI211_X1)
   0.13    8.95 v _10687_/ZN (OR4_X2)
   0.09    9.04 ^ _10688_/ZN (NOR4_X2)
   0.03    9.07 v _10708_/ZN (NAND3_X1)
   0.08    9.15 ^ _10723_/Z (MUX2_X1)
   0.03    9.19 v _10727_/ZN (OAI211_X4)
   0.05    9.24 ^ _10728_/ZN (OAI21_X2)
   0.06    9.30 ^ _10759_/ZN (AND4_X2)
   0.04    9.34 v _10776_/ZN (NAND4_X1)
   0.07    9.41 v _10777_/Z (MUX2_X1)
   0.09    9.50 ^ _10778_/ZN (NOR4_X4)
   0.05    9.55 v _10792_/ZN (NAND4_X4)
   0.04    9.59 ^ _10816_/ZN (AOI21_X4)
   0.07    9.66 ^ _10841_/Z (XOR2_X2)
   0.04    9.70 v _10842_/ZN (NAND3_X1)
   0.11    9.81 v _10880_/ZN (OR4_X2)
   0.09    9.90 ^ _10883_/ZN (AOI211_X2)
   0.03    9.93 v _10887_/ZN (NOR2_X1)
   0.05    9.98 ^ _10927_/ZN (OAI22_X1)
   0.02   10.00 v _10928_/ZN (NAND2_X1)
   0.11   10.12 v _10929_/ZN (OR4_X2)
   0.08   10.20 ^ _10930_/ZN (NOR4_X2)
   0.05   10.25 v _10937_/ZN (AOI21_X1)
   0.08   10.32 ^ _11034_/ZN (NOR3_X4)
   0.05   10.37 ^ _11035_/ZN (AND3_X4)
   0.02   10.39 v _11036_/ZN (NAND2_X4)
   0.06   10.45 ^ _11037_/ZN (NOR3_X4)
   0.03   10.47 v _11038_/ZN (NAND2_X2)
   0.03   10.50 ^ _11039_/ZN (NOR2_X4)
   0.01   10.52 v _11053_/ZN (NOR2_X1)
   0.06   10.58 v _11054_/Z (XOR2_X1)
   0.06   10.65 ^ _11152_/ZN (NOR2_X1)
   0.02   10.66 v _11153_/ZN (NOR2_X4)
   0.04   10.70 ^ _11177_/ZN (AOI21_X4)
   0.02   10.72 v _11178_/ZN (OAI21_X4)
   0.04   10.76 ^ _11179_/ZN (AOI21_X1)
   0.02   10.79 v _11180_/ZN (OAI21_X2)
   0.04   10.83 ^ _11181_/ZN (AOI21_X1)
   0.02   10.85 v _11182_/ZN (OAI21_X2)
   0.03   10.88 ^ _11183_/ZN (AOI21_X1)
   0.02   10.91 v _11184_/ZN (OAI21_X1)
   0.05   10.95 ^ _11185_/ZN (AOI21_X1)
   0.02   10.98 v _11195_/ZN (NOR2_X1)
   0.04   11.01 ^ _11196_/ZN (XNOR2_X1)
   0.05   11.07 ^ _11247_/ZN (AND3_X1)
   0.05   11.11 v _11248_/ZN (NAND4_X2)
   0.06   11.17 ^ _11251_/ZN (NOR3_X1)
   0.07   11.24 v _11252_/ZN (AOI221_X4)
   0.09   11.33 ^ _11266_/ZN (NOR4_X2)
   0.03   11.36 v _11267_/ZN (NAND3_X1)
   0.02   11.38 ^ _11269_/ZN (AOI21_X2)
   0.00   11.38 ^ output_outA[18] (out)
          11.38   data arrival time

   5.00    5.00   clock clk (rise edge)
   0.00    5.00   clock network delay (ideal)
   0.00    5.00   clock reconvergence pessimism
   0.00    5.00   output external delay
           5.00   data required time
---------------------------------------------------------
           5.00   data required time
         -11.38   data arrival time
---------------------------------------------------------
          -6.38   slack (VIOLATED)


