Startpoint: b[4] (input port clocked by clk)
Endpoint: outA[15] (output port clocked by clk)
Path Group: clk
Path Type: max

  Delay    Time   Description
---------------------------------------------------------
   0.00    0.00   clock clk (rise edge)
   0.00    0.00   clock network delay (ideal)
   0.00    0.00 ^ input external delay
   0.00    0.00 ^ b[4] (in)
   0.05    0.05 ^ _4272_/Z (BUF_X1)
   0.06    0.11 ^ _4273_/Z (BUF_X1)
   0.03    0.15 v _4275_/ZN (AOI22_X1)
   0.09    0.24 v _4276_/ZN (OR3_X1)
   0.04    0.28 ^ _4279_/ZN (AOI21_X1)
   0.02    0.30 v _4317_/ZN (OAI21_X1)
   0.05    0.36 v _4321_/Z (XOR2_X1)
   0.09    0.45 v _4322_/ZN (OR3_X1)
   0.04    0.48 v _4324_/ZN (AND2_X1)
   0.06    0.54 v _4325_/Z (XOR2_X1)
   0.05    0.59 v _4326_/ZN (XNOR2_X1)
   0.06    0.65 v _4327_/Z (XOR2_X1)
   0.03    0.68 ^ _5425_/ZN (AOI21_X1)
   0.02    0.70 v _5426_/ZN (OAI21_X1)
   0.04    0.74 ^ _5427_/ZN (AOI21_X1)
   0.02    0.76 v _5429_/ZN (OAI21_X1)
   0.04    0.80 ^ _5430_/ZN (AOI21_X1)
   0.02    0.83 v _5431_/ZN (OAI21_X1)
   0.05    0.87 ^ _5432_/ZN (AOI21_X1)
   0.03    0.90 v _5433_/ZN (OAI21_X1)
   0.05    0.95 ^ _5434_/ZN (AOI21_X1)
   0.03    0.97 v _5435_/ZN (OAI21_X1)
   0.05    1.02 v _5441_/ZN (XNOR2_X1)
   0.07    1.09 v _5468_/Z (XOR2_X1)
   0.07    1.16 ^ _5469_/ZN (AOI211_X1)
   0.12    1.27 ^ _5608_/Z (XOR2_X1)
   0.06    1.33 ^ _6112_/ZN (XNOR2_X1)
   0.02    1.35 v _6118_/ZN (OAI21_X1)
   0.05    1.40 ^ _6119_/ZN (AOI21_X1)
   0.03    1.42 v _6121_/ZN (OAI21_X1)
   0.05    1.47 ^ _6122_/ZN (AOI21_X1)
   0.03    1.50 v _6124_/ZN (OAI21_X1)
   0.05    1.55 ^ _6125_/ZN (AOI21_X1)
   0.03    1.58 v _6127_/ZN (OAI21_X1)
   0.05    1.63 ^ _6128_/ZN (AOI21_X1)
   0.07    1.70 ^ _7856_/Z (XOR2_X1)
   0.04    1.73 ^ _7857_/ZN (AND2_X1)
   0.01    1.75 v _7883_/ZN (AOI21_X1)
   0.05    1.80 ^ _7884_/ZN (OAI21_X1)
   0.02    1.82 v _7885_/ZN (AOI21_X1)
   0.05    1.87 ^ _7886_/ZN (OAI21_X1)
   0.02    1.89 v _7888_/ZN (AOI21_X1)
   0.05    1.94 ^ _7889_/ZN (OAI21_X1)
   0.02    1.96 v _7890_/ZN (AOI21_X1)
   0.04    2.00 ^ _7892_/ZN (OAI21_X1)
   0.02    2.03 v _7894_/ZN (AOI21_X1)
   0.05    2.07 ^ _7895_/ZN (OAI21_X1)
   0.02    2.10 v _7896_/ZN (AOI21_X1)
   0.05    2.14 ^ _7897_/ZN (OAI21_X1)
   0.02    2.17 v _7898_/ZN (AOI21_X1)
   0.05    2.22 ^ _7899_/ZN (OAI21_X1)
   0.03    2.25 v _7900_/ZN (AOI211_X1)
   0.11    2.36 ^ _7901_/ZN (OAI33_X1)
   0.03    2.39 v _7904_/ZN (OAI211_X1)
   0.04    2.44 v _7914_/ZN (AND3_X1)
   0.03    2.47 ^ _7915_/ZN (NOR2_X1)
   0.03    2.50 v _7957_/ZN (NAND3_X1)
   0.13    2.63 v _7958_/ZN (OR4_X1)
   0.09    2.71 ^ _7973_/ZN (OAI21_X1)
   0.04    2.75 v _8101_/ZN (AOI21_X1)
   0.09    2.84 v _8107_/ZN (OR3_X1)
   0.04    2.88 ^ _8109_/ZN (AOI21_X1)
   0.02    2.90 v _8110_/ZN (OAI21_X1)
   0.05    2.95 ^ _8111_/ZN (AOI21_X1)
   0.03    2.97 v _8112_/ZN (OAI21_X1)
   0.05    3.02 ^ _8113_/ZN (AOI21_X1)
   0.03    3.05 v _8114_/ZN (OAI21_X1)
   0.04    3.08 ^ _8115_/ZN (AOI21_X1)
   0.03    3.11 v _8116_/ZN (OAI21_X1)
   0.04    3.15 ^ _8117_/ZN (AOI21_X1)
   0.03    3.18 v _8118_/ZN (OAI21_X1)
   0.05    3.23 ^ _8119_/ZN (AOI21_X1)
   0.03    3.26 v _8120_/ZN (OAI21_X1)
   0.05    3.31 ^ _8121_/ZN (AOI21_X1)
   0.03    3.33 v _8122_/ZN (OAI21_X1)
   0.05    3.38 ^ _8123_/ZN (AOI21_X1)
   0.03    3.40 v _8124_/ZN (OAI21_X1)
   0.05    3.45 ^ _8125_/ZN (AOI21_X1)
   0.03    3.48 ^ _8139_/ZN (OR3_X1)
   0.02    3.51 v _8140_/ZN (NAND2_X1)
   0.11    3.61 ^ _8141_/ZN (NOR4_X1)
   0.04    3.65 v _8203_/ZN (NAND4_X1)
   0.08    3.74 v _8204_/ZN (OR3_X1)
   0.07    3.81 ^ _8206_/ZN (OAI211_X1)
   0.07    3.88 ^ _8220_/Z (BUF_X1)
   0.05    3.93 ^ _8221_/ZN (AND3_X1)
   0.01    3.94 v _8222_/ZN (NOR2_X1)
   0.02    3.96 ^ _8223_/ZN (NOR2_X1)
   0.00    3.96 ^ outA[15] (out)
           3.96   data arrival time

   5.00    5.00   clock clk (rise edge)
   0.00    5.00   clock network delay (ideal)
   0.00    5.00   clock reconvergence pessimism
   0.00    5.00   output external delay
           5.00   data required time
---------------------------------------------------------
           5.00   data required time
          -3.96   data arrival time
---------------------------------------------------------
           1.04   slack (MET)


Startpoint: b[4] (input port clocked by clk)
Endpoint: outA[4] (output port clocked by clk)
Path Group: clk
Path Type: max

  Delay    Time   Description
---------------------------------------------------------
   0.00    0.00   clock clk (rise edge)
   0.00    0.00   clock network delay (ideal)
   0.00    0.00 ^ input external delay
   0.00    0.00 ^ b[4] (in)
   0.05    0.05 ^ _4272_/Z (BUF_X1)
   0.06    0.11 ^ _4273_/Z (BUF_X1)
   0.03    0.15 v _4275_/ZN (AOI22_X1)
   0.09    0.24 v _4276_/ZN (OR3_X1)
   0.04    0.28 ^ _4279_/ZN (AOI21_X1)
   0.02    0.30 v _4317_/ZN (OAI21_X1)
   0.05    0.36 v _4321_/Z (XOR2_X1)
   0.09    0.45 v _4322_/ZN (OR3_X1)
   0.04    0.48 v _4324_/ZN (AND2_X1)
   0.06    0.54 v _4325_/Z (XOR2_X1)
   0.05    0.59 v _4326_/ZN (XNOR2_X1)
   0.06    0.65 v _4327_/Z (XOR2_X1)
   0.03    0.68 ^ _5425_/ZN (AOI21_X1)
   0.02    0.70 v _5426_/ZN (OAI21_X1)
   0.04    0.74 ^ _5427_/ZN (AOI21_X1)
   0.02    0.76 v _5429_/ZN (OAI21_X1)
   0.04    0.80 ^ _5430_/ZN (AOI21_X1)
   0.02    0.83 v _5431_/ZN (OAI21_X1)
   0.05    0.87 ^ _5432_/ZN (AOI21_X1)
   0.03    0.90 v _5433_/ZN (OAI21_X1)
   0.05    0.95 ^ _5434_/ZN (AOI21_X1)
   0.03    0.97 v _5435_/ZN (OAI21_X1)
   0.05    1.02 v _5441_/ZN (XNOR2_X1)
   0.07    1.09 v _5468_/Z (XOR2_X1)
   0.07    1.16 ^ _5469_/ZN (AOI211_X1)
   0.12    1.27 ^ _5608_/Z (XOR2_X1)
   0.06    1.33 ^ _6112_/ZN (XNOR2_X1)
   0.02    1.35 v _6118_/ZN (OAI21_X1)
   0.05    1.40 ^ _6119_/ZN (AOI21_X1)
   0.03    1.42 v _6121_/ZN (OAI21_X1)
   0.05    1.47 ^ _6122_/ZN (AOI21_X1)
   0.03    1.50 v _6124_/ZN (OAI21_X1)
   0.05    1.55 ^ _6125_/ZN (AOI21_X1)
   0.03    1.58 v _6127_/ZN (OAI21_X1)
   0.05    1.63 ^ _6128_/ZN (AOI21_X1)
   0.07    1.70 ^ _7856_/Z (XOR2_X1)
   0.04    1.73 ^ _7857_/ZN (AND2_X1)
   0.01    1.75 v _7883_/ZN (AOI21_X1)
   0.05    1.80 ^ _7884_/ZN (OAI21_X1)
   0.02    1.82 v _7885_/ZN (AOI21_X1)
   0.05    1.87 ^ _7886_/ZN (OAI21_X1)
   0.02    1.89 v _7888_/ZN (AOI21_X1)
   0.05    1.94 ^ _7889_/ZN (OAI21_X1)
   0.02    1.96 v _7890_/ZN (AOI21_X1)
   0.04    2.00 ^ _7892_/ZN (OAI21_X1)
   0.02    2.03 v _7894_/ZN (AOI21_X1)
   0.05    2.07 ^ _7895_/ZN (OAI21_X1)
   0.02    2.10 v _7896_/ZN (AOI21_X1)
   0.05    2.14 ^ _7897_/ZN (OAI21_X1)
   0.02    2.17 v _7898_/ZN (AOI21_X1)
   0.05    2.22 ^ _7899_/ZN (OAI21_X1)
   0.03    2.25 v _7900_/ZN (AOI211_X1)
   0.11    2.36 ^ _7901_/ZN (OAI33_X1)
   0.03    2.39 v _7904_/ZN (OAI211_X1)
   0.04    2.44 v _7914_/ZN (AND3_X1)
   0.03    2.47 ^ _7915_/ZN (NOR2_X1)
   0.03    2.50 v _7957_/ZN (NAND3_X1)
   0.13    2.63 v _7958_/ZN (OR4_X1)
   0.09    2.71 ^ _7973_/ZN (OAI21_X1)
   0.04    2.75 v _8101_/ZN (AOI21_X1)
   0.09    2.84 v _8107_/ZN (OR3_X1)
   0.04    2.88 ^ _8109_/ZN (AOI21_X1)
   0.02    2.90 v _8110_/ZN (OAI21_X1)
   0.05    2.95 ^ _8111_/ZN (AOI21_X1)
   0.03    2.97 v _8112_/ZN (OAI21_X1)
   0.05    3.02 ^ _8113_/ZN (AOI21_X1)
   0.03    3.05 v _8114_/ZN (OAI21_X1)
   0.04    3.08 ^ _8115_/ZN (AOI21_X1)
   0.03    3.11 v _8116_/ZN (OAI21_X1)
   0.04    3.15 ^ _8117_/ZN (AOI21_X1)
   0.03    3.18 v _8118_/ZN (OAI21_X1)
   0.05    3.23 ^ _8119_/ZN (AOI21_X1)
   0.03    3.26 v _8120_/ZN (OAI21_X1)
   0.05    3.31 ^ _8121_/ZN (AOI21_X1)
   0.03    3.33 v _8122_/ZN (OAI21_X1)
   0.05    3.38 ^ _8123_/ZN (AOI21_X1)
   0.03    3.40 v _8124_/ZN (OAI21_X1)
   0.05    3.45 ^ _8125_/ZN (AOI21_X1)
   0.03    3.48 ^ _8139_/ZN (OR3_X1)
   0.02    3.51 v _8140_/ZN (NAND2_X1)
   0.11    3.61 ^ _8141_/ZN (NOR4_X1)
   0.04    3.65 v _8203_/ZN (NAND4_X1)
   0.08    3.74 v _8204_/ZN (OR3_X1)
   0.07    3.81 ^ _8206_/ZN (OAI211_X1)
   0.07    3.88 ^ _8220_/Z (BUF_X1)
   0.03    3.90 v _8252_/ZN (NAND2_X1)
   0.05    3.96 v _8253_/Z (XOR2_X1)
   0.00    3.96 v outA[4] (out)
           3.96   data arrival time

   5.00    5.00   clock clk (rise edge)
   0.00    5.00   clock network delay (ideal)
   0.00    5.00   clock reconvergence pessimism
   0.00    5.00   output external delay
           5.00   data required time
---------------------------------------------------------
           5.00   data required time
          -3.96   data arrival time
---------------------------------------------------------
           1.04   slack (MET)


Startpoint: b[4] (input port clocked by clk)
Endpoint: outA[3] (output port clocked by clk)
Path Group: clk
Path Type: max

  Delay    Time   Description
---------------------------------------------------------
   0.00    0.00   clock clk (rise edge)
   0.00    0.00   clock network delay (ideal)
   0.00    0.00 ^ input external delay
   0.00    0.00 ^ b[4] (in)
   0.05    0.05 ^ _4272_/Z (BUF_X1)
   0.06    0.11 ^ _4273_/Z (BUF_X1)
   0.03    0.15 v _4275_/ZN (AOI22_X1)
   0.09    0.24 v _4276_/ZN (OR3_X1)
   0.04    0.28 ^ _4279_/ZN (AOI21_X1)
   0.02    0.30 v _4317_/ZN (OAI21_X1)
   0.05    0.36 v _4321_/Z (XOR2_X1)
   0.09    0.45 v _4322_/ZN (OR3_X1)
   0.04    0.48 v _4324_/ZN (AND2_X1)
   0.06    0.54 v _4325_/Z (XOR2_X1)
   0.05    0.59 v _4326_/ZN (XNOR2_X1)
   0.06    0.65 v _4327_/Z (XOR2_X1)
   0.03    0.68 ^ _5425_/ZN (AOI21_X1)
   0.02    0.70 v _5426_/ZN (OAI21_X1)
   0.04    0.74 ^ _5427_/ZN (AOI21_X1)
   0.02    0.76 v _5429_/ZN (OAI21_X1)
   0.04    0.80 ^ _5430_/ZN (AOI21_X1)
   0.02    0.83 v _5431_/ZN (OAI21_X1)
   0.05    0.87 ^ _5432_/ZN (AOI21_X1)
   0.03    0.90 v _5433_/ZN (OAI21_X1)
   0.05    0.95 ^ _5434_/ZN (AOI21_X1)
   0.03    0.97 v _5435_/ZN (OAI21_X1)
   0.05    1.02 v _5441_/ZN (XNOR2_X1)
   0.07    1.09 v _5468_/Z (XOR2_X1)
   0.07    1.16 ^ _5469_/ZN (AOI211_X1)
   0.12    1.27 ^ _5608_/Z (XOR2_X1)
   0.06    1.33 ^ _6112_/ZN (XNOR2_X1)
   0.02    1.35 v _6118_/ZN (OAI21_X1)
   0.05    1.40 ^ _6119_/ZN (AOI21_X1)
   0.03    1.42 v _6121_/ZN (OAI21_X1)
   0.05    1.47 ^ _6122_/ZN (AOI21_X1)
   0.03    1.50 v _6124_/ZN (OAI21_X1)
   0.05    1.55 ^ _6125_/ZN (AOI21_X1)
   0.03    1.58 v _6127_/ZN (OAI21_X1)
   0.05    1.63 ^ _6128_/ZN (AOI21_X1)
   0.07    1.70 ^ _7856_/Z (XOR2_X1)
   0.04    1.73 ^ _7857_/ZN (AND2_X1)
   0.01    1.75 v _7883_/ZN (AOI21_X1)
   0.05    1.80 ^ _7884_/ZN (OAI21_X1)
   0.02    1.82 v _7885_/ZN (AOI21_X1)
   0.05    1.87 ^ _7886_/ZN (OAI21_X1)
   0.02    1.89 v _7888_/ZN (AOI21_X1)
   0.05    1.94 ^ _7889_/ZN (OAI21_X1)
   0.02    1.96 v _7890_/ZN (AOI21_X1)
   0.04    2.00 ^ _7892_/ZN (OAI21_X1)
   0.02    2.03 v _7894_/ZN (AOI21_X1)
   0.05    2.07 ^ _7895_/ZN (OAI21_X1)
   0.02    2.10 v _7896_/ZN (AOI21_X1)
   0.05    2.14 ^ _7897_/ZN (OAI21_X1)
   0.02    2.17 v _7898_/ZN (AOI21_X1)
   0.05    2.22 ^ _7899_/ZN (OAI21_X1)
   0.03    2.25 v _7900_/ZN (AOI211_X1)
   0.11    2.36 ^ _7901_/ZN (OAI33_X1)
   0.03    2.39 v _7904_/ZN (OAI211_X1)
   0.04    2.44 v _7914_/ZN (AND3_X1)
   0.03    2.47 ^ _7915_/ZN (NOR2_X1)
   0.03    2.50 v _7957_/ZN (NAND3_X1)
   0.13    2.63 v _7958_/ZN (OR4_X1)
   0.09    2.71 ^ _7973_/ZN (OAI21_X1)
   0.04    2.75 v _8101_/ZN (AOI21_X1)
   0.09    2.84 v _8107_/ZN (OR3_X1)
   0.04    2.88 ^ _8109_/ZN (AOI21_X1)
   0.02    2.90 v _8110_/ZN (OAI21_X1)
   0.05    2.95 ^ _8111_/ZN (AOI21_X1)
   0.03    2.97 v _8112_/ZN (OAI21_X1)
   0.05    3.02 ^ _8113_/ZN (AOI21_X1)
   0.03    3.05 v _8114_/ZN (OAI21_X1)
   0.04    3.08 ^ _8115_/ZN (AOI21_X1)
   0.03    3.11 v _8116_/ZN (OAI21_X1)
   0.04    3.15 ^ _8117_/ZN (AOI21_X1)
   0.03    3.18 v _8118_/ZN (OAI21_X1)
   0.05    3.23 ^ _8119_/ZN (AOI21_X1)
   0.03    3.26 v _8120_/ZN (OAI21_X1)
   0.05    3.31 ^ _8121_/ZN (AOI21_X1)
   0.03    3.33 v _8122_/ZN (OAI21_X1)
   0.05    3.38 ^ _8123_/ZN (AOI21_X1)
   0.03    3.40 v _8124_/ZN (OAI21_X1)
   0.05    3.45 ^ _8125_/ZN (AOI21_X1)
   0.03    3.48 ^ _8139_/ZN (OR3_X1)
   0.02    3.51 v _8140_/ZN (NAND2_X1)
   0.11    3.61 ^ _8141_/ZN (NOR4_X1)
   0.04    3.65 v _8203_/ZN (NAND4_X1)
   0.08    3.74 v _8204_/ZN (OR3_X1)
   0.07    3.81 ^ _8206_/ZN (OAI211_X1)
   0.07    3.88 ^ _8220_/Z (BUF_X1)
   0.03    3.91 v _8254_/ZN (NAND4_X1)
   0.02    3.93 ^ _8255_/ZN (NAND2_X1)
   0.01    3.94 v _8256_/ZN (NAND2_X1)
   0.00    3.94 v outA[3] (out)
           3.94   data arrival time

   5.00    5.00   clock clk (rise edge)
   0.00    5.00   clock network delay (ideal)
   0.00    5.00   clock reconvergence pessimism
   0.00    5.00   output external delay
           5.00   data required time
---------------------------------------------------------
           5.00   data required time
          -3.94   data arrival time
---------------------------------------------------------
           1.06   slack (MET)


Startpoint: b[4] (input port clocked by clk)
Endpoint: outA[1] (output port clocked by clk)
Path Group: clk
Path Type: max

  Delay    Time   Description
---------------------------------------------------------
   0.00    0.00   clock clk (rise edge)
   0.00    0.00   clock network delay (ideal)
   0.00    0.00 ^ input external delay
   0.00    0.00 ^ b[4] (in)
   0.05    0.05 ^ _4272_/Z (BUF_X1)
   0.06    0.11 ^ _4273_/Z (BUF_X1)
   0.03    0.15 v _4275_/ZN (AOI22_X1)
   0.09    0.24 v _4276_/ZN (OR3_X1)
   0.04    0.28 ^ _4279_/ZN (AOI21_X1)
   0.02    0.30 v _4317_/ZN (OAI21_X1)
   0.05    0.36 v _4321_/Z (XOR2_X1)
   0.09    0.45 v _4322_/ZN (OR3_X1)
   0.04    0.48 v _4324_/ZN (AND2_X1)
   0.06    0.54 v _4325_/Z (XOR2_X1)
   0.05    0.59 v _4326_/ZN (XNOR2_X1)
   0.06    0.65 v _4327_/Z (XOR2_X1)
   0.03    0.68 ^ _5425_/ZN (AOI21_X1)
   0.02    0.70 v _5426_/ZN (OAI21_X1)
   0.04    0.74 ^ _5427_/ZN (AOI21_X1)
   0.02    0.76 v _5429_/ZN (OAI21_X1)
   0.04    0.80 ^ _5430_/ZN (AOI21_X1)
   0.02    0.83 v _5431_/ZN (OAI21_X1)
   0.05    0.87 ^ _5432_/ZN (AOI21_X1)
   0.03    0.90 v _5433_/ZN (OAI21_X1)
   0.05    0.95 ^ _5434_/ZN (AOI21_X1)
   0.03    0.97 v _5435_/ZN (OAI21_X1)
   0.05    1.02 v _5441_/ZN (XNOR2_X1)
   0.07    1.09 v _5468_/Z (XOR2_X1)
   0.07    1.16 ^ _5469_/ZN (AOI211_X1)
   0.12    1.27 ^ _5608_/Z (XOR2_X1)
   0.06    1.33 ^ _6112_/ZN (XNOR2_X1)
   0.02    1.35 v _6118_/ZN (OAI21_X1)
   0.05    1.40 ^ _6119_/ZN (AOI21_X1)
   0.03    1.42 v _6121_/ZN (OAI21_X1)
   0.05    1.47 ^ _6122_/ZN (AOI21_X1)
   0.03    1.50 v _6124_/ZN (OAI21_X1)
   0.05    1.55 ^ _6125_/ZN (AOI21_X1)
   0.03    1.58 v _6127_/ZN (OAI21_X1)
   0.05    1.63 ^ _6128_/ZN (AOI21_X1)
   0.07    1.70 ^ _7856_/Z (XOR2_X1)
   0.04    1.73 ^ _7857_/ZN (AND2_X1)
   0.01    1.75 v _7883_/ZN (AOI21_X1)
   0.05    1.80 ^ _7884_/ZN (OAI21_X1)
   0.02    1.82 v _7885_/ZN (AOI21_X1)
   0.05    1.87 ^ _7886_/ZN (OAI21_X1)
   0.02    1.89 v _7888_/ZN (AOI21_X1)
   0.05    1.94 ^ _7889_/ZN (OAI21_X1)
   0.02    1.96 v _7890_/ZN (AOI21_X1)
   0.04    2.00 ^ _7892_/ZN (OAI21_X1)
   0.02    2.03 v _7894_/ZN (AOI21_X1)
   0.05    2.07 ^ _7895_/ZN (OAI21_X1)
   0.02    2.10 v _7896_/ZN (AOI21_X1)
   0.05    2.14 ^ _7897_/ZN (OAI21_X1)
   0.02    2.17 v _7898_/ZN (AOI21_X1)
   0.05    2.22 ^ _7899_/ZN (OAI21_X1)
   0.03    2.25 v _7900_/ZN (AOI211_X1)
   0.11    2.36 ^ _7901_/ZN (OAI33_X1)
   0.03    2.39 v _7904_/ZN (OAI211_X1)
   0.04    2.44 v _7914_/ZN (AND3_X1)
   0.03    2.47 ^ _7915_/ZN (NOR2_X1)
   0.03    2.50 v _7957_/ZN (NAND3_X1)
   0.13    2.63 v _7958_/ZN (OR4_X1)
   0.09    2.71 ^ _7973_/ZN (OAI21_X1)
   0.04    2.75 v _8101_/ZN (AOI21_X1)
   0.09    2.84 v _8107_/ZN (OR3_X1)
   0.04    2.88 ^ _8109_/ZN (AOI21_X1)
   0.02    2.90 v _8110_/ZN (OAI21_X1)
   0.05    2.95 ^ _8111_/ZN (AOI21_X1)
   0.03    2.97 v _8112_/ZN (OAI21_X1)
   0.05    3.02 ^ _8113_/ZN (AOI21_X1)
   0.03    3.05 v _8114_/ZN (OAI21_X1)
   0.04    3.08 ^ _8115_/ZN (AOI21_X1)
   0.03    3.11 v _8116_/ZN (OAI21_X1)
   0.04    3.15 ^ _8117_/ZN (AOI21_X1)
   0.03    3.18 v _8118_/ZN (OAI21_X1)
   0.05    3.23 ^ _8119_/ZN (AOI21_X1)
   0.03    3.26 v _8120_/ZN (OAI21_X1)
   0.05    3.31 ^ _8121_/ZN (AOI21_X1)
   0.03    3.33 v _8122_/ZN (OAI21_X1)
   0.05    3.38 ^ _8123_/ZN (AOI21_X1)
   0.03    3.40 v _8124_/ZN (OAI21_X1)
   0.05    3.45 ^ _8125_/ZN (AOI21_X1)
   0.03    3.48 ^ _8139_/ZN (OR3_X1)
   0.02    3.51 v _8140_/ZN (NAND2_X1)
   0.11    3.61 ^ _8141_/ZN (NOR4_X1)
   0.04    3.65 v _8203_/ZN (NAND4_X1)
   0.08    3.74 v _8204_/ZN (OR3_X1)
   0.07    3.81 ^ _8206_/ZN (OAI211_X1)
   0.07    3.88 ^ _8220_/Z (BUF_X1)
   0.02    3.90 v _8259_/ZN (AOI21_X1)
   0.05    3.94 v _8260_/ZN (OR2_X1)
   0.00    3.94 v outA[1] (out)
           3.94   data arrival time

   5.00    5.00   clock clk (rise edge)
   0.00    5.00   clock network delay (ideal)
   0.00    5.00   clock reconvergence pessimism
   0.00    5.00   output external delay
           5.00   data required time
---------------------------------------------------------
           5.00   data required time
          -3.94   data arrival time
---------------------------------------------------------
           1.06   slack (MET)


Startpoint: b[4] (input port clocked by clk)
Endpoint: outA[8] (output port clocked by clk)
Path Group: clk
Path Type: max

  Delay    Time   Description
---------------------------------------------------------
   0.00    0.00   clock clk (rise edge)
   0.00    0.00   clock network delay (ideal)
   0.00    0.00 ^ input external delay
   0.00    0.00 ^ b[4] (in)
   0.05    0.05 ^ _4272_/Z (BUF_X1)
   0.06    0.11 ^ _4273_/Z (BUF_X1)
   0.03    0.15 v _4275_/ZN (AOI22_X1)
   0.09    0.24 v _4276_/ZN (OR3_X1)
   0.04    0.28 ^ _4279_/ZN (AOI21_X1)
   0.02    0.30 v _4317_/ZN (OAI21_X1)
   0.05    0.36 v _4321_/Z (XOR2_X1)
   0.09    0.45 v _4322_/ZN (OR3_X1)
   0.04    0.48 v _4324_/ZN (AND2_X1)
   0.06    0.54 v _4325_/Z (XOR2_X1)
   0.05    0.59 v _4326_/ZN (XNOR2_X1)
   0.06    0.65 v _4327_/Z (XOR2_X1)
   0.03    0.68 ^ _5425_/ZN (AOI21_X1)
   0.02    0.70 v _5426_/ZN (OAI21_X1)
   0.04    0.74 ^ _5427_/ZN (AOI21_X1)
   0.02    0.76 v _5429_/ZN (OAI21_X1)
   0.04    0.80 ^ _5430_/ZN (AOI21_X1)
   0.02    0.83 v _5431_/ZN (OAI21_X1)
   0.05    0.87 ^ _5432_/ZN (AOI21_X1)
   0.03    0.90 v _5433_/ZN (OAI21_X1)
   0.05    0.95 ^ _5434_/ZN (AOI21_X1)
   0.03    0.97 v _5435_/ZN (OAI21_X1)
   0.05    1.02 v _5441_/ZN (XNOR2_X1)
   0.07    1.09 v _5468_/Z (XOR2_X1)
   0.07    1.16 ^ _5469_/ZN (AOI211_X1)
   0.12    1.27 ^ _5608_/Z (XOR2_X1)
   0.06    1.33 ^ _6112_/ZN (XNOR2_X1)
   0.02    1.35 v _6118_/ZN (OAI21_X1)
   0.05    1.40 ^ _6119_/ZN (AOI21_X1)
   0.03    1.42 v _6121_/ZN (OAI21_X1)
   0.05    1.47 ^ _6122_/ZN (AOI21_X1)
   0.03    1.50 v _6124_/ZN (OAI21_X1)
   0.05    1.55 ^ _6125_/ZN (AOI21_X1)
   0.03    1.58 v _6127_/ZN (OAI21_X1)
   0.05    1.63 ^ _6128_/ZN (AOI21_X1)
   0.07    1.70 ^ _7856_/Z (XOR2_X1)
   0.04    1.73 ^ _7857_/ZN (AND2_X1)
   0.01    1.75 v _7883_/ZN (AOI21_X1)
   0.05    1.80 ^ _7884_/ZN (OAI21_X1)
   0.02    1.82 v _7885_/ZN (AOI21_X1)
   0.05    1.87 ^ _7886_/ZN (OAI21_X1)
   0.02    1.89 v _7888_/ZN (AOI21_X1)
   0.05    1.94 ^ _7889_/ZN (OAI21_X1)
   0.02    1.96 v _7890_/ZN (AOI21_X1)
   0.04    2.00 ^ _7892_/ZN (OAI21_X1)
   0.02    2.03 v _7894_/ZN (AOI21_X1)
   0.05    2.07 ^ _7895_/ZN (OAI21_X1)
   0.02    2.10 v _7896_/ZN (AOI21_X1)
   0.05    2.14 ^ _7897_/ZN (OAI21_X1)
   0.02    2.17 v _7898_/ZN (AOI21_X1)
   0.05    2.22 ^ _7899_/ZN (OAI21_X1)
   0.03    2.25 v _7900_/ZN (AOI211_X1)
   0.11    2.36 ^ _7901_/ZN (OAI33_X1)
   0.03    2.39 v _7904_/ZN (OAI211_X1)
   0.04    2.44 v _7914_/ZN (AND3_X1)
   0.03    2.47 ^ _7915_/ZN (NOR2_X1)
   0.03    2.50 v _7957_/ZN (NAND3_X1)
   0.13    2.63 v _7958_/ZN (OR4_X1)
   0.09    2.71 ^ _7973_/ZN (OAI21_X1)
   0.04    2.75 v _8101_/ZN (AOI21_X1)
   0.09    2.84 v _8107_/ZN (OR3_X1)
   0.04    2.88 ^ _8109_/ZN (AOI21_X1)
   0.02    2.90 v _8110_/ZN (OAI21_X1)
   0.05    2.95 ^ _8111_/ZN (AOI21_X1)
   0.03    2.97 v _8112_/ZN (OAI21_X1)
   0.05    3.02 ^ _8113_/ZN (AOI21_X1)
   0.03    3.05 v _8114_/ZN (OAI21_X1)
   0.04    3.08 ^ _8115_/ZN (AOI21_X1)
   0.03    3.11 v _8116_/ZN (OAI21_X1)
   0.04    3.15 ^ _8117_/ZN (AOI21_X1)
   0.03    3.18 v _8118_/ZN (OAI21_X1)
   0.05    3.23 ^ _8119_/ZN (AOI21_X1)
   0.03    3.26 v _8120_/ZN (OAI21_X1)
   0.05    3.31 ^ _8121_/ZN (AOI21_X1)
   0.03    3.33 v _8122_/ZN (OAI21_X1)
   0.05    3.38 ^ _8123_/ZN (AOI21_X1)
   0.03    3.40 v _8124_/ZN (OAI21_X1)
   0.05    3.45 ^ _8125_/ZN (AOI21_X1)
   0.03    3.48 ^ _8139_/ZN (OR3_X1)
   0.02    3.51 v _8140_/ZN (NAND2_X1)
   0.11    3.61 ^ _8141_/ZN (NOR4_X1)
   0.04    3.65 v _8203_/ZN (NAND4_X1)
   0.08    3.74 v _8204_/ZN (OR3_X1)
   0.07    3.81 ^ _8206_/ZN (OAI211_X1)
   0.07    3.88 ^ _8220_/Z (BUF_X1)
   0.05    3.93 ^ _8242_/ZN (AND3_X1)
   0.01    3.94 v _8243_/ZN (OAI22_X1)
   0.00    3.94 v outA[8] (out)
           3.94   data arrival time

   5.00    5.00   clock clk (rise edge)
   0.00    5.00   clock network delay (ideal)
   0.00    5.00   clock reconvergence pessimism
   0.00    5.00   output external delay
           5.00   data required time
---------------------------------------------------------
           5.00   data required time
          -3.94   data arrival time
---------------------------------------------------------
           1.06   slack (MET)


Startpoint: b[4] (input port clocked by clk)
Endpoint: outA[6] (output port clocked by clk)
Path Group: clk
Path Type: max

  Delay    Time   Description
---------------------------------------------------------
   0.00    0.00   clock clk (rise edge)
   0.00    0.00   clock network delay (ideal)
   0.00    0.00 ^ input external delay
   0.00    0.00 ^ b[4] (in)
   0.05    0.05 ^ _4272_/Z (BUF_X1)
   0.06    0.11 ^ _4273_/Z (BUF_X1)
   0.03    0.15 v _4275_/ZN (AOI22_X1)
   0.09    0.24 v _4276_/ZN (OR3_X1)
   0.04    0.28 ^ _4279_/ZN (AOI21_X1)
   0.02    0.30 v _4317_/ZN (OAI21_X1)
   0.05    0.36 v _4321_/Z (XOR2_X1)
   0.09    0.45 v _4322_/ZN (OR3_X1)
   0.04    0.48 v _4324_/ZN (AND2_X1)
   0.06    0.54 v _4325_/Z (XOR2_X1)
   0.05    0.59 v _4326_/ZN (XNOR2_X1)
   0.06    0.65 v _4327_/Z (XOR2_X1)
   0.03    0.68 ^ _5425_/ZN (AOI21_X1)
   0.02    0.70 v _5426_/ZN (OAI21_X1)
   0.04    0.74 ^ _5427_/ZN (AOI21_X1)
   0.02    0.76 v _5429_/ZN (OAI21_X1)
   0.04    0.80 ^ _5430_/ZN (AOI21_X1)
   0.02    0.83 v _5431_/ZN (OAI21_X1)
   0.05    0.87 ^ _5432_/ZN (AOI21_X1)
   0.03    0.90 v _5433_/ZN (OAI21_X1)
   0.05    0.95 ^ _5434_/ZN (AOI21_X1)
   0.03    0.97 v _5435_/ZN (OAI21_X1)
   0.05    1.02 v _5441_/ZN (XNOR2_X1)
   0.07    1.09 v _5468_/Z (XOR2_X1)
   0.07    1.16 ^ _5469_/ZN (AOI211_X1)
   0.12    1.27 ^ _5608_/Z (XOR2_X1)
   0.06    1.33 ^ _6112_/ZN (XNOR2_X1)
   0.02    1.35 v _6118_/ZN (OAI21_X1)
   0.05    1.40 ^ _6119_/ZN (AOI21_X1)
   0.03    1.42 v _6121_/ZN (OAI21_X1)
   0.05    1.47 ^ _6122_/ZN (AOI21_X1)
   0.03    1.50 v _6124_/ZN (OAI21_X1)
   0.05    1.55 ^ _6125_/ZN (AOI21_X1)
   0.03    1.58 v _6127_/ZN (OAI21_X1)
   0.05    1.63 ^ _6128_/ZN (AOI21_X1)
   0.07    1.70 ^ _7856_/Z (XOR2_X1)
   0.04    1.73 ^ _7857_/ZN (AND2_X1)
   0.01    1.75 v _7883_/ZN (AOI21_X1)
   0.05    1.80 ^ _7884_/ZN (OAI21_X1)
   0.02    1.82 v _7885_/ZN (AOI21_X1)
   0.05    1.87 ^ _7886_/ZN (OAI21_X1)
   0.02    1.89 v _7888_/ZN (AOI21_X1)
   0.05    1.94 ^ _7889_/ZN (OAI21_X1)
   0.02    1.96 v _7890_/ZN (AOI21_X1)
   0.04    2.00 ^ _7892_/ZN (OAI21_X1)
   0.02    2.03 v _7894_/ZN (AOI21_X1)
   0.05    2.07 ^ _7895_/ZN (OAI21_X1)
   0.02    2.10 v _7896_/ZN (AOI21_X1)
   0.05    2.14 ^ _7897_/ZN (OAI21_X1)
   0.02    2.17 v _7898_/ZN (AOI21_X1)
   0.05    2.22 ^ _7899_/ZN (OAI21_X1)
   0.03    2.25 v _7900_/ZN (AOI211_X1)
   0.11    2.36 ^ _7901_/ZN (OAI33_X1)
   0.03    2.39 v _7904_/ZN (OAI211_X1)
   0.04    2.44 v _7914_/ZN (AND3_X1)
   0.03    2.47 ^ _7915_/ZN (NOR2_X1)
   0.03    2.50 v _7957_/ZN (NAND3_X1)
   0.13    2.63 v _7958_/ZN (OR4_X1)
   0.09    2.71 ^ _7973_/ZN (OAI21_X1)
   0.04    2.75 v _8101_/ZN (AOI21_X1)
   0.09    2.84 v _8107_/ZN (OR3_X1)
   0.04    2.88 ^ _8109_/ZN (AOI21_X1)
   0.02    2.90 v _8110_/ZN (OAI21_X1)
   0.05    2.95 ^ _8111_/ZN (AOI21_X1)
   0.03    2.97 v _8112_/ZN (OAI21_X1)
   0.05    3.02 ^ _8113_/ZN (AOI21_X1)
   0.03    3.05 v _8114_/ZN (OAI21_X1)
   0.04    3.08 ^ _8115_/ZN (AOI21_X1)
   0.03    3.11 v _8116_/ZN (OAI21_X1)
   0.04    3.15 ^ _8117_/ZN (AOI21_X1)
   0.03    3.18 v _8118_/ZN (OAI21_X1)
   0.05    3.23 ^ _8119_/ZN (AOI21_X1)
   0.03    3.26 v _8120_/ZN (OAI21_X1)
   0.05    3.31 ^ _8121_/ZN (AOI21_X1)
   0.03    3.33 v _8122_/ZN (OAI21_X1)
   0.05    3.38 ^ _8123_/ZN (AOI21_X1)
   0.03    3.40 v _8124_/ZN (OAI21_X1)
   0.05    3.45 ^ _8125_/ZN (AOI21_X1)
   0.03    3.48 ^ _8139_/ZN (OR3_X1)
   0.02    3.51 v _8140_/ZN (NAND2_X1)
   0.11    3.61 ^ _8141_/ZN (NOR4_X1)
   0.04    3.65 v _8203_/ZN (NAND4_X1)
   0.08    3.74 v _8204_/ZN (OR3_X1)
   0.07    3.81 ^ _8206_/ZN (OAI211_X1)
   0.07    3.88 ^ _8220_/Z (BUF_X1)
   0.02    3.90 v _8246_/ZN (AOI21_X1)
   0.05    3.94 v _8247_/ZN (OR2_X1)
   0.00    3.94 v outA[6] (out)
           3.94   data arrival time

   5.00    5.00   clock clk (rise edge)
   0.00    5.00   clock network delay (ideal)
   0.00    5.00   clock reconvergence pessimism
   0.00    5.00   output external delay
           5.00   data required time
---------------------------------------------------------
           5.00   data required time
          -3.94   data arrival time
---------------------------------------------------------
           1.06   slack (MET)


Startpoint: b[4] (input port clocked by clk)
Endpoint: outA[21] (output port clocked by clk)
Path Group: clk
Path Type: max

  Delay    Time   Description
---------------------------------------------------------
   0.00    0.00   clock clk (rise edge)
   0.00    0.00   clock network delay (ideal)
   0.00    0.00 ^ input external delay
   0.00    0.00 ^ b[4] (in)
   0.05    0.05 ^ _4272_/Z (BUF_X1)
   0.06    0.11 ^ _4273_/Z (BUF_X1)
   0.03    0.15 v _4275_/ZN (AOI22_X1)
   0.09    0.24 v _4276_/ZN (OR3_X1)
   0.04    0.28 ^ _4279_/ZN (AOI21_X1)
   0.02    0.30 v _4317_/ZN (OAI21_X1)
   0.05    0.36 v _4321_/Z (XOR2_X1)
   0.09    0.45 v _4322_/ZN (OR3_X1)
   0.04    0.48 v _4324_/ZN (AND2_X1)
   0.06    0.54 v _4325_/Z (XOR2_X1)
   0.05    0.59 v _4326_/ZN (XNOR2_X1)
   0.06    0.65 v _4327_/Z (XOR2_X1)
   0.03    0.68 ^ _5425_/ZN (AOI21_X1)
   0.02    0.70 v _5426_/ZN (OAI21_X1)
   0.04    0.74 ^ _5427_/ZN (AOI21_X1)
   0.02    0.76 v _5429_/ZN (OAI21_X1)
   0.04    0.80 ^ _5430_/ZN (AOI21_X1)
   0.02    0.83 v _5431_/ZN (OAI21_X1)
   0.05    0.87 ^ _5432_/ZN (AOI21_X1)
   0.03    0.90 v _5433_/ZN (OAI21_X1)
   0.05    0.95 ^ _5434_/ZN (AOI21_X1)
   0.03    0.97 v _5435_/ZN (OAI21_X1)
   0.05    1.02 v _5441_/ZN (XNOR2_X1)
   0.07    1.09 v _5468_/Z (XOR2_X1)
   0.07    1.16 ^ _5469_/ZN (AOI211_X1)
   0.12    1.27 ^ _5608_/Z (XOR2_X1)
   0.06    1.33 ^ _6112_/ZN (XNOR2_X1)
   0.02    1.35 v _6118_/ZN (OAI21_X1)
   0.05    1.40 ^ _6119_/ZN (AOI21_X1)
   0.03    1.42 v _6121_/ZN (OAI21_X1)
   0.05    1.47 ^ _6122_/ZN (AOI21_X1)
   0.03    1.50 v _6124_/ZN (OAI21_X1)
   0.05    1.55 ^ _6125_/ZN (AOI21_X1)
   0.03    1.58 v _6127_/ZN (OAI21_X1)
   0.05    1.63 ^ _6128_/ZN (AOI21_X1)
   0.07    1.70 ^ _7856_/Z (XOR2_X1)
   0.04    1.73 ^ _7857_/ZN (AND2_X1)
   0.01    1.75 v _7883_/ZN (AOI21_X1)
   0.05    1.80 ^ _7884_/ZN (OAI21_X1)
   0.02    1.82 v _7885_/ZN (AOI21_X1)
   0.05    1.87 ^ _7886_/ZN (OAI21_X1)
   0.02    1.89 v _7888_/ZN (AOI21_X1)
   0.05    1.94 ^ _7889_/ZN (OAI21_X1)
   0.02    1.96 v _7890_/ZN (AOI21_X1)
   0.04    2.00 ^ _7892_/ZN (OAI21_X1)
   0.02    2.03 v _7894_/ZN (AOI21_X1)
   0.05    2.07 ^ _7895_/ZN (OAI21_X1)
   0.02    2.10 v _7896_/ZN (AOI21_X1)
   0.05    2.14 ^ _7897_/ZN (OAI21_X1)
   0.02    2.17 v _7898_/ZN (AOI21_X1)
   0.05    2.22 ^ _7899_/ZN (OAI21_X1)
   0.03    2.25 v _7900_/ZN (AOI211_X1)
   0.11    2.36 ^ _7901_/ZN (OAI33_X1)
   0.03    2.39 v _7904_/ZN (OAI211_X1)
   0.04    2.44 v _7914_/ZN (AND3_X1)
   0.03    2.47 ^ _7915_/ZN (NOR2_X1)
   0.03    2.50 v _7957_/ZN (NAND3_X1)
   0.13    2.63 v _7958_/ZN (OR4_X1)
   0.09    2.71 ^ _7973_/ZN (OAI21_X1)
   0.04    2.75 v _8101_/ZN (AOI21_X1)
   0.09    2.84 v _8107_/ZN (OR3_X1)
   0.04    2.88 ^ _8109_/ZN (AOI21_X1)
   0.02    2.90 v _8110_/ZN (OAI21_X1)
   0.05    2.95 ^ _8111_/ZN (AOI21_X1)
   0.03    2.97 v _8112_/ZN (OAI21_X1)
   0.05    3.02 ^ _8113_/ZN (AOI21_X1)
   0.03    3.05 v _8114_/ZN (OAI21_X1)
   0.04    3.08 ^ _8115_/ZN (AOI21_X1)
   0.03    3.11 v _8116_/ZN (OAI21_X1)
   0.04    3.15 ^ _8117_/ZN (AOI21_X1)
   0.03    3.18 v _8118_/ZN (OAI21_X1)
   0.05    3.23 ^ _8119_/ZN (AOI21_X1)
   0.03    3.26 v _8120_/ZN (OAI21_X1)
   0.05    3.31 ^ _8121_/ZN (AOI21_X1)
   0.03    3.33 v _8122_/ZN (OAI21_X1)
   0.05    3.38 ^ _8123_/ZN (AOI21_X1)
   0.03    3.40 v _8124_/ZN (OAI21_X1)
   0.05    3.45 ^ _8125_/ZN (AOI21_X1)
   0.03    3.48 ^ _8139_/ZN (OR3_X1)
   0.02    3.51 v _8140_/ZN (NAND2_X1)
   0.11    3.61 ^ _8141_/ZN (NOR4_X1)
   0.04    3.65 v _8203_/ZN (NAND4_X1)
   0.08    3.74 v _8204_/ZN (OR3_X1)
   0.07    3.81 ^ _8206_/ZN (OAI211_X1)
   0.08    3.89 ^ _8207_/ZN (AND4_X1)
   0.02    3.91 v _8208_/ZN (NAND2_X1)
   0.03    3.94 v _8209_/ZN (XNOR2_X1)
   0.00    3.94 v outA[21] (out)
           3.94   data arrival time

   5.00    5.00   clock clk (rise edge)
   0.00    5.00   clock network delay (ideal)
   0.00    5.00   clock reconvergence pessimism
   0.00    5.00   output external delay
           5.00   data required time
---------------------------------------------------------
           5.00   data required time
          -3.94   data arrival time
---------------------------------------------------------
           1.06   slack (MET)


Startpoint: b[4] (input port clocked by clk)
Endpoint: outA[14] (output port clocked by clk)
Path Group: clk
Path Type: max

  Delay    Time   Description
---------------------------------------------------------
   0.00    0.00   clock clk (rise edge)
   0.00    0.00   clock network delay (ideal)
   0.00    0.00 ^ input external delay
   0.00    0.00 ^ b[4] (in)
   0.05    0.05 ^ _4272_/Z (BUF_X1)
   0.06    0.11 ^ _4273_/Z (BUF_X1)
   0.03    0.15 v _4275_/ZN (AOI22_X1)
   0.09    0.24 v _4276_/ZN (OR3_X1)
   0.04    0.28 ^ _4279_/ZN (AOI21_X1)
   0.02    0.30 v _4317_/ZN (OAI21_X1)
   0.05    0.36 v _4321_/Z (XOR2_X1)
   0.09    0.45 v _4322_/ZN (OR3_X1)
   0.04    0.48 v _4324_/ZN (AND2_X1)
   0.06    0.54 v _4325_/Z (XOR2_X1)
   0.05    0.59 v _4326_/ZN (XNOR2_X1)
   0.06    0.65 v _4327_/Z (XOR2_X1)
   0.03    0.68 ^ _5425_/ZN (AOI21_X1)
   0.02    0.70 v _5426_/ZN (OAI21_X1)
   0.04    0.74 ^ _5427_/ZN (AOI21_X1)
   0.02    0.76 v _5429_/ZN (OAI21_X1)
   0.04    0.80 ^ _5430_/ZN (AOI21_X1)
   0.02    0.83 v _5431_/ZN (OAI21_X1)
   0.05    0.87 ^ _5432_/ZN (AOI21_X1)
   0.03    0.90 v _5433_/ZN (OAI21_X1)
   0.05    0.95 ^ _5434_/ZN (AOI21_X1)
   0.03    0.97 v _5435_/ZN (OAI21_X1)
   0.05    1.02 v _5441_/ZN (XNOR2_X1)
   0.07    1.09 v _5468_/Z (XOR2_X1)
   0.07    1.16 ^ _5469_/ZN (AOI211_X1)
   0.12    1.27 ^ _5608_/Z (XOR2_X1)
   0.06    1.33 ^ _6112_/ZN (XNOR2_X1)
   0.02    1.35 v _6118_/ZN (OAI21_X1)
   0.05    1.40 ^ _6119_/ZN (AOI21_X1)
   0.03    1.42 v _6121_/ZN (OAI21_X1)
   0.05    1.47 ^ _6122_/ZN (AOI21_X1)
   0.03    1.50 v _6124_/ZN (OAI21_X1)
   0.05    1.55 ^ _6125_/ZN (AOI21_X1)
   0.03    1.58 v _6127_/ZN (OAI21_X1)
   0.05    1.63 ^ _6128_/ZN (AOI21_X1)
   0.07    1.70 ^ _7856_/Z (XOR2_X1)
   0.04    1.73 ^ _7857_/ZN (AND2_X1)
   0.01    1.75 v _7883_/ZN (AOI21_X1)
   0.05    1.80 ^ _7884_/ZN (OAI21_X1)
   0.02    1.82 v _7885_/ZN (AOI21_X1)
   0.05    1.87 ^ _7886_/ZN (OAI21_X1)
   0.02    1.89 v _7888_/ZN (AOI21_X1)
   0.05    1.94 ^ _7889_/ZN (OAI21_X1)
   0.02    1.96 v _7890_/ZN (AOI21_X1)
   0.04    2.00 ^ _7892_/ZN (OAI21_X1)
   0.02    2.03 v _7894_/ZN (AOI21_X1)
   0.05    2.07 ^ _7895_/ZN (OAI21_X1)
   0.02    2.10 v _7896_/ZN (AOI21_X1)
   0.05    2.14 ^ _7897_/ZN (OAI21_X1)
   0.02    2.17 v _7898_/ZN (AOI21_X1)
   0.05    2.22 ^ _7899_/ZN (OAI21_X1)
   0.03    2.25 v _7900_/ZN (AOI211_X1)
   0.11    2.36 ^ _7901_/ZN (OAI33_X1)
   0.03    2.39 v _7904_/ZN (OAI211_X1)
   0.04    2.44 v _7914_/ZN (AND3_X1)
   0.03    2.47 ^ _7915_/ZN (NOR2_X1)
   0.03    2.50 v _7957_/ZN (NAND3_X1)
   0.13    2.63 v _7958_/ZN (OR4_X1)
   0.09    2.71 ^ _7973_/ZN (OAI21_X1)
   0.04    2.75 v _8101_/ZN (AOI21_X1)
   0.09    2.84 v _8107_/ZN (OR3_X1)
   0.04    2.88 ^ _8109_/ZN (AOI21_X1)
   0.02    2.90 v _8110_/ZN (OAI21_X1)
   0.05    2.95 ^ _8111_/ZN (AOI21_X1)
   0.03    2.97 v _8112_/ZN (OAI21_X1)
   0.05    3.02 ^ _8113_/ZN (AOI21_X1)
   0.03    3.05 v _8114_/ZN (OAI21_X1)
   0.04    3.08 ^ _8115_/ZN (AOI21_X1)
   0.03    3.11 v _8116_/ZN (OAI21_X1)
   0.04    3.15 ^ _8117_/ZN (AOI21_X1)
   0.03    3.18 v _8118_/ZN (OAI21_X1)
   0.05    3.23 ^ _8119_/ZN (AOI21_X1)
   0.03    3.26 v _8120_/ZN (OAI21_X1)
   0.05    3.31 ^ _8121_/ZN (AOI21_X1)
   0.03    3.33 v _8122_/ZN (OAI21_X1)
   0.05    3.38 ^ _8123_/ZN (AOI21_X1)
   0.03    3.40 v _8124_/ZN (OAI21_X1)
   0.05    3.45 ^ _8125_/ZN (AOI21_X1)
   0.03    3.48 ^ _8139_/ZN (OR3_X1)
   0.02    3.51 v _8140_/ZN (NAND2_X1)
   0.11    3.61 ^ _8141_/ZN (NOR4_X1)
   0.04    3.65 v _8203_/ZN (NAND4_X1)
   0.08    3.74 v _8204_/ZN (OR3_X1)
   0.07    3.81 ^ _8206_/ZN (OAI211_X1)
   0.07    3.88 ^ _8220_/Z (BUF_X1)
   0.05    3.93 ^ _8221_/ZN (AND3_X1)
   0.01    3.94 v _8226_/ZN (NOR2_X1)
   0.00    3.94 v outA[14] (out)
           3.94   data arrival time

   5.00    5.00   clock clk (rise edge)
   0.00    5.00   clock network delay (ideal)
   0.00    5.00   clock reconvergence pessimism
   0.00    5.00   output external delay
           5.00   data required time
---------------------------------------------------------
           5.00   data required time
          -3.94   data arrival time
---------------------------------------------------------
           1.06   slack (MET)


Startpoint: b[4] (input port clocked by clk)
Endpoint: outA[19] (output port clocked by clk)
Path Group: clk
Path Type: max

  Delay    Time   Description
---------------------------------------------------------
   0.00    0.00   clock clk (rise edge)
   0.00    0.00   clock network delay (ideal)
   0.00    0.00 ^ input external delay
   0.00    0.00 ^ b[4] (in)
   0.05    0.05 ^ _4272_/Z (BUF_X1)
   0.06    0.11 ^ _4273_/Z (BUF_X1)
   0.03    0.15 v _4275_/ZN (AOI22_X1)
   0.09    0.24 v _4276_/ZN (OR3_X1)
   0.04    0.28 ^ _4279_/ZN (AOI21_X1)
   0.02    0.30 v _4317_/ZN (OAI21_X1)
   0.05    0.36 v _4321_/Z (XOR2_X1)
   0.09    0.45 v _4322_/ZN (OR3_X1)
   0.04    0.48 v _4324_/ZN (AND2_X1)
   0.06    0.54 v _4325_/Z (XOR2_X1)
   0.05    0.59 v _4326_/ZN (XNOR2_X1)
   0.06    0.65 v _4327_/Z (XOR2_X1)
   0.03    0.68 ^ _5425_/ZN (AOI21_X1)
   0.02    0.70 v _5426_/ZN (OAI21_X1)
   0.04    0.74 ^ _5427_/ZN (AOI21_X1)
   0.02    0.76 v _5429_/ZN (OAI21_X1)
   0.04    0.80 ^ _5430_/ZN (AOI21_X1)
   0.02    0.83 v _5431_/ZN (OAI21_X1)
   0.05    0.87 ^ _5432_/ZN (AOI21_X1)
   0.03    0.90 v _5433_/ZN (OAI21_X1)
   0.05    0.95 ^ _5434_/ZN (AOI21_X1)
   0.03    0.97 v _5435_/ZN (OAI21_X1)
   0.05    1.02 v _5441_/ZN (XNOR2_X1)
   0.07    1.09 v _5468_/Z (XOR2_X1)
   0.07    1.16 ^ _5469_/ZN (AOI211_X1)
   0.12    1.27 ^ _5608_/Z (XOR2_X1)
   0.06    1.33 ^ _6112_/ZN (XNOR2_X1)
   0.02    1.35 v _6118_/ZN (OAI21_X1)
   0.05    1.40 ^ _6119_/ZN (AOI21_X1)
   0.03    1.42 v _6121_/ZN (OAI21_X1)
   0.05    1.47 ^ _6122_/ZN (AOI21_X1)
   0.03    1.50 v _6124_/ZN (OAI21_X1)
   0.05    1.55 ^ _6125_/ZN (AOI21_X1)
   0.03    1.58 v _6127_/ZN (OAI21_X1)
   0.05    1.63 ^ _6128_/ZN (AOI21_X1)
   0.07    1.70 ^ _7856_/Z (XOR2_X1)
   0.04    1.73 ^ _7857_/ZN (AND2_X1)
   0.01    1.75 v _7883_/ZN (AOI21_X1)
   0.05    1.80 ^ _7884_/ZN (OAI21_X1)
   0.02    1.82 v _7885_/ZN (AOI21_X1)
   0.05    1.87 ^ _7886_/ZN (OAI21_X1)
   0.02    1.89 v _7888_/ZN (AOI21_X1)
   0.05    1.94 ^ _7889_/ZN (OAI21_X1)
   0.02    1.96 v _7890_/ZN (AOI21_X1)
   0.04    2.00 ^ _7892_/ZN (OAI21_X1)
   0.02    2.03 v _7894_/ZN (AOI21_X1)
   0.05    2.07 ^ _7895_/ZN (OAI21_X1)
   0.02    2.10 v _7896_/ZN (AOI21_X1)
   0.05    2.14 ^ _7897_/ZN (OAI21_X1)
   0.02    2.17 v _7898_/ZN (AOI21_X1)
   0.05    2.22 ^ _7899_/ZN (OAI21_X1)
   0.03    2.25 v _7900_/ZN (AOI211_X1)
   0.11    2.36 ^ _7901_/ZN (OAI33_X1)
   0.03    2.39 v _7904_/ZN (OAI211_X1)
   0.04    2.44 v _7914_/ZN (AND3_X1)
   0.03    2.47 ^ _7915_/ZN (NOR2_X1)
   0.03    2.50 v _7957_/ZN (NAND3_X1)
   0.13    2.63 v _7958_/ZN (OR4_X1)
   0.09    2.71 ^ _7973_/ZN (OAI21_X1)
   0.04    2.75 v _8101_/ZN (AOI21_X1)
   0.09    2.84 v _8107_/ZN (OR3_X1)
   0.04    2.88 ^ _8109_/ZN (AOI21_X1)
   0.02    2.90 v _8110_/ZN (OAI21_X1)
   0.05    2.95 ^ _8111_/ZN (AOI21_X1)
   0.03    2.97 v _8112_/ZN (OAI21_X1)
   0.05    3.02 ^ _8113_/ZN (AOI21_X1)
   0.03    3.05 v _8114_/ZN (OAI21_X1)
   0.04    3.08 ^ _8115_/ZN (AOI21_X1)
   0.03    3.11 v _8116_/ZN (OAI21_X1)
   0.04    3.15 ^ _8117_/ZN (AOI21_X1)
   0.03    3.18 v _8118_/ZN (OAI21_X1)
   0.05    3.23 ^ _8119_/ZN (AOI21_X1)
   0.03    3.26 v _8120_/ZN (OAI21_X1)
   0.05    3.31 ^ _8121_/ZN (AOI21_X1)
   0.03    3.33 v _8122_/ZN (OAI21_X1)
   0.05    3.38 ^ _8123_/ZN (AOI21_X1)
   0.03    3.40 v _8124_/ZN (OAI21_X1)
   0.05    3.45 ^ _8125_/ZN (AOI21_X1)
   0.03    3.48 ^ _8139_/ZN (OR3_X1)
   0.02    3.51 v _8140_/ZN (NAND2_X1)
   0.11    3.61 ^ _8141_/ZN (NOR4_X1)
   0.04    3.65 v _8203_/ZN (NAND4_X1)
   0.08    3.74 v _8204_/ZN (OR3_X1)
   0.07    3.81 ^ _8206_/ZN (OAI211_X1)
   0.05    3.86 v _8213_/ZN (NAND4_X1)
   0.05    3.90 ^ _8214_/ZN (OAI22_X1)
   0.03    3.93 ^ _8215_/ZN (AND2_X1)
   0.00    3.93 ^ outA[19] (out)
           3.93   data arrival time

   5.00    5.00   clock clk (rise edge)
   0.00    5.00   clock network delay (ideal)
   0.00    5.00   clock reconvergence pessimism
   0.00    5.00   output external delay
           5.00   data required time
---------------------------------------------------------
           5.00   data required time
          -3.93   data arrival time
---------------------------------------------------------
           1.07   slack (MET)


Startpoint: b[4] (input port clocked by clk)
Endpoint: outA[5] (output port clocked by clk)
Path Group: clk
Path Type: max

  Delay    Time   Description
---------------------------------------------------------
   0.00    0.00   clock clk (rise edge)
   0.00    0.00   clock network delay (ideal)
   0.00    0.00 ^ input external delay
   0.00    0.00 ^ b[4] (in)
   0.05    0.05 ^ _4272_/Z (BUF_X1)
   0.06    0.11 ^ _4273_/Z (BUF_X1)
   0.03    0.15 v _4275_/ZN (AOI22_X1)
   0.09    0.24 v _4276_/ZN (OR3_X1)
   0.04    0.28 ^ _4279_/ZN (AOI21_X1)
   0.02    0.30 v _4317_/ZN (OAI21_X1)
   0.05    0.36 v _4321_/Z (XOR2_X1)
   0.09    0.45 v _4322_/ZN (OR3_X1)
   0.04    0.48 v _4324_/ZN (AND2_X1)
   0.06    0.54 v _4325_/Z (XOR2_X1)
   0.05    0.59 v _4326_/ZN (XNOR2_X1)
   0.06    0.65 v _4327_/Z (XOR2_X1)
   0.03    0.68 ^ _5425_/ZN (AOI21_X1)
   0.02    0.70 v _5426_/ZN (OAI21_X1)
   0.04    0.74 ^ _5427_/ZN (AOI21_X1)
   0.02    0.76 v _5429_/ZN (OAI21_X1)
   0.04    0.80 ^ _5430_/ZN (AOI21_X1)
   0.02    0.83 v _5431_/ZN (OAI21_X1)
   0.05    0.87 ^ _5432_/ZN (AOI21_X1)
   0.03    0.90 v _5433_/ZN (OAI21_X1)
   0.05    0.95 ^ _5434_/ZN (AOI21_X1)
   0.03    0.97 v _5435_/ZN (OAI21_X1)
   0.05    1.02 v _5441_/ZN (XNOR2_X1)
   0.07    1.09 v _5468_/Z (XOR2_X1)
   0.07    1.16 ^ _5469_/ZN (AOI211_X1)
   0.12    1.27 ^ _5608_/Z (XOR2_X1)
   0.06    1.33 ^ _6112_/ZN (XNOR2_X1)
   0.02    1.35 v _6118_/ZN (OAI21_X1)
   0.05    1.40 ^ _6119_/ZN (AOI21_X1)
   0.03    1.42 v _6121_/ZN (OAI21_X1)
   0.05    1.47 ^ _6122_/ZN (AOI21_X1)
   0.03    1.50 v _6124_/ZN (OAI21_X1)
   0.05    1.55 ^ _6125_/ZN (AOI21_X1)
   0.03    1.58 v _6127_/ZN (OAI21_X1)
   0.05    1.63 ^ _6128_/ZN (AOI21_X1)
   0.07    1.70 ^ _7856_/Z (XOR2_X1)
   0.04    1.73 ^ _7857_/ZN (AND2_X1)
   0.01    1.75 v _7883_/ZN (AOI21_X1)
   0.05    1.80 ^ _7884_/ZN (OAI21_X1)
   0.02    1.82 v _7885_/ZN (AOI21_X1)
   0.05    1.87 ^ _7886_/ZN (OAI21_X1)
   0.02    1.89 v _7888_/ZN (AOI21_X1)
   0.05    1.94 ^ _7889_/ZN (OAI21_X1)
   0.02    1.96 v _7890_/ZN (AOI21_X1)
   0.04    2.00 ^ _7892_/ZN (OAI21_X1)
   0.02    2.03 v _7894_/ZN (AOI21_X1)
   0.05    2.07 ^ _7895_/ZN (OAI21_X1)
   0.02    2.10 v _7896_/ZN (AOI21_X1)
   0.05    2.14 ^ _7897_/ZN (OAI21_X1)
   0.02    2.17 v _7898_/ZN (AOI21_X1)
   0.05    2.22 ^ _7899_/ZN (OAI21_X1)
   0.03    2.25 v _7900_/ZN (AOI211_X1)
   0.11    2.36 ^ _7901_/ZN (OAI33_X1)
   0.03    2.39 v _7904_/ZN (OAI211_X1)
   0.04    2.44 v _7914_/ZN (AND3_X1)
   0.03    2.47 ^ _7915_/ZN (NOR2_X1)
   0.03    2.50 v _7957_/ZN (NAND3_X1)
   0.13    2.63 v _7958_/ZN (OR4_X1)
   0.09    2.71 ^ _7973_/ZN (OAI21_X1)
   0.04    2.75 v _8101_/ZN (AOI21_X1)
   0.09    2.84 v _8107_/ZN (OR3_X1)
   0.04    2.88 ^ _8109_/ZN (AOI21_X1)
   0.02    2.90 v _8110_/ZN (OAI21_X1)
   0.05    2.95 ^ _8111_/ZN (AOI21_X1)
   0.03    2.97 v _8112_/ZN (OAI21_X1)
   0.05    3.02 ^ _8113_/ZN (AOI21_X1)
   0.03    3.05 v _8114_/ZN (OAI21_X1)
   0.04    3.08 ^ _8115_/ZN (AOI21_X1)
   0.03    3.11 v _8116_/ZN (OAI21_X1)
   0.04    3.15 ^ _8117_/ZN (AOI21_X1)
   0.03    3.18 v _8118_/ZN (OAI21_X1)
   0.05    3.23 ^ _8119_/ZN (AOI21_X1)
   0.03    3.26 v _8120_/ZN (OAI21_X1)
   0.05    3.31 ^ _8121_/ZN (AOI21_X1)
   0.03    3.33 v _8122_/ZN (OAI21_X1)
   0.05    3.38 ^ _8123_/ZN (AOI21_X1)
   0.03    3.40 v _8124_/ZN (OAI21_X1)
   0.05    3.45 ^ _8125_/ZN (AOI21_X1)
   0.03    3.48 ^ _8139_/ZN (OR3_X1)
   0.02    3.51 v _8140_/ZN (NAND2_X1)
   0.11    3.61 ^ _8141_/ZN (NOR4_X1)
   0.04    3.65 v _8203_/ZN (NAND4_X1)
   0.08    3.74 v _8204_/ZN (OR3_X1)
   0.07    3.81 ^ _8206_/ZN (OAI211_X1)
   0.07    3.88 ^ _8220_/Z (BUF_X1)
   0.02    3.90 v _8249_/ZN (NAND3_X1)
   0.02    3.92 ^ _8250_/ZN (NAND2_X1)
   0.01    3.93 v _8251_/ZN (NAND2_X1)
   0.00    3.93 v outA[5] (out)
           3.93   data arrival time

   5.00    5.00   clock clk (rise edge)
   0.00    5.00   clock network delay (ideal)
   0.00    5.00   clock reconvergence pessimism
   0.00    5.00   output external delay
           5.00   data required time
---------------------------------------------------------
           5.00   data required time
          -3.93   data arrival time
---------------------------------------------------------
           1.07   slack (MET)


