OpenSTA 3.1.0 3ce15f0f72 Copyright (c) 2026, Parallax Software, Inc.
License GPLv3: GNU GPL version 3 <http://gnu.org/licenses/gpl.html>

This is free software, and you are free to change and redistribute it
under certain conditions; type `show_copying' for details. 
This program comes with ABSOLUTELY NO WARRANTY; for details type `show_warranty'.
ML-DSA OpenSTA Analysis
===========================
Liberty File: /workspace/ML-DSA/lib/nangate45/NangateOpenCellLibrary_typical.lib
Netlist File: /workspace/ML-DSA/build/sta/Component.NTT.topEntity/NTT256/netlist/NTT256.sta.v
SDC File: /workspace/ML-DSA/build/sta/NTT256.sdc
Top Module: NTT256
Reports Dir: /workspace/ML-DSA/build/sta/Component.NTT.topEntity/NTT256/reports

Reading liberty file...
Reading netlist...
Linking design...
Reading timing constraints...
create_clock -name {clk} -period 5.000 -waveform {0.000 2.500} [get_ports {clk}]
Design setup completed.

Found 5892 input ports and 5889 output ports
Generating overall timing report...
Reporting overall timing to /workspace/ML-DSA/build/sta/Component.NTT.topEntity/NTT256/reports/timing/overall.rpt and /workspace/ML-DSA/build/sta/Component.NTT.topEntity/NTT256/reports/timing/overall.csv.rpt
Setting up path groups...
Found path groups: reg2reg reg2out in2reg in2out
Generating report for path group: reg2reg
Reporting reg2reg to /workspace/ML-DSA/build/sta/Component.NTT.topEntity/NTT256/reports/timing/reg2reg.rpt and /workspace/ML-DSA/build/sta/Component.NTT.topEntity/NTT256/reports/timing/reg2reg.csv.rpt
Generating report for path group: reg2out
Reporting reg2out to /workspace/ML-DSA/build/sta/Component.NTT.topEntity/NTT256/reports/timing/reg2out.rpt and /workspace/ML-DSA/build/sta/Component.NTT.topEntity/NTT256/reports/timing/reg2out.csv.rpt
Generating report for path group: in2reg
Reporting in2reg to /workspace/ML-DSA/build/sta/Component.NTT.topEntity/NTT256/reports/timing/in2reg.rpt and /workspace/ML-DSA/build/sta/Component.NTT.topEntity/NTT256/reports/timing/in2reg.csv.rpt
Generating report for path group: in2out
Reporting in2out to /workspace/ML-DSA/build/sta/Component.NTT.topEntity/NTT256/reports/timing/in2out.rpt and /workspace/ML-DSA/build/sta/Component.NTT.topEntity/NTT256/reports/timing/in2out.csv.rpt
Generating area report...
Generating clock report...
Generating summary metrics report...

Static timing analysis completed!
Reports available in: /workspace/ML-DSA/build/sta/Component.NTT.topEntity/NTT256/reports
